ARM Linker, 4.1 [Build 481] [Professional]

==============================================================================

Section Cross References

    commons.o(.text) refers to fleqf.o(x$fpl$fleqf) for __aeabi_cfcmple
    commons.o(.text) refers to frleqf.o(x$fpl$frleqf) for __aeabi_cfrcmple
    timer.o(.text) refers to aeabi_sdiv.o(.text_udiv) for __aeabi_uidivmod
    timer.o(.text) refers to spi.o(.text) for spi_dma_refill
    timer.o(.text) refers to timer.o(.data) for ppm_ms_clock
    timer.o(.text) refers to main.o(.bss) for myusb
    timer.o(.text) refers to main.o(.data) for smpl
    main.o(.text) refers to f2d.o(x$fpl$f2d) for __aeabi_f2d
    main.o(.text) refers to dmul.o(x$fpl$dmul) for __aeabi_dmul
    main.o(.text) refers to dfix.o(x$fpl$dfix) for __aeabi_d2iz
    main.o(.text) refers to aeabi_sdiv.o(.text) for __aeabi_idivmod
    main.o(.text) refers to controls.o(.text) for position_control
    main.o(.text) refers to usb.o(.text) for USB_write_Raspberry
    main.o(.text) refers to ms5611_spi.o(.text) for data2pressure
    main.o(.text) refers to ffix.o(x$fpl$ffix) for __aeabi_f2iz
    main.o(.text) refers to positionestimator.o(.text) for baro_pos_corr
    main.o(.text) refers to imu.o(.text) for continue_cps_read
    main.o(.text) refers to radiocontroller.o(.text) for get_rc
    main.o(.text) refers to pwm.o(.text) for motor_cut
    main.o(.text) refers to pio.o(.text) for led_ctrl
    main.o(.text) refers to adc.o(.text) for adc_get_converted
    main.o(.text) refers to xbee.o(.text) for refill_tx
    main.o(.text) refers to attitudeestimator.o(.text) for attitude_compute
    main.o(.text) refers to motormixer.o(.text) for put_motors
    main.o(.text) refers to fflt_noclz.o(x$fpl$fflt) for __aeabi_i2f
    main.o(.text) refers to faddsub_noclz.o(x$fpl$fadd) for __aeabi_fadd
    main.o(.text) refers to gps.o(.text) for get_gps_data
    main.o(.text) refers to fdiv.o(x$fpl$fdiv) for __aeabi_fdiv
    main.o(.text) refers to pit.o(.text) for pit_init
    main.o(.text) refers to timer.o(.text) for ppm_clock_init
    main.o(.text) refers to twi.o(.text) for twi_init
    main.o(.text) refers to hmc5883.o(.text) for hmc5883_config
    main.o(.text) refers to spi.o(.text) for spi_init
    main.o(.text) refers to mpu6000_spi.o(.text) for mpu6000_config
    main.o(.text) refers to main.o(.data) for cmd
    main.o(.text) refers to main.o(.bss) for sens
    test_cpp.o(.text) refers to test_cpp.o(i._ZN4math6VectorILj3EEC1Ev) for math::Vector<(unsigned)3>::Vector()
    test_cpp.o(.text) refers to test_cpp.o(t._ZN4math10VectorBaseILj3EEclEj) for math::VectorBase<(unsigned)3>::operator ()(unsigned)
    test_cpp.o(.text) refers to test_cpp.o(i._ZN4math6VectorILj3EEC1Efff) for math::Vector<(unsigned)3>::Vector(float, float, float)
    test_cpp.o(.text) refers to fmul.o(x$fpl$fmul) for __aeabi_fmul
    test_cpp.o(.text) refers to test_cpp.o(i._ZNK4math6VectorILj3EErmERKS1_) for math::Vector<(unsigned)3>::operator %(const math::Vector<(unsigned)3>&) const
    test_cpp.o(.text) refers to test_cpp.o(i._ZN4math6VectorILj3EEaSERKS1_) for math::Vector<(unsigned)3>::operator =(const math::Vector<(unsigned)3>&)
    test_cpp.o(.text) refers to test_cpp.o(i._ZN4math6VectorILj3EED1Ev) for math::Vector<(unsigned)3>::~Vector()
    test_cpp.o(.text) refers to rt_memcpy_w.o(.text) for __aeabi_memcpy4
    test_cpp.o(.text) refers to cxa_guard_acquire.o(i.__cxa_guard_acquire) for __cxa_guard_acquire
    test_cpp.o(.text) refers to test_cpp.o(i._ZN4math6MatrixILj3ELj3EEC1Ev) for math::Matrix<(unsigned)3, (unsigned)3>::Matrix()
    test_cpp.o(.text) refers to aeabi_atexit.o(i.__aeabi_atexit) for __aeabi_atexit
    test_cpp.o(.text) refers to test_cpp.o(i._ZNK4math6MatrixILj3ELj3EEmlERKNS_6VectorILj3EEE) for math::Matrix<(unsigned)3, (unsigned)3>::operator *(const math::Vector<(unsigned)3>&) const
    test_cpp.o(.text) refers to test_cpp.o(i._ZN4math6MatrixILj3ELj3EE8anti_symERKNS_6VectorILj3EEE) for math::Matrix<(unsigned)3, (unsigned)3>::anti_sym(const math::Vector<(unsigned)3>&)
    test_cpp.o(.text) refers to test_cpp.o(t._ZN4math10MatrixBaseILj3ELj3EEclEjj) for math::MatrixBase<(unsigned)3, (unsigned)3>::operator ()(unsigned, unsigned)
    test_cpp.o(.text) refers to test_cpp.o(i._ZN4math6MatrixILj3ELj3EED1Ev) for math::Matrix<(unsigned)3, (unsigned)3>::~Matrix()
    test_cpp.o(.text) refers to test_cpp.o(t._ZNK4math10MatrixBaseILj2ELj2EEclEjj) for math::MatrixBase<(unsigned)2, (unsigned)2>::operator ()(unsigned, unsigned) const
    test_cpp.o(.text) refers to faddsub_noclz.o(x$fpl$fsub) for __aeabi_fsub
    test_cpp.o(.text) refers to fdiv.o(x$fpl$fdiv) for __aeabi_fdiv
    test_cpp.o(.text) refers to test_cpp.o(t._ZN4math6MatrixILj2ELj2EEC1Ev) for math::Matrix<(unsigned)2, (unsigned)2>::Matrix()
    test_cpp.o(.text) refers to test_cpp.o(t._ZN4math10MatrixBaseILj2ELj2EEclEjj) for math::MatrixBase<(unsigned)2, (unsigned)2>::operator ()(unsigned, unsigned)
[...]
    dc.s                                     0x00000000   Number         0  dc.o ABSOLUTE
    RESET                                    0x00100000   Section      336  sam7.o(RESET)
    Undef_Handler                            0x00100040   ARM Code       4  sam7.o(RESET)
    SWI_Handler                              0x00100044   ARM Code       4  sam7.o(RESET)
    PAbt_Handler                             0x00100048   ARM Code       4  sam7.o(RESET)
    DAbt_Handler                             0x0010004c   ARM Code       4  sam7.o(RESET)
    IRQ_Handler                              0x00100050   ARM Code       4  sam7.o(RESET)
    FIQ_Handler                              0x00100054   ARM Code       4  sam7.o(RESET)
    !!!main                                  0x00100150   Section        8  __main.o(!!!main)
    !!!scatter                               0x00100158   Section       60  __scatter.o(!!!scatter)
    !!dczerorl2                              0x00100194   Section       92  __dczerorl2.o(!!dczerorl2)
    _decompress_loop                         0x0010019f   Thumb Code     0  __dczerorl2.o(!!dczerorl2)
    _decompress_zerolen                      0x001001ad   Thumb Code     0  __dczerorl2.o(!!dczerorl2)
    _decompress_litn                         0x001001b5   Thumb Code     0  __dczerorl2.o(!!dczerorl2)
    _decompress_lit                          0x001001b9   Thumb Code     0  __dczerorl2.o(!!dczerorl2)
    _decompress_copyorzero                   0x001001c5   Thumb Code     0  __dczerorl2.o(!!dczerorl2)
    _decompress_zero                         0x001001cd   Thumb Code     0  __dczerorl2.o(!!dczerorl2)
    _decompress_copyn                        0x001001d7   Thumb Code     0  __dczerorl2.o(!!dczerorl2)
    _decompress_copy                         0x001001df   Thumb Code     0  __dczerorl2.o(!!dczerorl2)
    _decompress_end                          0x001001eb   Thumb Code     0  __dczerorl2.o(!!dczerorl2)
    !!handler_zi                             0x001001f0   Section       44  __scatter_zi.o(!!handler_zi)
    .ARM.Collect$$libinit$$00000000          0x00100224   Section        6  libinit.o(.ARM.Collect$$libinit$$00000000)
    .ARM.Collect$$libinit$$00000006          0x0010022a   Section        0  libinit2.o(.ARM.Collect$$libinit$$00000006)
    .ARM.Collect$$libinit$$00000008          0x0010022a   Section        0  libinit2.o(.ARM.Collect$$libinit$$00000008)
    .ARM.Collect$$libinit$$0000000A          0x0010022a   Section        0  libinit2.o(.ARM.Collect$$libinit$$0000000A)
    .ARM.Collect$$libinit$$0000000D          0x0010022a   Section        0  libinit2.o(.ARM.Collect$$libinit$$0000000D)
    .ARM.Collect$$libinit$$0000000F          0x0010022a   Section        0  libinit2.o(.ARM.Collect$$libinit$$0000000F)
    .ARM.Collect$$libinit$$00000011          0x0010022a   Section        0  libinit2.o(.ARM.Collect$$libinit$$00000011)
    .ARM.Collect$$libinit$$00000013          0x0010022a   Section        0  libinit2.o(.ARM.Collect$$libinit$$00000013)
    .ARM.Collect$$libinit$$00000015          0x0010022a   Section        0  libinit2.o(.ARM.Collect$$libinit$$00000015)
    .ARM.Collect$$libinit$$00000017          0x0010022a   Section        0  libinit2.o(.ARM.Collect$$libinit$$00000017)
    .ARM.Collect$$libinit$$00000019          0x0010022a   Section        0  libinit2.o(.ARM.Collect$$libinit$$00000019)
    .ARM.Collect$$libinit$$0000001B          0x0010022a   Section        0  libinit2.o(.ARM.Collect$$libinit$$0000001B)
    .ARM.Collect$$libinit$$0000001D          0x0010022a   Section        0  libinit2.o(.ARM.Collect$$libinit$$0000001D)
    .ARM.Collect$$libinit$$0000001F          0x0010022a   Section        0  libinit2.o(.ARM.Collect$$libinit$$0000001F)
    .ARM.Collect$$libinit$$00000021          0x0010022a   Section        0  libinit2.o(.ARM.Collect$$libinit$$00000021)
    .ARM.Collect$$libinit$$00000028          0x0010022a   Section        0  libinit2.o(.ARM.Collect$$libinit$$00000028)
    .ARM.Collect$$libinit$$0000002A          0x0010022a   Section        0  libinit2.o(.ARM.Collect$$libinit$$0000002A)
    .ARM.Collect$$libinit$$0000002C          0x0010022a   Section        0  libinit2.o(.ARM.Collect$$libinit$$0000002C)
    .ARM.Collect$$libinit$$0000002E          0x0010022a   Section        0  libinit2.o(.ARM.Collect$$libinit$$0000002E)
    .ARM.Collect$$libinit$$0000002F          0x0010022a   Section       12  libinit2.o(.ARM.Collect$$libinit$$0000002F)
    .ARM.Collect$$libshutdown$$00000000      0x00100240   Section        4  libshutdown.o(.ARM.Collect$$libshutdown$$00000000)
    .ARM.Collect$$libshutdown$$00000003      0x00100244   Section        0  libshutdown2.o(.ARM.Collect$$libshutdown$$00000003)
    .ARM.Collect$$libshutdown$$00000006      0x00100244   Section        0  libshutdown2.o(.ARM.Collect$$libshutdown$$00000006)
    .ARM.Collect$$libshutdown$$00000009      0x00100244   Section        0  libshutdown2.o(.ARM.Collect$$libshutdown$$00000009)
    .ARM.Collect$$libshutdown$$0000000B      0x00100244   Section        0  libshutdown2.o(.ARM.Collect$$libshutdown$$0000000B)
    .ARM.Collect$$libshutdown$$0000000E      0x00100244   Section        0  libshutdown2.o(.ARM.Collect$$libshutdown$$0000000E)
    .ARM.Collect$$libshutdown$$0000000F      0x00100244   Section        6  libshutdown2.o(.ARM.Collect$$libshutdown$$0000000F)
    .ARM.Collect$$rtentry$$00000000          0x0010024c   Section        0  rtentry.o(.ARM.Collect$$rtentry$$00000000)
    .ARM.Collect$$rtentry$$00000002          0x0010024c   Section        0  rtentry2.o(.ARM.Collect$$rtentry$$00000002)
    .ARM.Collect$$rtentry$$00000004          0x0010024c   Section        8  rtentry4.o(.ARM.Collect$$rtentry$$00000004)
    .ARM.Collect$$rtentry$$00000009          0x00100254   Section        0  rtentry2.o(.ARM.Collect$$rtentry$$00000009)
    .ARM.Collect$$rtentry$$0000000A          0x00100254   Section        4  rtentry2.o(.ARM.Collect$$rtentry$$0000000A)
    .ARM.Collect$$rtentry$$0000000C          0x00100258   Section        0  rtentry2.o(.ARM.Collect$$rtentry$$0000000C)
    .ARM.Collect$$rtentry$$0000000D          0x00100258   Section       40  rtentry2.o(.ARM.Collect$$rtentry$$0000000D)
    .ARM.Collect$$rtexit$$00000000           0x00100284   Section        4  rtexit.o(.ARM.Collect$$rtexit$$00000000)
    .ARM.Collect$$rtexit$$00000002           0x00100288   Section        0  rtexit2.o(.ARM.Collect$$rtexit$$00000002)
    .ARM.Collect$$rtexit$$00000003           0x00100288   Section        4  rtexit2.o(.ARM.Collect$$rtexit$$00000003)
    .ARM.Collect$$rtexit$$00000004           0x0010028c   Section        8  rtexit2.o(.ARM.Collect$$rtexit$$00000004)
    .text                                    0x00100294   Section        0  commons.o(.text)
    .text                                    0x00100374   Section        0  timer.o(.text)
    .text                                    0x00100738   Section        0  main.o(.text)
    .text                                    0x001016d4   Section        0  adc.o(.text)
    .text                                    0x0010178c   Section        0  gps.o(.text)
    .text                                    0x001020c8   Section        0  pio.o(.text)
    .text                                    0x0010259c   Section        0  pit.o(.text)
    .text                                    0x0010260c   Section        0  pwm.o(.text)
    .text                                    0x001028c8   Section        0  spi.o(.text)
    .text                                    0x001031f8   Section        0  twi.o(.text)
    .text                                    0x001036dc   Section        0  usb.o(.text)
    AT91F_USB_SendData                       0x00103754   ARM Code     216  usb.o(.text)
    AT91F_CDC_Enumerate                      0x0010382c   ARM Code    1272  usb.o(.text)
    AT91F_UDP_IsConfigured                   0x00103d24   ARM Code     104  usb.o(.text)
    UDP_ClearRXFlag                          0x00103de4   ARM Code     116  usb.o(.text)
    UDP_WritePayload                         0x00103e58   ARM Code     200  usb.o(.text)
    UDP_GetPayload                           0x00103f20   ARM Code     232  usb.o(.text)
    UDP_EndpointHandler                      0x0010402c   ARM Code     864  usb.o(.text)
    .text                                    0x00104cc8   Section        0  xbee.o(.text)
    .text                                    0x00104fb0   Section       32  sam7.o(.text)
    .text                                    0x00104fd0   Section        0  attitudeestimator.o(.text)
    .text                                    0x001074d8   Section        0  controls.o(.text)
    .text                                    0x0010894c   Section        0  filter.o(.text)
    .text                                    0x00108c64   Section        0  imu.o(.text)
    .text                                    0x00109164   Section        0  motormixer.o(.text)
    .text                                    0x00109440   Section        0  positionestimator.o(.text)
    .text                                    0x0010a090   Section        0  radiocontroller.o(.text)
    .text                                    0x0010a448   Section        0  hmc5883.o(.text)
    .text                                    0x0010a534   Section        0  mpu6000_spi.o(.text)
    .text                                    0x0010a638   Section        0  ms5611_spi.o(.text)
    .text                                    0x0010ab3c   Section       84  llsdiv.o(.text)
    .text                                    0x0010ab90   Section      212  rt_memcpy.o(.text)
    .text                                    0x0010ac64   Section      100  rt_memcpy_w.o(.text)
    .text                                    0x0010acc8   Section      384  aeabi_sdiv.o(.text)
    __arm_div8                               0x0010acf4   ARM Code       0  aeabi_sdiv.o(.text)
    __arm_div5                               0x0010ad18   ARM Code       0  aeabi_sdiv.o(.text)
    __arm_div2                               0x0010ad3c   ARM Code       0  aeabi_sdiv.o(.text)
    __arm_div_large                          0x0010ad78   ARM Code       0  aeabi_sdiv.o(.text)
    .text                                    0x0010ae48   Section        0  heapauxi.o(.text)
    .text                                    0x0010ae50   Section      720  lludiv.o(.text)
    .text                                    0x0010b128   Section        0  _rserrno.o(.text)
    .text                                    0x0010b144   Section       12  libspace.o(.text)
    .text                                    0x0010b154   Section       16  rt_errno_addr_intlibspace.o(.text)
    .text                                    0x0010b164   Section       96  sys_stackheap_outer.o(.text)
    .text                                    0x0010b1c4   Section        0  exit.o(.text)
    .text                                    0x0010b1d0   Section        4  use_no_semi.o(.text)
    .text                                    0x0010b1dc   Section        0  sys_exit.o(.text)
    .text                                    0x0010b1e8   Section       16  rt_fp_status_addr_intlibspace.o(.text)
    .text_udiv                               0x0010b1f8   Section       36  aeabi_sdiv.o(.text_udiv)
    i.__ARM_fpclassify                       0x0010b21c   Section        0  fpclassify.o(i.__ARM_fpclassify)
    i.__ARM_isfinitef                        0x0010b24c   Section        0  attitudeestimator.o(i.__ARM_isfinitef)
    i.__ieee754_rem_pio2                     0x0010b270   Section        0  rred.o(i.__ieee754_rem_pio2)
    i.__kernel_cos                           0x0010b770   Section        0  cos_i.o(i.__kernel_cos)
    i.__kernel_poly                          0x0010b90c   Section        0  poly.o(i.__kernel_poly)
    i.__kernel_sin                           0x0010ba0c   Section        0  sin_i.o(i.__kernel_sin)
    i.__kernel_tan                           0x0010bb8c   Section        0  tan_i.o(i.__kernel_tan)
    i.__mathlib_dbl_underflow                0x0010bf88   Section        0  dunder.o(i.__mathlib_dbl_underflow)
    i.asin                                   0x0010bf9c   Section        0  asin.o(i.asin)
    i.atan                                   0x0010c374   Section        0  atan.o(i.atan)
    i.atan2                                  0x0010c6cc   Section        0  atan2.o(i.atan2)
    i.cos                                    0x0010c924   Section        0  cos.o(i.cos)
    i.pow                                    0x0010ca24   Section        0  pow.o(i.pow)
    i.sin                                    0x0010d91c   Section        0  sin.o(i.sin)
    i.sqrt                                   0x0010da24   Section        0  sqrt.o(i.sqrt)
    i.tan                                    0x0010da90   Section        0  tan.o(i.tan)
    x$fpl$d2f                                0x0010db40   Section      108  d2f.o(x$fpl$d2f)
    x$fpl$dadd                               0x0010dbac   Section      336  daddsub_noclz.o(x$fpl$dadd)
    _dadd1                                   0x0010dbbc   ARM Code       0  daddsub_noclz.o(x$fpl$dadd)
    x$fpl$dcheck1                            0x0010dcfc   Section       16  dcheck1.o(x$fpl$dcheck1)
    x$fpl$dcmpinf                            0x0010dd0c   Section       28  dcmpi.o(x$fpl$dcmpinf)
    x$fpl$ddiv                               0x0010dd28   Section      736  ddiv.o(x$fpl$ddiv)
    ddiv_entry                               0x0010dd30   ARM Code       0  ddiv.o(x$fpl$ddiv)
    x$fpl$dfix                               0x0010e008   Section      112  dfix.o(x$fpl$dfix)
    x$fpl$dflt                               0x0010e078   Section       88  dflt_noclz.o(x$fpl$dflt)
    x$fpl$dfltu                              0x0010e0d0   Section       12  dflt_noclz.o(x$fpl$dfltu)
    x$fpl$dleqf                              0x0010e0dc   Section      148  dleqf.o(x$fpl$dleqf)
    x$fpl$dmul                               0x0010e170   Section      384  dmul.o(x$fpl$dmul)
    x$fpl$dnaninf                            0x0010e2f0   Section      192  dnaninf.o(x$fpl$dnaninf)
    x$fpl$dretinf                            0x0010e3b0   Section       16  dretinf.o(x$fpl$dretinf)
    x$fpl$drleqf                             0x0010e3c0   Section      140  drleqf.o(x$fpl$drleqf)
    x$fpl$drsb                               0x0010e44c   Section       24  daddsub_noclz.o(x$fpl$drsb)
    x$fpl$dsqrt                              0x0010e464   Section      520  dsqrt_noumaal.o(x$fpl$dsqrt)
    x$fpl$dsub                               0x0010e66c   Section      580  daddsub_noclz.o(x$fpl$dsub)
    _dsub1                                   0x0010e67c   ARM Code       0  daddsub_noclz.o(x$fpl$dsub)
    x$fpl$f2d                                0x0010e8b0   Section      100  f2d.o(x$fpl$f2d)
    x$fpl$fadd                               0x0010e914   Section      196  faddsub_noclz.o(x$fpl$fadd)
    _fadd1                                   0x0010e920   ARM Code       0  faddsub_noclz.o(x$fpl$fadd)
    x$fpl$fcmpinf                            0x0010e9d8   Section       28  fcmpi.o(x$fpl$fcmpinf)
    x$fpl$fdiv                               0x0010e9f4   Section      400  fdiv.o(x$fpl$fdiv)
    _fdiv1                                   0x0010e9f4   ARM Code       0  fdiv.o(x$fpl$fdiv)
    x$fpl$feqf                               0x0010eb84   Section      132  feqf.o(x$fpl$feqf)
    x$fpl$ffix                               0x0010ec08   Section       68  ffix.o(x$fpl$ffix)
    x$fpl$fflt                               0x0010ec4c   Section       92  fflt_noclz.o(x$fpl$fflt)
    x$fpl$fleqf                              0x0010eca8   Section      132  fleqf.o(x$fpl$fleqf)
    x$fpl$fmul                               0x0010ed2c   Section      256  fmul.o(x$fpl$fmul)
    x$fpl$fnaninf                            0x0010ee2c   Section      168  fnaninf.o(x$fpl$fnaninf)
    x$fpl$fpinit                             0x0010eed8   Section       24  fpinit.o(x$fpl$fpinit)
    x$fpl$fretinf                            0x0010eef0   Section       16  fretinf.o(x$fpl$fretinf)
    x$fpl$frleqf                             0x0010ef00   Section      124  frleqf.o(x$fpl$frleqf)
    x$fpl$frsb                               0x0010ef7c   Section       20  faddsub_noclz.o(x$fpl$frsb)
    x$fpl$fsub                               0x0010ef90   Section      304  faddsub_noclz.o(x$fpl$fsub)
    _fsub1                                   0x0010ef9c   ARM Code       0  faddsub_noclz.o(x$fpl$fsub)
    x$fpl$retnan                             0x0010f0c0   Section      116  retnan.o(x$fpl$retnan)
    x$fpl$scalbn                             0x0010f134   Section      108  scalbn.o(x$fpl$scalbn)
    x$fpl$trapveneer                         0x0010f1a0   Section       60  trapv.o(x$fpl$trapveneer)
    .constdata                               0x0010f1dc   Section       60  spi.o(.constdata)
    x$fpl$usenofp                            0x0010f1dc   Section        0  usenofp.o(x$fpl$usenofp)
    .constdata                               0x0010f218   Section       85  usb.o(.constdata)
    .constdata                               0x0010f270   Section        8  motormixer.o(.constdata)
    .constdata                               0x0010f278   Section       80  asin.o(.constdata)
    pS                                       0x0010f278   Data          48  asin.o(.constdata)
    qS                                       0x0010f2a8   Data          32  asin.o(.constdata)
    .constdata                               0x0010f2c8   Section      136  pow.o(.constdata)
    bp                                       0x0010f2c8   Data          16  pow.o(.constdata)
    dp_h                                     0x0010f2d8   Data          16  pow.o(.constdata)
    dp_l                                     0x0010f2e8   Data          16  pow.o(.constdata)
    L                                        0x0010f2f8   Data          48  pow.o(.constdata)
    P                                        0x0010f328   Data          40  pow.o(.constdata)
    .constdata                               0x0010f350   Section      152  atan.o(.constdata)
    atanhi                                   0x0010f350   Data          32  atan.o(.constdata)
    atanlo                                   0x0010f370   Data          32  atan.o(.constdata)
    aTodd                                    0x0010f390   Data          40  atan.o(.constdata)
    aTeven                                   0x0010f3b8   Data          48  atan.o(.constdata)
    .constdata                               0x0010f3e8   Section       48  cos_i.o(.constdata)
    C                                        0x0010f3e8   Data          48  cos_i.o(.constdata)
    .constdata                               0x0010f418   Section        8  qnan.o(.constdata)
    .constdata                               0x0010f420   Section      200  rred.o(.constdata)
    pio2s                                    0x0010f420   Data          48  rred.o(.constdata)
    twooverpi                                0x0010f450   Data         152  rred.o(.constdata)
    .constdata                               0x0010f4e8   Section       40  sin_i.o(.constdata)
    S                                        0x0010f4e8   Data          40  sin_i.o(.constdata)
    .constdata                               0x0010f510   Section       96  tan_i.o(.constdata)
    Todd                                     0x0010f510   Data          48  tan_i.o(.constdata)
    Teven                                    0x0010f540   Data          48  tan_i.o(.constdata)
    .data                                    0x00200000   Section       14  timer.o(.data)
    delay_count                              0x00200000   Data           4  timer.o(.data)
    ppm_ms_clock                             0x00200004   Data           4  timer.o(.data)
    timer_ms                                 0x00200008   Data           4  timer.o(.data)
    sensor_cnt                               0x0020000c   Data           2  timer.o(.data)
    .data                                    0x00200010   Section      234  main.o(.data)
    usb_count                                0x002000e0   Data           4  main.o(.data)
    cps2read                                 0x002000e4   Data           4  main.o(.data)
    baro_cnt                                 0x002000e8   Data           4  main.o(.data)
    adc_count                                0x002000ec   Data           4  main.o(.data)
    uart_count                               0x002000f0   Data           4  main.o(.data)
    led_count                                0x002000f4   Data           4  main.o(.data)
    .data                                    0x002000fc   Section       21  gps.o(.data)
    .data                                    0x00200114   Section       12  pio.o(.data)
    channel                                  0x00200114   Data           2  pio.o(.data)
    press_time                               0x00200118   Data           4  pio.o(.data)
    last_time                                0x0020011c   Data           4  pio.o(.data)
    .data                                    0x00200120   Section       47  spi.o(.data)
    .data                                    0x00200150   Section       39  twi.o(.data)
    .data                                    0x00200178   Section       12  usb.o(.data)
    .data                                    0x00200184   Section       24  attitudeestimator.o(.data)
    turn                                     0x00200194   Data           2  attitudeestimator.o(.data)
    l_yaw                                    0x00200198   Data           4  attitudeestimator.o(.data)
    .data                                    0x0020019c   Section      192  controls.o(.data)
    .data                                    0x0020025c   Section       36  imu.o(.data)
    sx                                       0x0020026e   Data           2  imu.o(.data)
    sy                                       0x00200270   Data           2  imu.o(.data)
    sz                                       0x00200272   Data           2  imu.o(.data)
    .data                                    0x00200280   Section       32  positionestimator.o(.data)
    .data                                    0x002002a0   Section       88  ms5611_spi.o(.data)
    .bss                                     0x002002f8   Section      216  main.o(.bss)
    .bss                                     0x002003d0   Section      320  gps.o(.bss)
    .bss                                     0x00200510   Section      104  spi.o(.bss)
    .bss                                     0x00200578   Section      192  usb.o(.bss)
    .bss                                     0x00200638   Section       49  xbee.o(.bss)
    .bss                                     0x0020066c   Section       12  attitudeestimator.o(.bss)
    .bss                                     0x00200678   Section       36  controls.o(.bss)
    .bss                                     0x0020069c   Section       96  imu.o(.bss)
    .bss                                     0x002006fc   Section     2412  positionestimator.o(.bss)
    .bss                                     0x00201068   Section       96  libspace.o(.bss)
    HEAP                                     0x002010c8   Section        0  sam7.o(HEAP)
    STACK                                    0x002010c8   Section     7048  sam7.o(STACK)
    Heap_Mem                                 0x002010c8   Data           0  sam7.o(HEAP)
    Stack_Mem                                0x002010c8   Data        1536  sam7.o(STACK)
    Stack_Top                                0x00202c50   Data           0  sam7.o(STACK)

    Global Symbols

    Symbol Name                              Value     Ov Type        Size  Object(Section)

    BuildAttributes$$THM_ISAv1$ARM_ISAv4$S$PE$A:L22$X:L11$S22$IEEE1$IW$USESV6$~STKCKD$USESV7$~SHL$OTIME$ROPI$IEEEX$EBA8$UX$STANDARDLIB$REQ8$PRES8$EABIv2 0x00000000   Number         0  anon$$obj.o ABSOLUTE
    __ARM_use_no_argv                        0x00000000   Number         0  main.o ABSOLUTE
    __ARM_exceptions_init                     - Undefined Weak Reference
    __alloca_initialize                       - Undefined Weak Reference
    __cpp_initialize__aeabi_                  - Undefined Weak Reference
    __fpl_infinity                            - Undefined Weak Reference
    __rt_locale                               - Undefined Weak Reference
    __sigvec_lookup                           - Undefined Weak Reference
    __user_heap_extent                        - Undefined Weak Reference
    _atexit_init                              - Undefined Weak Reference
    _call_atexit_fns                          - Undefined Weak Reference
    _clock_init                               - Undefined Weak Reference
    _fp_trap_init                             - Undefined Weak Reference
    _fp_trap_shutdown                         - Undefined Weak Reference
    _get_lc_collate                           - Undefined Weak Reference
    _get_lc_ctype                             - Undefined Weak Reference
    _get_lc_monetary                          - Undefined Weak Reference
    _get_lc_numeric                           - Undefined Weak Reference
    _get_lc_time                              - Undefined Weak Reference
    _getenv_init                              - Undefined Weak Reference
    _handle_redirection                       - Undefined Weak Reference
    _initio                                   - Undefined Weak Reference
    _mutex_acquire                            - Undefined Weak Reference
    _mutex_free                               - Undefined Weak Reference
    _mutex_release                            - Undefined Weak Reference
    _rand_init                                - Undefined Weak Reference
    _signal_finish                            - Undefined Weak Reference
    _signal_init                              - Undefined Weak Reference
    _terminateio                              - Undefined Weak Reference
    __dso_handle                             0x00100000   Number         0  sam7.o(RESET)
    Reset_Handler                            0x00100058   ARM Code       0  sam7.o(RESET)
    __main                                   0x00100150   ARM Code       8  __main.o(!!!main)
    __scatterload                            0x00100158   ARM Code       0  __scatter.o(!!!scatter)
    __scatterload_rt2                        0x00100158   ARM Code      52  __scatter.o(!!!scatter)
    __scatterload_null                       0x0010016c   ARM Code       0  __scatter.o(!!!scatter)
    __decompress                             0x00100194   ARM Code      92  __dczerorl2.o(!!dczerorl2)
    __decompress1                            0x00100194   ARM Code       0  __dczerorl2.o(!!dczerorl2)
    __scatterload_zeroinit                   0x001001f0   ARM Code      44  __scatter_zi.o(!!handler_zi)
    Inline ARM to Thumb Veneer to __rt_lib_init 0x0010021c   ARM Code       8  libinit.o(.ARM.Collect$$libinit$$00000000)
    __rt_lib_init                            0x00100225   Thumb Code     0  libinit.o(.ARM.Collect$$libinit$$00000000)
    __rt_lib_init_alloca_1                   0x0010022b   Thumb Code     0  libinit2.o(.ARM.Collect$$libinit$$0000002A)
    __rt_lib_init_argv_1                     0x0010022b   Thumb Code     0  libinit2.o(.ARM.Collect$$libinit$$00000028)
    __rt_lib_init_atexit_1                   0x0010022b   Thumb Code     0  libinit2.o(.ARM.Collect$$libinit$$00000017)
    __rt_lib_init_clock_1                    0x0010022b   Thumb Code     0  libinit2.o(.ARM.Collect$$libinit$$0000001D)
    __rt_lib_init_cpp_1                      0x0010022b   Thumb Code     0  libinit2.o(.ARM.Collect$$libinit$$0000002E)
    __rt_lib_init_exceptions_1               0x0010022b   Thumb Code     0  libinit2.o(.ARM.Collect$$libinit$$0000002C)
    __rt_lib_init_fp_trap_1                  0x0010022b   Thumb Code     0  libinit2.o(.ARM.Collect$$libinit$$0000001B)
    __rt_lib_init_getenv_1                   0x0010022b   Thumb Code     0  libinit2.o(.ARM.Collect$$libinit$$0000001F)
    __rt_lib_init_heap_1                     0x0010022b   Thumb Code     0  libinit2.o(.ARM.Collect$$libinit$$00000006)
    __rt_lib_init_lc_collate_1               0x0010022b   Thumb Code     0  libinit2.o(.ARM.Collect$$libinit$$0000000D)
    __rt_lib_init_lc_ctype_1                 0x0010022b   Thumb Code     0  libinit2.o(.ARM.Collect$$libinit$$0000000F)
    __rt_lib_init_lc_monetary_1              0x0010022b   Thumb Code     0  libinit2.o(.ARM.Collect$$libinit$$00000011)
    __rt_lib_init_lc_numeric_1               0x0010022b   Thumb Code     0  libinit2.o(.ARM.Collect$$libinit$$00000013)
    __rt_lib_init_lc_time_1                  0x0010022b   Thumb Code     0  libinit2.o(.ARM.Collect$$libinit$$00000015)
    __rt_lib_init_rand_1                     0x0010022b   Thumb Code     0  libinit2.o(.ARM.Collect$$libinit$$0000000A)
    __rt_lib_init_return                     0x0010022b   Thumb Code     0  libinit2.o(.ARM.Collect$$libinit$$0000002F)
    __rt_lib_init_signal_1                   0x0010022b   Thumb Code     0  libinit2.o(.ARM.Collect$$libinit$$00000019)
    __rt_lib_init_stdio_1                    0x0010022b   Thumb Code     0  libinit2.o(.ARM.Collect$$libinit$$00000021)
    __rt_lib_init_user_alloc_1               0x0010022b   Thumb Code     0  libinit2.o(.ARM.Collect$$libinit$$00000008)
    Inline ARM to Thumb Veneer to __rt_lib_shutdown 0x00100238   ARM Code       8  libshutdown.o(.ARM.Collect$$libshutdown$$00000000)
    __rt_lib_shutdown                        0x00100241   Thumb Code     0  libshutdown.o(.ARM.Collect$$libshutdown$$00000000)
    __rt_lib_shutdown_fp_trap_1              0x00100245   Thumb Code     0  libshutdown2.o(.ARM.Collect$$libshutdown$$00000006)
    __rt_lib_shutdown_heap_1                 0x00100245   Thumb Code     0  libshutdown2.o(.ARM.Collect$$libshutdown$$0000000E)
    __rt_lib_shutdown_return                 0x00100245   Thumb Code     0  libshutdown2.o(.ARM.Collect$$libshutdown$$0000000F)
    __rt_lib_shutdown_signal_1               0x00100245   Thumb Code     0  libshutdown2.o(.ARM.Collect$$libshutdown$$00000009)
    __rt_lib_shutdown_stdio_1                0x00100245   Thumb Code     0  libshutdown2.o(.ARM.Collect$$libshutdown$$00000003)
    __rt_lib_shutdown_user_alloc_1           0x00100245   Thumb Code     0  libshutdown2.o(.ARM.Collect$$libshutdown$$0000000B)
    __rt_entry                               0x0010024c   ARM Code       0  rtentry.o(.ARM.Collect$$rtentry$$00000000)
    __rt_entry_presh_1                       0x0010024c   ARM Code       0  rtentry2.o(.ARM.Collect$$rtentry$$00000002)
    __rt_entry_sh                            0x0010024c   ARM Code       0  rtentry4.o(.ARM.Collect$$rtentry$$00000004)
    __rt_entry_li                            0x00100254   ARM Code       0  rtentry2.o(.ARM.Collect$$rtentry$$0000000A)
    __rt_entry_postsh_1                      0x00100254   ARM Code       0  rtentry2.o(.ARM.Collect$$rtentry$$00000009)
    __rt_entry_main                          0x00100258   ARM Code       0  rtentry2.o(.ARM.Collect$$rtentry$$0000000D)
    __rt_entry_postli_1                      0x00100258   ARM Code       0  rtentry2.o(.ARM.Collect$$rtentry$$0000000C)
    Inline Thumb to ARM Veneer to __rt_exit  0x00100281   Thumb Code     4  rtexit.o(.ARM.Collect$$rtexit$$00000000)
    __rt_exit                                0x00100284   ARM Code       0  rtexit.o(.ARM.Collect$$rtexit$$00000000)
    __rt_exit_ls                             0x00100288   ARM Code       0  rtexit2.o(.ARM.Collect$$rtexit$$00000003)
    __rt_exit_prels_1                        0x00100288   ARM Code       0  rtexit2.o(.ARM.Collect$$rtexit$$00000002)
    __rt_exit_exit                           0x0010028c   ARM Code       0  rtexit2.o(.ARM.Collect$$rtexit$$00000004)
    constrain                                0x00100294   ARM Code      44  commons.o(.text)
    dead_zone                                0x001002c0   ARM Code      48  commons.o(.text)
    constrain_f                              0x001002f0   ARM Code      76  commons.o(.text)
    minimum                                  0x0010033c   ARM Code      28  commons.o(.text)
    maximum                                  0x00100358   ARM Code      28  commons.o(.text)
    ppm_ms_clock_int_handler                 0x00100374   ARM Code      72  timer.o(.text)
    ppm_clock_init                           0x001003bc   ARM Code     140  timer.o(.text)
    ppm_get_time                             0x00100448   ARM Code      56  timer.o(.text)
    ppm_reset_clock                          0x00100480   ARM Code      36  timer.o(.text)
    timer_int_handler                        0x001004a4   ARM Code     352  timer.o(.text)
    timer_init                               0x00100604   ARM Code     140  timer.o(.text)
    delay_ms                                 0x00100690   ARM Code      32  timer.o(.text)
    timer_get                                0x001006b0   ARM Code      48  timer.o(.text)
    timer_reset                              0x001006e0   ARM Code      36  timer.o(.text)
    data_select                              0x00100738   ARM Code    1120  main.o(.text)
    Process250Hz_A                           0x00100b98   ARM Code     236  main.o(.text)
    Process250Hz_B                           0x00100c84   ARM Code     284  main.o(.text)
    ground_work_once                         0x00100da0   ARM Code       4  main.o(.text)
    Process50Hz                              0x00100da4   ARM Code     748  main.o(.text)
    Process500Hz                             0x00101090   ARM Code      68  main.o(.text)
    init_loop                                0x001010d4   ARM Code     728  main.o(.text)
    main                                     0x001013ac   ARM Code     672  main.o(.text)
    self_check                               0x0010164c   ARM Code     128  main.o(.text)
    adc_init                                 0x001016d4   ARM Code      76  adc.o(.text)
    adc_start_conversion                     0x00101720   ARM Code      16  adc.o(.text)
    adc_get_converted                        0x00101730   ARM Code      80  adc.o(.text)
    gps_int_handler                          0x0010178c   ARM Code     348  gps.o(.text)
    gps_init                                 0x001018e8   ARM Code     224  gps.o(.text)
    char_to_float                            0x001019c8   ARM Code     376  gps.o(.text)
    get_gps_data                             0x00101b40   ARM Code    1300  gps.o(.text)
    usb_pullup                               0x001020c8   ARM Code      64  pio.o(.text)
    PIO_handler                              0x00102108   ARM Code     496  pio.o(.text)
    usb_in_pin                               0x001022f8   ARM Code      64  pio.o(.text)
    pio_init                                 0x00102338   ARM Code     288  pio.o(.text)
    led_ctrl                                 0x00102458   ARM Code     168  pio.o(.text)
    beep                                     0x00102500   ARM Code      64  pio.o(.text)
    USB_armed                                0x00102540   ARM Code      48  pio.o(.text)
    pit_int_handler                          0x0010259c   ARM Code      44  pit.o(.text)
    pit_init                                 0x001025c8   ARM Code      60  pit.o(.text)
    pwm_configure_channel                    0x0010260c   ARM Code     100  pwm.o(.text)
    pwm_configure_clock                      0x00102670   ARM Code      12  pwm.o(.text)
    pwm_set_period                           0x0010267c   ARM Code      72  pwm.o(.text)
    pwm_set_duty_cycle                       0x001026c4   ARM Code      72  pwm.o(.text)
    pwm_disable_channel                      0x0010270c   ARM Code      20  pwm.o(.text)
    pwm_enable_channel                       0x00102720   ARM Code      20  pwm.o(.text)
    pwm_init                                 0x00102734   ARM Code     336  pwm.o(.text)
    motor_cut                                0x00102884   ARM Code      60  pwm.o(.text)
    spi_init                                 0x001028c8   ARM Code     232  spi.o(.text)
    spi_read_write                           0x001029b0   ARM Code     100  spi.o(.text)
    spi_write_1_read_2                       0x00102a14   ARM Code      84  spi.o(.text)
    spi_read_reg                             0x00102a68   ARM Code      60  spi.o(.text)
    spi_write_reg                            0x00102aa4   ARM Code      64  spi.o(.text)
    spi_dma_decode                           0x00102ae4   ARM Code     988  spi.o(.text)
    spi_int_handler                          0x00102ec0   ARM Code     120  spi.o(.text)
    spi_fast_init                            0x00102f38   ARM Code     176  spi.o(.text)
    spi_dma_refill                           0x00102fe8   ARM Code     468  spi.o(.text)
    twi_init                                 0x001031f8   ARM Code     120  twi.o(.text)
    i2cwtritebyte                            0x00103270   ARM Code      96  twi.o(.text)
    i2cwrite                                 0x001032d0   ARM Code      72  twi.o(.text)
    i2creadbyte                              0x00103318   ARM Code      88  twi.o(.text)
    i2cread                                  0x00103370   ARM Code      72  twi.o(.text)
    i2c_eeprom_write_byte                    0x001033b8   ARM Code      96  twi.o(.text)
    i2c_eeprom_read_byte                     0x00103418   ARM Code     108  twi.o(.text)
    twi_int_handler                          0x00103484   ARM Code     348  twi.o(.text)
    twi_fast_init                            0x001035e0   ARM Code      60  twi.o(.text)
    twi_cps_read_start                       0x0010361c   ARM Code     104  twi.o(.text)
    stop_twi_now                             0x00103684   ARM Code      36  twi.o(.text)
    stop_twi_after_complete                  0x001036a8   ARM Code      16  twi.o(.text)
    AT91F_USB_SendStall                      0x001036dc   ARM Code      60  usb.o(.text)
    AT91F_USB_SendZlp                        0x00103718   ARM Code      60  usb.o(.text)
    AT91F_CDC_Open                           0x00103d8c   ARM Code      88  usb.o(.text)
    USB_read_Callback                        0x00104008   ARM Code      16  usb.o(.text)
    USB_written_Callback                     0x00104018   ARM Code      20  usb.o(.text)
    usb_int_handler                          0x0010438c   ARM Code     340  usb.o(.text)
    UDP_Write                                0x001044e0   ARM Code     232  usb.o(.text)
    UDP_Read                                 0x001045c8   ARM Code     140  usb.o(.text)
    USB_init                                 0x00104654   ARM Code     168  usb.o(.text)
    USB_int_init                             0x001046fc   ARM Code      52  usb.o(.text)
    USB_wait_connect                         0x00104730   ARM Code      56  usb.o(.text)
    USB_check                                0x00104768   ARM Code     128  usb.o(.text)
    USB_write_Raspberry                      0x001047e8   ARM Code     404  usb.o(.text)
    USB_read_Raspberry                       0x0010497c   ARM Code      40  usb.o(.text)
    USB_read_Process                         0x001049a4   ARM Code     800  usb.o(.text)
    usart_int_handler                        0x00104cc8   ARM Code     128  xbee.o(.text)
    xbee_init                                0x00104d48   ARM Code     260  xbee.o(.text)
    refill_tx                                0x00104e4c   ARM Code     116  xbee.o(.text)
    crc_update                               0x00104ec0   ARM Code      40  xbee.o(.text)
    crc16                                    0x00104ee8   ARM Code      72  xbee.o(.text)
    uart_write_char                          0x00104f30   ARM Code      32  xbee.o(.text)
    uart_send_data                           0x00104f50   ARM Code      68  xbee.o(.text)
    __user_initial_stackheap                 0x00104fb0   ARM Code       0  sam7.o(.text)
    inv_sqrt                                 0x00104fd0   ARM Code     108  attitudeestimator.o(.text)
    glob2body                                0x0010503c   ARM Code     616  attitudeestimator.o(.text)
    body2glob                                0x001052a4   ARM Code     612  attitudeestimator.o(.text)
    marg_update                              0x00105508   ARM Code    4032  attitudeestimator.o(.text)
    attitude_compute                         0x001064c8   ARM Code     528  attitudeestimator.o(.text)
    data_2_angle                             0x001066d8   ARM Code     136  attitudeestimator.o(.text)
    quarternion_init                         0x00106760   ARM Code    3428  attitudeestimator.o(.text)
    internal_err_pid                         0x001074d8   ARM Code     212  controls.o(.text)
    external_err_pid                         0x001075ac   ARM Code      64  controls.o(.text)
    position_control                         0x001075ec   ARM Code    1632  controls.o(.text)
    altitude_control                         0x00107c4c   ARM Code     368  controls.o(.text)
    manual_R_sp_generate                     0x00107dbc   ARM Code     836  controls.o(.text)
    Qsp2Rsp                                  0x00108100   ARM Code     788  controls.o(.text)
    set_thrust_force                         0x00108414   ARM Code      20  controls.o(.text)
    reset_variables                          0x00108428   ARM Code     104  controls.o(.text)
    attitude_control                         0x00108490   ARM Code    1200  controls.o(.text)
    IIR_set_cutoff_freq                      0x0010894c   ARM Code     528  filter.o(.text)
    IIR_apply                                0x00108b5c   ARM Code     164  filter.o(.text)
    IIR_reset                                0x00108c00   ARM Code      84  filter.o(.text)
    gyro_calibration                         0x00108c64   ARM Code     200  imu.o(.text)
    continue_cps_read                        0x00108d2c   ARM Code      20  imu.o(.text)
    data_conclude                            0x00108d40   ARM Code     376  imu.o(.text)
    acc_lowpass_biascorr                     0x00108eb8   ARM Code     252  imu.o(.text)
    gyro_lowpass_biascorr                    0x00108fb4   ARM Code     180  imu.o(.text)
    imu_IIR_init                             0x00109068   ARM Code     176  imu.o(.text)
    force2output                             0x00109164   ARM Code     132  motormixer.o(.text)
    put_motors                               0x001091e8   ARM Code     568  motormixer.o(.text)
    gps_pos_init                             0x00109440   ARM Code     360  positionestimator.o(.text)
    gps2xyz                                  0x001095a8   ARM Code     456  positionestimator.o(.text)
    inertial_filter_correct                  0x00109770   ARM Code     168  positionestimator.o(.text)
    gps_pos_corr                             0x00109818   ARM Code     744  positionestimator.o(.text)
    baro_pos_corr                            0x00109b00   ARM Code     232  positionestimator.o(.text)
    zero_pos_corr                            0x00109be8   ARM Code     112  positionestimator.o(.text)
    sonar_pos_corr                           0x00109c58   ARM Code      96  positionestimator.o(.text)
    corr_geo_acc                             0x00109cb8   ARM Code      52  positionestimator.o(.text)
    get_geo_acc                              0x00109cec   ARM Code     220  positionestimator.o(.text)
    inertial_filter_predict                  0x00109dc8   ARM Code      80  positionestimator.o(.text)
    pos_predict                              0x00109e18   ARM Code     520  positionestimator.o(.text)
    command_init                             0x0010a090   ARM Code      84  radiocontroller.o(.text)
    get_rc                                   0x0010a0e4   ARM Code     828  radiocontroller.o(.text)
    hmc5883_config                           0x0010a448   ARM Code     120  hmc5883.o(.text)
    hmc5883_read                             0x0010a4c0   ARM Code     116  hmc5883.o(.text)
    mpu6000_config                           0x0010a534   ARM Code     160  mpu6000_spi.o(.text)
    mpu6000_read_all                         0x0010a5d4   ARM Code     100  mpu6000_spi.o(.text)
    data2tempeture                           0x0010a638   ARM Code     760  ms5611_spi.o(.text)
    data2pressure                            0x0010a930   ARM Code      96  ms5611_spi.o(.text)
    get_altitude                             0x0010a990   ARM Code     148  ms5611_spi.o(.text)
    MS5611_RESET                             0x0010aa24   ARM Code      28  ms5611_spi.o(.text)
    MS5611_init                              0x0010aa40   ARM Code     168  ms5611_spi.o(.text)
    __aeabi_ldivmod                          0x0010ab3c   ARM Code       0  llsdiv.o(.text)
    _ll_sdiv                                 0x0010ab3c   ARM Code      84  llsdiv.o(.text)
    __aeabi_memcpy                           0x0010ab90   ARM Code       0  rt_memcpy.o(.text)
    __rt_memcpy                              0x0010ab90   ARM Code     212  rt_memcpy.o(.text)
    _memcpy_lastbytes                        0x0010ac44   ARM Code       0  rt_memcpy.o(.text)
    __aeabi_memcpy4                          0x0010ac64   ARM Code       0  rt_memcpy_w.o(.text)
    __aeabi_memcpy8                          0x0010ac64   ARM Code       0  rt_memcpy_w.o(.text)
    __rt_memcpy_w                            0x0010ac64   ARM Code     100  rt_memcpy_w.o(.text)
    _memcpy_lastbytes_aligned                0x0010acb0   ARM Code       0  rt_memcpy_w.o(.text)
    __aeabi_idiv                             0x0010acc8   ARM Code       0  aeabi_sdiv.o(.text)
    __aeabi_idivmod                          0x0010acc8   ARM Code     384  aeabi_sdiv.o(.text)
    __use_two_region_memory                  0x0010ae49   Thumb Code     2  heapauxi.o(.text)
    __rt_heap_escrow                         0x0010ae4b   Thumb Code     2  heapauxi.o(.text)
    __rt_heap_expand                         0x0010ae4d   Thumb Code     2  heapauxi.o(.text)
    __aeabi_uldivmod                         0x0010ae50   ARM Code       0  lludiv.o(.text)
    _ll_udiv                                 0x0010ae50   ARM Code     720  lludiv.o(.text)
    _ll_udiv_donemoving                      0x0010ae64   ARM Code       0  lludiv.o(.text)
    Inline ARM to Thumb Veneer to __set_errno 0x0010b120   ARM Code       8  _rserrno.o(.text)
    __read_errno                             0x0010b129   Thumb Code    14  _rserrno.o(.text)
    __set_errno                              0x0010b137   Thumb Code    12  _rserrno.o(.text)
    __user_libspace                          0x0010b144   ARM Code      12  libspace.o(.text)
    __user_perproc_libspace                  0x0010b144   ARM Code       0  libspace.o(.text)
    __user_perthread_libspace                0x0010b144   ARM Code       0  libspace.o(.text)
    Inline Thumb to ARM Veneer to __aeabi_errno_addr 0x0010b151   Thumb Code     4  rt_errno_addr_intlibspace.o(.text)
    __aeabi_errno_addr                       0x0010b154   ARM Code      16  rt_errno_addr_intlibspace.o(.text)
    __errno$intlibspace                      0x0010b154   ARM Code       0  rt_errno_addr_intlibspace.o(.text)
    __rt_errno_addr$intlibspace              0x0010b154   ARM Code       0  rt_errno_addr_intlibspace.o(.text)
    __user_setup_stackheap                   0x0010b164   ARM Code      96  sys_stackheap_outer.o(.text)
    exit                                     0x0010b1c5   Thumb Code    12  exit.o(.text)
    __I$use$semihosting                      0x0010b1d0   ARM Code       0  use_no_semi.o(.text)
    __use_no_semihosting_swi                 0x0010b1d0   ARM Code       4  use_no_semi.o(.text)
    Inline ARM to Thumb Veneer to _sys_exit  0x0010b1d4   ARM Code       8  sys_exit.o(.text)
    _sys_exit                                0x0010b1dd   Thumb Code     8  sys_exit.o(.text)
    __rt_fp_status_addr                      0x0010b1e8   ARM Code      16  rt_fp_status_addr_intlibspace.o(.text)
    __aeabi_uidiv                            0x0010b1f8   ARM Code       0  aeabi_sdiv.o(.text_udiv)
    __aeabi_uidivmod                         0x0010b1f8   ARM Code      36  aeabi_sdiv.o(.text_udiv)
    __ARM_fpclassify                         0x0010b21c   ARM Code      48  fpclassify.o(i.__ARM_fpclassify)
    __ARM_isfinitef                          0x0010b24c   ARM Code      36  attitudeestimator.o(i.__ARM_isfinitef)
    __ieee754_rem_pio2                       0x0010b270   ARM Code    1216  rred.o(i.__ieee754_rem_pio2)
    __kernel_cos                             0x0010b770   ARM Code     404  cos_i.o(i.__kernel_cos)
    __kernel_poly                            0x0010b90c   ARM Code     256  poly.o(i.__kernel_poly)
    __kernel_sin                             0x0010ba0c   ARM Code     372  sin_i.o(i.__kernel_sin)
    __kernel_tan                             0x0010bb8c   ARM Code     984  tan_i.o(i.__kernel_tan)
    __mathlib_dbl_underflow                  0x0010bf88   ARM Code      20  dunder.o(i.__mathlib_dbl_underflow)
    asin                                     0x0010bf9c   ARM Code     944  asin.o(i.asin)
    atan                                     0x0010c374   ARM Code     828  atan.o(i.atan)
    atan2                                    0x0010c6cc   ARM Code     568  atan2.o(i.atan2)
    cos                                      0x0010c924   ARM Code     252  cos.o(i.cos)
    pow                                      0x0010ca24   ARM Code    3832  pow.o(i.pow)
    sin                                      0x0010d91c   ARM Code     260  sin.o(i.sin)
    sqrt                                     0x0010da24   ARM Code     108  sqrt.o(i.sqrt)
    tan                                      0x0010da90   ARM Code     172  tan.o(i.tan)
    __aeabi_d2f                              0x0010db40   ARM Code       0  d2f.o(x$fpl$d2f)
    _d2f                                     0x0010db40   ARM Code     108  d2f.o(x$fpl$d2f)
    __aeabi_dadd                             0x0010dbac   ARM Code       0  daddsub_noclz.o(x$fpl$dadd)
    _dadd                                    0x0010dbac   ARM Code     332  daddsub_noclz.o(x$fpl$dadd)
    __fpl_dcheck_NaN1                        0x0010dcfc   ARM Code      12  dcheck1.o(x$fpl$dcheck1)
    __fpl_dcmp_Inf                           0x0010dd0c   ARM Code      28  dcmpi.o(x$fpl$dcmpinf)
    __aeabi_ddiv                             0x0010dd28   ARM Code       0  ddiv.o(x$fpl$ddiv)
    _ddiv                                    0x0010dd28   ARM Code     600  ddiv.o(x$fpl$ddiv)
    __aeabi_d2iz                             0x0010e008   ARM Code       0  dfix.o(x$fpl$dfix)
    _dfix                                    0x0010e008   ARM Code     112  dfix.o(x$fpl$dfix)
    __aeabi_i2d                              0x0010e078   ARM Code       0  dflt_noclz.o(x$fpl$dflt)
    _dflt                                    0x0010e078   ARM Code      88  dflt_noclz.o(x$fpl$dflt)
    __dflt_normalise                         0x0010e088   ARM Code       0  dflt_noclz.o(x$fpl$dflt)
    __aeabi_ui2d                             0x0010e0d0   ARM Code       0  dflt_noclz.o(x$fpl$dfltu)
    _dfltu                                   0x0010e0d0   ARM Code      12  dflt_noclz.o(x$fpl$dfltu)
    __aeabi_cdcmple                          0x0010e0dc   ARM Code       0  dleqf.o(x$fpl$dleqf)
    _dcmple                                  0x0010e0dc   ARM Code     148  dleqf.o(x$fpl$dleqf)
    __fpl_dcmple_InfNaN                      0x0010e158   ARM Code       0  dleqf.o(x$fpl$dleqf)
    __aeabi_dmul                             0x0010e170   ARM Code       0  dmul.o(x$fpl$dmul)
    _dmul                                    0x0010e170   ARM Code     372  dmul.o(x$fpl$dmul)
    __fpl_dnaninf                            0x0010e2f0   ARM Code     192  dnaninf.o(x$fpl$dnaninf)
    __fpl_dretinf                            0x0010e3b0   ARM Code      16  dretinf.o(x$fpl$dretinf)
    __aeabi_cdrcmple                         0x0010e3c0   ARM Code       0  drleqf.o(x$fpl$drleqf)
    _drcmple                                 0x0010e3c0   ARM Code     140  drleqf.o(x$fpl$drleqf)
    __aeabi_drsub                            0x0010e44c   ARM Code       0  daddsub_noclz.o(x$fpl$drsb)
    _drsb                                    0x0010e44c   ARM Code      24  daddsub_noclz.o(x$fpl$drsb)
    _dsqrt                                   0x0010e464   ARM Code     516  dsqrt_noumaal.o(x$fpl$dsqrt)
    __aeabi_dsub                             0x0010e66c   ARM Code       0  daddsub_noclz.o(x$fpl$dsub)
    _dsub                                    0x0010e66c   ARM Code     576  daddsub_noclz.o(x$fpl$dsub)
    __aeabi_f2d                              0x0010e8b0   ARM Code       0  f2d.o(x$fpl$f2d)
    _f2d                                     0x0010e8b0   ARM Code     100  f2d.o(x$fpl$f2d)
    __aeabi_fadd                             0x0010e914   ARM Code       0  faddsub_noclz.o(x$fpl$fadd)
    _fadd                                    0x0010e914   ARM Code     196  faddsub_noclz.o(x$fpl$fadd)
    __fpl_fcmp_Inf                           0x0010e9d8   ARM Code      28  fcmpi.o(x$fpl$fcmpinf)
    __aeabi_fdiv                             0x0010e9f4   ARM Code       0  fdiv.o(x$fpl$fdiv)
    _fdiv                                    0x0010e9f4   ARM Code     396  fdiv.o(x$fpl$fdiv)
    __aeabi_cfcmpeq                          0x0010eb84   ARM Code       0  feqf.o(x$fpl$feqf)
    _fcmpeq                                  0x0010eb84   ARM Code     132  feqf.o(x$fpl$feqf)
    __aeabi_f2iz                             0x0010ec08   ARM Code       0  ffix.o(x$fpl$ffix)
    _ffix                                    0x0010ec08   ARM Code      68  ffix.o(x$fpl$ffix)
    __aeabi_i2f                              0x0010ec4c   ARM Code       0  fflt_noclz.o(x$fpl$fflt)
    _fflt                                    0x0010ec4c   ARM Code      92  fflt_noclz.o(x$fpl$fflt)
    __fflt_normalise                         0x0010ec58   ARM Code       0  fflt_noclz.o(x$fpl$fflt)
    __aeabi_cfcmple                          0x0010eca8   ARM Code       0  fleqf.o(x$fpl$fleqf)
    _fcmple                                  0x0010eca8   ARM Code     132  fleqf.o(x$fpl$fleqf)
    __fpl_fcmple_InfNaN                      0x0010ed14   ARM Code       0  fleqf.o(x$fpl$fleqf)
    __aeabi_fmul                             0x0010ed2c   ARM Code       0  fmul.o(x$fpl$fmul)
    _fmul                                    0x0010ed2c   ARM Code     256  fmul.o(x$fpl$fmul)
    __fpl_fnaninf                            0x0010ee2c   ARM Code     168  fnaninf.o(x$fpl$fnaninf)
    Inline Thumb to ARM Veneer to _fp_init   0x0010eed5   Thumb Code     4  fpinit.o(x$fpl$fpinit)
    _fp_init                                 0x0010eed8   ARM Code      24  fpinit.o(x$fpl$fpinit)
    __fplib_config_pureend_doubles           0x0010eee8   ARM Code       0  fpinit.o(x$fpl$fpinit)
    __fpl_fretinf                            0x0010eef0   ARM Code      16  fretinf.o(x$fpl$fretinf)
    __aeabi_cfrcmple                         0x0010ef00   ARM Code       0  frleqf.o(x$fpl$frleqf)
    _frcmple                                 0x0010ef00   ARM Code     124  frleqf.o(x$fpl$frleqf)
    __aeabi_frsub                            0x0010ef7c   ARM Code       0  faddsub_noclz.o(x$fpl$frsb)
    _frsb                                    0x0010ef7c   ARM Code      20  faddsub_noclz.o(x$fpl$frsb)
    __aeabi_fsub                             0x0010ef90   ARM Code       0  faddsub_noclz.o(x$fpl$fsub)
    _fsub                                    0x0010ef90   ARM Code     304  faddsub_noclz.o(x$fpl$fsub)
    __fpl_return_NaN                         0x0010f0c0   ARM Code     116  retnan.o(x$fpl$retnan)
    __ARM_scalbn                             0x0010f134   ARM Code       0  scalbn.o(x$fpl$scalbn)
    scalbn                                   0x0010f134   ARM Code     108  scalbn.o(x$fpl$scalbn)
    __fpl_inf_scalbn                         0x0010f19c   ARM Code       0  scalbn.o(x$fpl$scalbn)
    __fpl_cmpreturn                          0x0010f1a0   ARM Code      60  trapv.o(x$fpl$trapveneer)
    __I$use$fp                               0x0010f1dc   ARM Code       0  usenofp.o(x$fpl$usenofp)
    spibuf_ga_tx                             0x0010f1dc   Data          60  spi.o(.constdata)
    devDescriptor                            0x0010f218   Data          18  usb.o(.constdata)
    cfgDescriptor                            0x0010f22a   Data          67  usb.o(.constdata)
    __mathlib_zero                           0x0010f418   Data           8  qnan.o(.constdata)
    Region$$Table$$Base                      0x0010f570   Number         0  anon$$obj.o(Region$$Table)
    Region$$Table$$Limit                     0x0010f590   Number         0  anon$$obj.o(Region$$Table)
    smpl                                     0x00200010   Data           8  main.o(.data)
    att                                      0x00200018   Data          76  main.o(.data)
    mode                                     0x00200064   Data           6  main.o(.data)
    cmd                                      0x0020006c   Data          76  main.o(.data)
    ctrl                                     0x002000b8   Data          20  main.o(.data)
    adc                                      0x002000cc   Data           4  main.o(.data)
    process_count                            0x002000d0   Data           4  main.o(.data)
    l_uart_time                              0x002000d4   Data           4  main.o(.data)
    uart_time                                0x002000d8   Data           4  main.o(.data)
    idle_time                                0x002000dc   Data           2  main.o(.data)
    uart_dt                                  0x002000f8   Data           2  main.o(.data)
    gpsbuffernumber                          0x002000fc   Data           1  gps.o(.data)
    gps_buf_ptr                              0x00200100   Data           4  gps.o(.data)
    l_buf_ptr                                0x00200104   Data           4  gps.o(.data)
    buf_ptr_buffer                           0x00200108   Data           1  gps.o(.data)
    l_buf_ptr_buffer                         0x00200109   Data           1  gps.o(.data)
    package_len                              0x0020010c   Data           4  gps.o(.data)
    buffer_change_times                      0x00200110   Data           1  gps.o(.data)
    spibuf_gb_tx                             0x00200120   Data          44  spi.o(.data)
    spi_status                               0x0020014c   Data           1  spi.o(.data)
    baro2get                                 0x0020014d   Data           1  spi.o(.data)
    spi_fast_ready                           0x0020014e   Data           1  spi.o(.data)
    readers                                  0x00200150   Data          36  twi.o(.data)
    stop_signal                              0x00200174   Data           1  twi.o(.data)
    read_rdy_flag                            0x00200175   Data           1  twi.o(.data)
    working_reader                           0x00200176   Data           1  twi.o(.data)
    line                                     0x00200178   Data           8  usb.o(.data)
    ClearStock                               0x00200180   Data           4  usb.o(.data)
    q0                                       0x00200184   Data           4  attitudeestimator.o(.data)
    q1                                       0x00200188   Data           4  attitudeestimator.o(.data)
    q2                                       0x0020018c   Data           4  attitudeestimator.o(.data)
    q3                                       0x00200190   Data           4  attitudeestimator.o(.data)
    pitchPID                                 0x0020019c   Data          32  controls.o(.data)
    rollPID                                  0x002001bc   Data          32  controls.o(.data)
    yawPID                                   0x002001dc   Data          32  controls.o(.data)
    altPID                                   0x002001fc   Data          32  controls.o(.data)
    pos_xPID                                 0x0020021c   Data          32  controls.o(.data)
    pos_yPID                                 0x0020023c   Data          32  controls.o(.data)
    gyr_x_bias                               0x0020025c   Data           2  imu.o(.data)
    gyr_y_bias                               0x0020025e   Data           2  imu.o(.data)
    gyr_z_bias                               0x00200260   Data           2  imu.o(.data)
    acc_x_bias                               0x00200262   Data           2  imu.o(.data)
    acc_y_bias                               0x00200264   Data           2  imu.o(.data)
    acc_z_bias                               0x00200266   Data           2  imu.o(.data)
    mag_x_bias                               0x00200268   Data           2  imu.o(.data)
    mag_y_bias                               0x0020026a   Data           2  imu.o(.data)
    mag_z_bias                               0x0020026c   Data           2  imu.o(.data)
    compass_received                         0x00200274   Data           6  imu.o(.data)
    ax                                       0x0020027a   Data           2  imu.o(.data)
    ay                                       0x0020027c   Data           2  imu.o(.data)
    az                                       0x0020027e   Data           2  imu.o(.data)
    buf_ptr                                  0x00200280   Data           2  positionestimator.o(.data)
    l_x                                      0x00200284   Data           4  positionestimator.o(.data)
    l_y                                      0x00200288   Data           4  positionestimator.o(.data)
    l_z                                      0x0020028c   Data           4  positionestimator.o(.data)
    home_lat                                 0x00200290   Data           4  positionestimator.o(.data)
    home_lon                                 0x00200294   Data           4  positionestimator.o(.data)
    home_gps_alt                             0x00200298   Data           4  positionestimator.o(.data)
    cos_lat_100                              0x0020029c   Data           4  positionestimator.o(.data)
    setup                                    0x002002a0   Data           2  ms5611_spi.o(.data)
    CRC                                      0x002002a2   Data           2  ms5611_spi.o(.data)
    C1                                       0x002002a4   Data           2  ms5611_spi.o(.data)
    C2                                       0x002002a6   Data           2  ms5611_spi.o(.data)
    C3                                       0x002002a8   Data           2  ms5611_spi.o(.data)
    C4                                       0x002002aa   Data           2  ms5611_spi.o(.data)
    C5                                       0x002002ac   Data           2  ms5611_spi.o(.data)
    C6                                       0x002002ae   Data           2  ms5611_spi.o(.data)
    TEMP                                     0x002002b0   Data           4  ms5611_spi.o(.data)
    OFF                                      0x002002b8   Data           8  ms5611_spi.o(.data)
    SENS                                     0x002002c0   Data           8  ms5611_spi.o(.data)
    dT                                       0x002002c8   Data           8  ms5611_spi.o(.data)
    OFF2                                     0x002002d0   Data           8  ms5611_spi.o(.data)
    SENS2                                    0x002002d8   Data           8  ms5611_spi.o(.data)
    T2                                       0x002002e0   Data           8  ms5611_spi.o(.data)
    AUX                                      0x002002e8   Data           8  ms5611_spi.o(.data)
    AUX2                                     0x002002f0   Data           8  ms5611_spi.o(.data)
    gps                                      0x002002f8   Data          52  main.o(.bss)
    sens                                     0x0020032c   Data          20  main.o(.bss)
    baro                                     0x00200340   Data          32  main.o(.bss)
    pos                                      0x00200360   Data          40  main.o(.bss)
    output                                   0x00200388   Data          16  main.o(.bss)
    myusb                                    0x00200398   Data          12  main.o(.bss)
    data2                                    0x002003a4   Data          18  main.o(.bss)
    pCDC                                     0x002003b8   Data          24  main.o(.bss)
    gps_buffer0                              0x002003d0   Data         160  gps.o(.bss)
    gps_buffer1                              0x00200470   Data         160  gps.o(.bss)
    spibuf_ga_rx                             0x00200510   Data          60  spi.o(.bss)
    spibuf_gb_rx                             0x0020054c   Data          44  spi.o(.bss)
    data_from_Raspberry                      0x00200578   Data          64  usb.o(.bss)
    pEndpoint                                0x002005b8   Data         128  usb.o(.bss)
    xbee_buffer0                             0x00200638   Data          14  xbee.o(.bss)
    xbee_buffer1                             0x00200646   Data          14  xbee.o(.bss)
    tx_buffer                                0x00200654   Data          21  xbee.o(.bss)
    gyr_bias                                 0x0020066c   Data          12  attitudeestimator.o(.bss)
    R_sp                                     0x00200678   Data          36  controls.o(.bss)
    iir_ax                                   0x0020069c   Data          32  imu.o(.bss)
    iir_ay                                   0x002006bc   Data          32  imu.o(.bss)
    iir_az                                   0x002006dc   Data          32  imu.o(.bss)
    acc_body_bias                            0x002006fc   Data          12  positionestimator.o(.bss)
    est_buf                                  0x00200708   Data         960  positionestimator.o(.bss)
    R_buf                                    0x00200ac8   Data        1440  positionestimator.o(.bss)
    __libspace_start                         0x00201068   Data          96  libspace.o(.bss)
    __temporary_stack_top$libspace           0x002010c8   Data           0  libspace.o(.bss)



==============================================================================

Memory Map of the image

  Image Entry point : 0x00100150

  Load Region LR_IROM1 (Base: 0x00100000, Size: 0x0000f888, Max: 0x00040000, ABSOLUTE, COMPRESSED[0x0000f628])

    Execution Region ER_IROM1 (Base: 0x00100000, Size: 0x0000f590, Max: 0x00040000, ABSOLUTE)

    Base Addr    Size         Type   Attr      Idx    E Section Name        Object

    0x00100000   0x00000150   Code   RO         1083    RESET               sam7.o
    0x00100150   0x00000008   Code   RO         1358  * !!!main             c_t.l(__main.o)(c_t.l)
    0x00100158   0x0000003c   Code   RO         1975    !!!scatter          c_t.l(__scatter.o)(c_t.l)
    0x00100194   0x0000005c   Code   RO         1973    !!dczerorl2         c_t.l(__dczerorl2.o)(c_t.l)
    0x001001f0   0x0000002c   Code   RO         1977    !!handler_zi        c_t.l(__scatter_zi.o)(c_t.l)
    0x0010021c   0x00000008   Ven    RO         1900    .ARM.Collect$$libinit$$00000000  c_t.l(libinit.o)(c_t.l)
    0x00100224   0x00000006   Code   RO         1900    .ARM.Collect$$libinit$$00000000  c_t.l(libinit.o)(c_t.l)
    0x0010022a   0x00000000   Code   RO         1824    .ARM.Collect$$libinit$$00000006  c_t.l(libinit2.o)(c_t.l)
    0x0010022a   0x00000000   Code   RO         1826    .ARM.Collect$$libinit$$00000008  c_t.l(libinit2.o)(c_t.l)
    0x0010022a   0x00000000   Code   RO         1828    .ARM.Collect$$libinit$$0000000A  c_t.l(libinit2.o)(c_t.l)
    0x0010022a   0x00000000   Code   RO         1831    .ARM.Collect$$libinit$$0000000D  c_t.l(libinit2.o)(c_t.l)
    0x0010022a   0x00000000   Code   RO         1833    .ARM.Collect$$libinit$$0000000F  c_t.l(libinit2.o)(c_t.l)
    0x0010022a   0x00000000   Code   RO         1835    .ARM.Collect$$libinit$$00000011  c_t.l(libinit2.o)(c_t.l)
    0x0010022a   0x00000000   Code   RO         1837    .ARM.Collect$$libinit$$00000013  c_t.l(libinit2.o)(c_t.l)
    0x0010022a   0x00000000   Code   RO         1839    .ARM.Collect$$libinit$$00000015  c_t.l(libinit2.o)(c_t.l)
    0x0010022a   0x00000000   Code   RO         1841    .ARM.Collect$$libinit$$00000017  c_t.l(libinit2.o)(c_t.l)
    0x0010022a   0x00000000   Code   RO         1843    .ARM.Collect$$libinit$$00000019  c_t.l(libinit2.o)(c_t.l)
    0x0010022a   0x00000000   Code   RO         1845    .ARM.Collect$$libinit$$0000001B  c_t.l(libinit2.o)(c_t.l)
    0x0010022a   0x00000000   Code   RO         1847    .ARM.Collect$$libinit$$0000001D  c_t.l(libinit2.o)(c_t.l)
    0x0010022a   0x00000000   Code   RO         1849    .ARM.Collect$$libinit$$0000001F  c_t.l(libinit2.o)(c_t.l)
    0x0010022a   0x00000000   Code   RO         1851    .ARM.Collect$$libinit$$00000021  c_t.l(libinit2.o)(c_t.l)
    0x0010022a   0x00000000   Code   RO         1855    .ARM.Collect$$libinit$$00000028  c_t.l(libinit2.o)(c_t.l)
    0x0010022a   0x00000000   Code   RO         1857    .ARM.Collect$$libinit$$0000002A  c_t.l(libinit2.o)(c_t.l)
    0x0010022a   0x00000000   Code   RO         1859    .ARM.Collect$$libinit$$0000002C  c_t.l(libinit2.o)(c_t.l)
    0x0010022a   0x00000000   Code   RO         1861    .ARM.Collect$$libinit$$0000002E  c_t.l(libinit2.o)(c_t.l)
    0x0010022a   0x0000000c   Code   RO         1862    .ARM.Collect$$libinit$$0000002F  c_t.l(libinit2.o)(c_t.l)
    0x00100236   0x00000002   PAD
    0x00100238   0x00000008   Ven    RO         1956    .ARM.Collect$$libshutdown$$00000000  c_t.l(libshutdown.o)(c_t.l)
    0x00100240   0x00000004   Code   RO         1956    .ARM.Collect$$libshutdown$$00000000  c_t.l(libshutdown.o)(c_t.l)
    0x00100244   0x00000000   Code   RO         1669    .ARM.Collect$$libshutdown$$00000003  c_t.l(libshutdown2.o)(c_t.l)
    0x00100244   0x00000000   Code   RO         1672    .ARM.Collect$$libshutdown$$00000006  c_t.l(libshutdown2.o)(c_t.l)
    0x00100244   0x00000000   Code   RO         1675    .ARM.Collect$$libshutdown$$00000009  c_t.l(libshutdown2.o)(c_t.l)
    0x00100244   0x00000000   Code   RO         1677    .ARM.Collect$$libshutdown$$0000000B  c_t.l(libshutdown2.o)(c_t.l)
    0x00100244   0x00000000   Code   RO         1680    .ARM.Collect$$libshutdown$$0000000E  c_t.l(libshutdown2.o)(c_t.l)
    0x00100244   0x00000006   Code   RO         1681    .ARM.Collect$$libshutdown$$0000000F  c_t.l(libshutdown2.o)(c_t.l)
    0x0010024a   0x00000002   PAD
    0x0010024c   0x00000000   Code   RO         1586    .ARM.Collect$$rtentry$$00000000  c_t.l(rtentry.o)(c_t.l)
    0x0010024c   0x00000000   Code   RO         1767    .ARM.Collect$$rtentry$$00000002  c_t.l(rtentry2.o)(c_t.l)
    0x0010024c   0x00000008   Code   RO         1782    .ARM.Collect$$rtentry$$00000004  c_t.l(rtentry4.o)(c_t.l)
    0x00100254   0x00000000   Code   RO         1769    .ARM.Collect$$rtentry$$00000009  c_t.l(rtentry2.o)(c_t.l)
    0x00100254   0x00000004   Code   RO         1770    .ARM.Collect$$rtentry$$0000000A  c_t.l(rtentry2.o)(c_t.l)
    0x00100258   0x00000000   Code   RO         1772    .ARM.Collect$$rtentry$$0000000C  c_t.l(rtentry2.o)(c_t.l)
    0x00100258   0x00000028   Code   RO         1773    .ARM.Collect$$rtentry$$0000000D  c_t.l(rtentry2.o)(c_t.l)
    0x00100280   0x00000004   Ven    RO         1905    .ARM.Collect$$rtexit$$00000000  c_t.l(rtexit.o)(c_t.l)
    0x00100284   0x00000004   Code   RO         1905    .ARM.Collect$$rtexit$$00000000  c_t.l(rtexit.o)(c_t.l)
    0x00100288   0x00000000   Code   RO         1928    .ARM.Collect$$rtexit$$00000002  c_t.l(rtexit2.o)(c_t.l)
    0x00100288   0x00000004   Code   RO         1929    .ARM.Collect$$rtexit$$00000003  c_t.l(rtexit2.o)(c_t.l)
    0x0010028c   0x00000008   Code   RO         1930    .ARM.Collect$$rtexit$$00000004  c_t.l(rtexit2.o)(c_t.l)
    0x00100294   0x000000e0   Code   RO            1    .text               commons.o
    0x00100374   0x000003c4   Code   RO           18    .text               timer.o
    0x00100738   0x00000f9c   Code   RO           45    .text               main.o
    0x001016d4   0x000000b8   Code   RO          897    .text               adc.o
    0x0010178c   0x0000093c   Code   RO          915    .text               gps.o
    0x001020c8   0x000004d4   Code   RO          938    .text               pio.o
    0x0010259c   0x00000070   Code   RO          960    .text               pit.o
    0x0010260c   0x000002bc   Code   RO          975    .text               pwm.o
    0x001028c8   0x00000930   Code   RO          990    .text               spi.o
    0x001031f8   0x000004e4   Code   RO         1013    .text               twi.o
    0x001036dc   0x000015ec   Code   RO         1031    .text               usb.o
    0x00104cc8   0x000002e8   Code   RO         1062    .text               xbee.o
    0x00104fb0   0x00000020   Code   RO         1084    .text               sam7.o
    0x00104fd0   0x00002508   Code   RO         1090    .text               attitudeestimator.o
    0x001074d8   0x00001474   Code   RO         1134    .text               controls.o
    0x0010894c   0x00000318   Code   RO         1161    .text               filter.o
    0x00108c64   0x00000500   Code   RO         1176    .text               imu.o
    0x00109164   0x000002dc   Code   RO         1195    .text               motormixer.o
    0x00109440   0x00000c50   Code   RO         1217    .text               positionestimator.o
    0x0010a090   0x000003b8   Code   RO         1236    .text               radiocontroller.o
    0x0010a448   0x000000ec   Code   RO         1276    .text               hmc5883.o
    0x0010a534   0x00000104   Code   RO         1291    .text               mpu6000_spi.o
    0x0010a638   0x00000504   Code   RO         1309    .text               ms5611_spi.o
    0x0010ab3c   0x00000054   Code   RO         1329    .text               c_t.l(llsdiv.o)(c_t.l)
    0x0010ab90   0x000000d4   Code   RO         1334    .text               c_t.l(rt_memcpy.o)(c_t.l)
    0x0010ac64   0x00000064   Code   RO         1336    .text               c_t.l(rt_memcpy_w.o)(c_t.l)
    0x0010acc8   0x00000180   Code   RO         1340    .text               c_t.l(aeabi_sdiv.o)(c_t.l)
    0x0010ae48   0x00000006   Code   RO         1356    .text               c_t.l(heapauxi.o)(c_t.l)
    0x0010ae4e   0x00000002   PAD
    0x0010ae50   0x000002d0   Code   RO         1663    .text               c_t.l(lludiv.o)(c_t.l)
    0x0010b120   0x00000008   Ven    RO         1665    .text               c_t.l(_rserrno.o)(c_t.l)
    0x0010b128   0x0000001a   Code   RO         1665    .text               c_t.l(_rserrno.o)(c_t.l)
    0x0010b142   0x00000002   PAD
    0x0010b144   0x0000000c   Code   RO         1761    .text               c_t.l(libspace.o)(c_t.l)
    0x0010b150   0x00000004   Ven    RO         1798    .text               c_t.l(rt_errno_addr_intlibspace.o)(c_t.l)
    0x0010b154   0x00000010   Code   RO         1798    .text               c_t.l(rt_errno_addr_intlibspace.o)(c_t.l)
    0x0010b164   0x00000060   Code   RO         1867    .text               c_t.l(sys_stackheap_outer.o)(c_t.l)
    0x0010b1c4   0x0000000c   Code   RO         1879    .text               c_t.l(exit.o)(c_t.l)
    0x0010b1d0   0x00000004   Code   RO         1903    .text               c_t.l(use_no_semi.o)(c_t.l)
    0x0010b1d4   0x00000008   Ven    RO         1925    .text               c_t.l(sys_exit.o)(c_t.l)
    0x0010b1dc   0x0000000c   Code   RO         1925    .text               c_t.l(sys_exit.o)(c_t.l)
    0x0010b1e8   0x00000010   Code   RO         1938    .text               c_t.l(rt_fp_status_addr_intlibspace.o)(c_t.l)
    0x0010b1f8   0x00000024   Code   RO         1341    .text_udiv          c_t.l(aeabi_sdiv.o)(c_t.l)
    0x0010b21c   0x00000030   Code   RO         1739    i.__ARM_fpclassify  m_ts.l(fpclassify.o)(m_ts.l)
    0x0010b24c   0x00000024   Code   RO         1103    i.__ARM_isfinitef   attitudeestimator.o
    0x0010b270   0x00000500   Code   RO         1744    i.__ieee754_rem_pio2  m_ts.l(rred.o)(m_ts.l)
    0x0010b770   0x0000019c   Code   RO         1734    i.__kernel_cos      m_ts.l(cos_i.o)(m_ts.l)
    0x0010b90c   0x00000100   Code   RO         1741    i.__kernel_poly     m_ts.l(poly.o)(m_ts.l)
    0x0010ba0c   0x00000180   Code   RO         1749    i.__kernel_sin      m_ts.l(sin_i.o)(m_ts.l)
    0x0010bb8c   0x000003fc   Code   RO         1755    i.__kernel_tan      m_ts.l(tan_i.o)(m_ts.l)
    0x0010bf88   0x00000014   Code   RO         1737    i.__mathlib_dbl_underflow  m_ts.l(dunder.o)(m_ts.l)
    0x0010bf9c   0x000003d8   Code   RO         1527    i.asin              m_ts.l(asin.o)(m_ts.l)
    0x0010c374   0x00000358   Code   RO         1725    i.atan              m_ts.l(atan.o)(m_ts.l)
    0x0010c6cc   0x00000258   Code   RO         1537    i.atan2             m_ts.l(atan2.o)(m_ts.l)
    0x0010c924   0x00000100   Code   RO         1545    i.cos               m_ts.l(cos.o)(m_ts.l)
    0x0010ca24   0x00000ef8   Code   RO         1553    i.pow               m_ts.l(pow.o)(m_ts.l)
    0x0010d91c   0x00000108   Code   RO         1563    i.sin               m_ts.l(sin.o)(m_ts.l)
    0x0010da24   0x0000006c   Code   RO         1571    i.sqrt              m_ts.l(sqrt.o)(m_ts.l)
    0x0010da90   0x000000b0   Code   RO         1579    i.tan               m_ts.l(tan.o)(m_ts.l)
    0x0010db40   0x0000006c   Code   RO         1472    x$fpl$d2f           fz_ts.l(d2f.o)(fz_ts.l)
    0x0010dbac   0x00000150   Code   RO         1474    x$fpl$dadd          fz_ts.l(daddsub_noclz.o)(fz_ts.l)
    0x0010dcfc   0x00000010   Code   RO         1863    x$fpl$dcheck1       fz_ts.l(dcheck1.o)(fz_ts.l)
    0x0010dd0c   0x0000001c   Code   RO         1701    x$fpl$dcmpinf       fz_ts.l(dcmpi.o)(fz_ts.l)
    0x0010dd28   0x000002e0   Code   RO         1481    x$fpl$ddiv          fz_ts.l(ddiv.o)(fz_ts.l)
    0x0010e008   0x00000070   Code   RO         1484    x$fpl$dfix          fz_ts.l(dfix.o)(fz_ts.l)
    0x0010e078   0x00000058   Code   RO         1489    x$fpl$dflt          fz_ts.l(dflt_noclz.o)(fz_ts.l)
    0x0010e0d0   0x0000000c   Code   RO         1488    x$fpl$dfltu         fz_ts.l(dflt_noclz.o)(fz_ts.l)
    0x0010e0dc   0x00000094   Code   RO         1492    x$fpl$dleqf         fz_ts.l(dleqf.o)(fz_ts.l)
    0x0010e170   0x00000180   Code   RO         1494    x$fpl$dmul          fz_ts.l(dmul.o)(fz_ts.l)
    0x0010e2f0   0x000000c0   Code   RO         1703    x$fpl$dnaninf       fz_ts.l(dnaninf.o)(fz_ts.l)
    0x0010e3b0   0x00000010   Code   RO         1705    x$fpl$dretinf       fz_ts.l(dretinf.o)(fz_ts.l)
    0x0010e3c0   0x0000008c   Code   RO         1496    x$fpl$drleqf        fz_ts.l(drleqf.o)(fz_ts.l)
    0x0010e44c   0x00000018   Code   RO         1475    x$fpl$drsb          fz_ts.l(daddsub_noclz.o)(fz_ts.l)
    0x0010e464   0x00000208   Code   RO         1707    x$fpl$dsqrt         fz_ts.l(dsqrt_noumaal.o)(fz_ts.l)
    0x0010e66c   0x00000244   Code   RO         1476    x$fpl$dsub          fz_ts.l(daddsub_noclz.o)(fz_ts.l)
    0x0010e8b0   0x00000064   Code   RO         1498    x$fpl$f2d           fz_ts.l(f2d.o)(fz_ts.l)
    0x0010e914   0x000000c4   Code   RO         1500    x$fpl$fadd          fz_ts.l(faddsub_noclz.o)(fz_ts.l)
    0x0010e9d8   0x0000001c   Code   RO         1709    x$fpl$fcmpinf       fz_ts.l(fcmpi.o)(fz_ts.l)
    0x0010e9f4   0x00000190   Code   RO         1507    x$fpl$fdiv          fz_ts.l(fdiv.o)(fz_ts.l)
    0x0010eb84   0x00000084   Code   RO         1510    x$fpl$feqf          fz_ts.l(feqf.o)(fz_ts.l)
    0x0010ec08   0x00000044   Code   RO         1512    x$fpl$ffix          fz_ts.l(ffix.o)(fz_ts.l)
    0x0010ec4c   0x0000005c   Code   RO         1517    x$fpl$fflt          fz_ts.l(fflt_noclz.o)(fz_ts.l)
    0x0010eca8   0x00000084   Code   RO         1520    x$fpl$fleqf         fz_ts.l(fleqf.o)(fz_ts.l)
    0x0010ed2c   0x00000100   Code   RO         1522    x$fpl$fmul          fz_ts.l(fmul.o)(fz_ts.l)
    0x0010ee2c   0x000000a8   Code   RO         1711    x$fpl$fnaninf       fz_ts.l(fnaninf.o)(fz_ts.l)
    0x0010eed4   0x00000004   Ven    RO         1921    x$fpl$fpinit        fz_ts.l(fpinit.o)(fz_ts.l)
    0x0010eed8   0x00000018   Code   RO         1921    x$fpl$fpinit        fz_ts.l(fpinit.o)(fz_ts.l)
    0x0010eef0   0x00000010   Code   RO         1713    x$fpl$fretinf       fz_ts.l(fretinf.o)(fz_ts.l)
    0x0010ef00   0x0000007c   Code   RO         1524    x$fpl$frleqf        fz_ts.l(frleqf.o)(fz_ts.l)
    0x0010ef7c   0x00000014   Code   RO         1501    x$fpl$frsb          fz_ts.l(faddsub_noclz.o)(fz_ts.l)
    0x0010ef90   0x00000130   Code   RO         1502    x$fpl$fsub          fz_ts.l(faddsub_noclz.o)(fz_ts.l)
    0x0010f0c0   0x00000074   Code   RO         1901    x$fpl$retnan        fz_ts.l(retnan.o)(fz_ts.l)
    0x0010f134   0x0000006c   Code   RO         1718    x$fpl$scalbn        fz_ts.l(scalbn.o)(fz_ts.l)
    0x0010f1a0   0x0000003c   Code   RO         1923    x$fpl$trapveneer    fz_ts.l(trapv.o)(fz_ts.l)
    0x0010f1dc   0x00000000   Code   RO         1723    x$fpl$usenofp       fz_ts.l(usenofp.o)(fz_ts.l)
    0x0010f1dc   0x0000003c   Data   RO          992    .constdata          spi.o
    0x0010f218   0x00000055   Data   RO         1033    .constdata          usb.o
    0x0010f26d   0x00000003   PAD
    0x0010f270   0x00000008   Data   RO         1196    .constdata          motormixer.o
    0x0010f278   0x00000050   Data   RO         1528    .constdata          m_ts.l(asin.o)(m_ts.l)
    0x0010f2c8   0x00000088   Data   RO         1554    .constdata          m_ts.l(pow.o)(m_ts.l)
    0x0010f350   0x00000098   Data   RO         1726    .constdata          m_ts.l(atan.o)(m_ts.l)
    0x0010f3e8   0x00000030   Data   RO         1735    .constdata          m_ts.l(cos_i.o)(m_ts.l)
    0x0010f418   0x00000008   Data   RO         1743    .constdata          m_ts.l(qnan.o)(m_ts.l)
    0x0010f420   0x000000c8   Data   RO         1746    .constdata          m_ts.l(rred.o)(m_ts.l)
    0x0010f4e8   0x00000028   Data   RO         1750    .constdata          m_ts.l(sin_i.o)(m_ts.l)
    0x0010f510   0x00000060   Data   RO         1756    .constdata          m_ts.l(tan_i.o)(m_ts.l)
    0x0010f570   0x00000020   Data   RO         1971    Region$$Table       anon$$obj.o


    Execution Region RW_IRAM1 (Base: 0x00200000, Size: 0x00002c50, Max: 0x00010000, ABSOLUTE, COMPRESSED[0x00000098])

    Base Addr    Size         Type   Attr      Idx    E Section Name        Object

    0x00200000   0x0000000e   Data   RW           19    .data               timer.o
    0x0020000e   0x00000002   PAD
    0x00200010   0x000000ea   Data   RW           47    .data               main.o
    0x002000fa   0x00000002   PAD
    0x002000fc   0x00000015   Data   RW          917    .data               gps.o
    0x00200111   0x00000003   PAD
    0x00200114   0x0000000c   Data   RW          939    .data               pio.o
    0x00200120   0x0000002f   Data   RW          993    .data               spi.o
    0x0020014f   0x00000001   PAD
    0x00200150   0x00000027   Data   RW         1014    .data               twi.o
    0x00200177   0x00000001   PAD
    0x00200178   0x0000000c   Data   RW         1034    .data               usb.o
    0x00200184   0x00000018   Data   RW         1092    .data               attitudeestimator.o
    0x0020019c   0x000000c0   Data   RW         1136    .data               controls.o
    0x0020025c   0x00000024   Data   RW         1178    .data               imu.o
    0x00200280   0x00000020   Data   RW         1219    .data               positionestimator.o
    0x002002a0   0x00000058   Data   RW         1310    .data               ms5611_spi.o
    0x002002f8   0x000000d8   Zero   RW           46    .bss                main.o
    0x002003d0   0x00000140   Zero   RW          916    .bss                gps.o
    0x00200510   0x00000068   Zero   RW          991    .bss                spi.o
    0x00200578   0x000000c0   Zero   RW         1032    .bss                usb.o
    0x00200638   0x00000031   Zero   RW         1063    .bss                xbee.o
    0x00200669   0x00000003   PAD
    0x0020066c   0x0000000c   Zero   RW         1091    .bss                attitudeestimator.o
    0x00200678   0x00000024   Zero   RW         1135    .bss                controls.o
    0x0020069c   0x00000060   Zero   RW         1177    .bss                imu.o
    0x002006fc   0x0000096c   Zero   RW         1218    .bss                positionestimator.o
    0x00201068   0x00000060   Zero   RW         1762    .bss                c_t.l(libspace.o)(c_t.l)
    0x002010c8   0x00000000   Zero   RW         1082    HEAP                sam7.o
    0x002010c8   0x00001b88   Zero   RW         1081    STACK               sam7.o


==============================================================================

Image component sizes


      Code (inc. data)   RO Data    RW Data    ZI Data      Debug   Object Name

       184         12          0          0          0          0   adc.o
      9516        132          0         24         12          0   attitudeestimator.o
       224          0          0          0          0          0   commons.o
      5236         84          0        192         36          0   controls.o
       792         16          0          0          0          0   filter.o
      2364        116          0         21        320          0   gps.o
       236          0          0          0          0          0   hmc5883.o
      1280         76          0         36         96          0   imu.o
      3996        120          0        234        216          0   main.o
       732         32          8          0          0          0   motormixer.o
       260          0          0          0          0          0   mpu6000_spi.o
      1284         84          0         88          0          0   ms5611_spi.o
      1236         44          0         12          0          0   pio.o
       112          8          0          0          0          0   pit.o
      3152        112          0         32       2412          0   positionestimator.o
       700          8          0          0          0          0   pwm.o
       952         40          0          0          0          0   radiocontroller.o
       368         84          0          0       7048          0   sam7.o
      2352         60         60         47        104          0   spi.o
       964         52          0         14          0          0   timer.o
      1252         36          0         39          0          0   twi.o
      5612        120         85         12        192          0   usb.o
       744         28          0          0         49          0   xbee.o

    ----------------------------------------------------------------------
     43548       1264        188        760      10488          0   Object Totals
         0          0         32          0          0          0   (incl. Generated)
         0          0          3          9          3          2   (incl. Padding)

    ----------------------------------------------------------------------

      Code (inc. data)   RO Data    RW Data    ZI Data      Debug   Library Member Name

        92          0          0          0          0          0   __dczerorl2.o
         8          0          0          0          0          0   __main.o
        60          8          0          0          0          0   __scatter.o
        44          0          0          0          0          0   __scatter_zi.o
        34          0          0          0          0          0   _rserrno.o
       420          0          0          0          0          0   aeabi_sdiv.o
        12          0          0          0          0          0   exit.o
         6          0          0          0          0          0   heapauxi.o
        14          0          0          0          0          0   libinit.o
        12          0          0          0          0          0   libinit2.o
        12          0          0          0          0          0   libshutdown.o
         6          0          0          0          0          0   libshutdown2.o
        12          4          0          0         96          0   libspace.o
        84          0          0          0          0          0   llsdiv.o
       720         64          0          0          0          0   lludiv.o
        20          4          0          0          0          0   rt_errno_addr_intlibspace.o
        16          4          0          0          0          0   rt_fp_status_addr_intlibspace.o
       212          0          0          0          0          0   rt_memcpy.o
       100          0          0          0          0          0   rt_memcpy_w.o
         0          0          0          0          0          0   rtentry.o
        44          4          0          0          0          0   rtentry2.o
         8          0          0          0          0          0   rtentry4.o
         8          0          0          0          0          0   rtexit.o
        12          0          0          0          0          0   rtexit2.o
        20          4          0          0          0          0   sys_exit.o
        96          0          0          0          0          0   sys_stackheap_outer.o
         4          0          0          0          0          0   use_no_semi.o
       108          4          0          0          0          0   d2f.o
       940         16          0          0          0          0   daddsub_noclz.o
        16          4          0          0          0          0   dcheck1.o
        28          0          0          0          0          0   dcmpi.o
       736        140          0          0          0          0   ddiv.o
       112          4          0          0          0          0   dfix.o
       100          0          0          0          0          0   dflt_noclz.o
       148          4          0          0          0          0   dleqf.o
       384         16          0          0          0          0   dmul.o
       192          0          0          0          0          0   dnaninf.o
        16          0          0          0          0          0   dretinf.o
       140          0          0          0          0          0   drleqf.o
       520         56          0          0          0          0   dsqrt_noumaal.o
       100          4          0          0          0          0   f2d.o
       520          8          0          0          0          0   faddsub_noclz.o
        28          0          0          0          0          0   fcmpi.o
       400         76          0          0          0          0   fdiv.o
       132          4          0          0          0          0   feqf.o
        68          4          0          0          0          0   ffix.o
        92          0          0          0          0          0   fflt_noclz.o
       132          4          0          0          0          0   fleqf.o
       256          4          0          0          0          0   fmul.o
       168          0          0          0          0          0   fnaninf.o
        28          0          0          0          0          0   fpinit.o
        16          0          0          0          0          0   fretinf.o
       124          0          0          0          0          0   frleqf.o
       116          0          0          0          0          0   retnan.o
       108          0          0          0          0          0   scalbn.o
        60          0          0          0          0          0   trapv.o
         0          0          0          0          0          0   usenofp.o
       984         40         80          0          0          0   asin.o
       856         28        152          0          0          0   atan.o
       600         32          0          0          0          0   atan2.o
       256          4          0          0          0          0   cos.o
       412          8         48          0          0          0   cos_i.o
        20          0          0          0          0          0   dunder.o
        48          0          0          0          0          0   fpclassify.o
       256          0          0          0          0          0   poly.o
      3832        100        136          0          0          0   pow.o
         0          0          8          0          0          0   qnan.o
      1280         64        200          0          0          0   rred.o
       264          4          0          0          0          0   sin.o
       384         12         40          0          0          0   sin_i.o
       108          0          0          0          0          0   sqrt.o
       176          4          0          0          0          0   tan.o
      1020         36         96          0          0          0   tan_i.o

    ----------------------------------------------------------------------
     18368        772        760          0         96          0   Library Totals
         8          0          0          0          0          0   (incl. Padding)

    ----------------------------------------------------------------------

      Code (inc. data)   RO Data    RW Data    ZI Data      Debug   Library Name

      2076         92          0          0         96       1324   c_t.l
      5788        348          0          0          0       3076   fz_ts.l
     10496        332        760          0          0       2384   m_ts.l

    ----------------------------------------------------------------------
     18368        772        760          0         96          0   Library Totals

    ----------------------------------------------------------------------

==============================================================================


      Code (inc. data)   RO Data    RW Data    ZI Data      Debug   

     61916       2036        948        760      10584     129596   Grand Totals
     61916       2036        948        152      10584     129596   ELF Image Totals (compressed)
     61916       2036        948        152          0          0   ROM Totals

==============================================================================

    Total RO  Size (Code + RO Data)                62864 (  61.39kB)
    Total RW  Size (RW Data + ZI Data)             11344 (  11.08kB)
    Total ROM Size (Code + RO Data + RW Data)      63016 (  61.54kB)

==============================================================================

