<html>
<body>
<pre>
<h1>礦ision Build Log</h1>
<h2>Project:</h2>
E:\yExin\实验室\我研究过的\IWantToFly\forGit\FlyOutdoor_origin\my.uvproj
Project File Date:  03/22/2016

<h2>Output:</h2>
Build target 'Target 1'
compiling main.c...
compiling timer.c...
compiling test_cpp.cpp...
compiling commons.c...
compiling TWI.c...
compiling GPS.c...
compiling XBee.c...
compiling USB.c...
assembling SAM7.s...
compiling ADC.c...
compiling SPI.c...
compiling PWM.c...
compiling PIO.c...
compiling PIT.c...
compiling IMU.c...
compiling Filter.c...
compiling MotorMixer.c...
compiling RadioController.c...
compiling AttitudeEstimator.c...
compiling PositionEstimator.c...
compiling Controls.c...
compiling EEPROM.c...
compiling MS5611_SPI.c...
compiling MPU6000_SPI.c...
compiling HMC5883.c...
linking...
Program Size: Code=61812 RO-data=948 RW-data=792 ZI-data=10544  
FromELF: creating hex file...
"my.axf" - 0 Error(s), 0 Warning(s).
Load "E:\\yExin\\实验室\\我研究过的\\IWantToFly\\forGit\\FlyOutdoor_origin\\my.AXF" 
