<html>
<body>
<pre>
<h1>礦ision Build Log</h1>
<h2>Project:</h2>
E:\yExin\实验室\我研究过的\IWantToFly\forGit\FlyOutdoor_origin\my.uvproj
Project File Date:  03/22/2016

<h2>Output:</h2>
Build target 'Target 1'
compiling main.c...
main.c: Error:  #5: cannot open source input file "main.c": No such file or directory
main.c: main.c: 0 warnings, 1 error
Target not created
Build target 'Target 1'
compiling timer.c...
timer.c: Error:  #5: cannot open source input file "timer.c": No such file or directory
timer.c: timer.c: 0 warnings, 1 error
Target not created
Build target 'Target 1'
compiling test_cpp.cpp...
test_cpp.cpp(1): error:  #5: cannot open source input file "mathlib.h": No such file or directory
test_cpp.cpp:   #include "mathlib.h"
test_cpp.cpp:                       ^
test_cpp.cpp: test_cpp.cpp: 0 warnings, 1 error
compiling main.c...
Main\main.c(10): error:  #5: cannot open source input file "PWM.h": No such file or directory
Main\main.c:   #include "PWM.h"
Main\main.c:                   ^
Main\main.c: Main\main.c: 0 warnings, 1 error
compiling commons.c...
compiling timer.c...
Main\timer.c(3): error:  #5: cannot open source input file "SPI.h": No such file or directory
Main\timer.c:   #include "SPI.h"
Main\timer.c:                   ^
Main\timer.c: Main\timer.c: 0 warnings, 1 error
compiling ADC.c...
Drivers\ADC.c(2): error:  #5: cannot open source input file "global.h": No such file or directory
Drivers\ADC.c:   #include "global.h"
Drivers\ADC.c:                      ^
Drivers\ADC.c: Drivers\ADC.c: 0 warnings, 1 error
compiling GPS.c...
Drivers\GPS.h(3): error:  #5: cannot open source input file "global.h": No such file or directory
Drivers\GPS.h:   #include "global.h"
Drivers\GPS.h:                      ^
Drivers\GPS.h: Drivers\GPS.c: 0 warnings, 1 error
compiling PIO.c...
Drivers\PIO.c(3): error:  #5: cannot open source input file "timer.h": No such file or directory
Drivers\PIO.c:   #include "timer.h"
Drivers\PIO.c:                     ^
Drivers\PIO.c: Drivers\PIO.c: 0 warnings, 1 error
compiling PIT.c...
Drivers\PIT.c(4): error:  #5: cannot open source input file "global.h": No such file or directory
Drivers\PIT.c:   #include "global.h"
Drivers\PIT.c:                      ^
Drivers\PIT.c: Drivers\PIT.c: 0 warnings, 1 error
compiling PWM.c...
Drivers\PWM.c(4): error:  #5: cannot open source input file "global.h": No such file or directory
Drivers\PWM.c:   #include "global.h"
Drivers\PWM.c:                      ^
Drivers\PWM.c: Drivers\PWM.c: 0 warnings, 1 error
compiling SPI.c...
Drivers\SPI.c(2): error:  #5: cannot open source input file "global.h": No such file or directory
Drivers\SPI.c:   #include "global.h"
Drivers\SPI.c:                      ^
Drivers\SPI.c: Drivers\SPI.c: 0 warnings, 1 error
compiling TWI.c...
Drivers\TWI.c(3): error:  #5: cannot open source input file "IMU.h": No such file or directory
Drivers\TWI.c:   #include "IMU.h"
Drivers\TWI.c:                   ^
Drivers\TWI.c: Drivers\TWI.c: 0 warnings, 1 error
compiling USB.c...
Drivers\USB.h(18): error:  #5: cannot open source input file "lib_AT91SAM7S256.h": No such file or directory
Drivers\USB.h:   #include "lib_AT91SAM7S256.h"
Drivers\USB.h:                                ^
Drivers\USB.h: Drivers\USB.c: 0 warnings, 1 error
compiling XBee.c...
Drivers\XBee.h(3): error:  #5: cannot open source input file "global.h": No such file or directory
Drivers\XBee.h:   #include "global.h"
Drivers\XBee.h:                      ^
Drivers\XBee.h: Drivers\XBee.c: 0 warnings, 1 error
compiling AttitudeEstimator.c...
Modules\AttitudeEstimator.c(3): error:  #5: cannot open source input file "global.h": No such file or directory
Modules\AttitudeEstimator.c:   #include "global.h"
Modules\AttitudeEstimator.c:                      ^
Modules\AttitudeEstimator.c: Modules\AttitudeEstimator.c: 0 warnings, 1 error
compiling Controls.c...
Modules\Controls.c(1): error:  #5: cannot open source input file "global.h": No such file or directory
Modules\Controls.c:   #include "global.h"
Modules\Controls.c:                      ^
Modules\Controls.c: Modules\Controls.c: 0 warnings, 1 error
compiling Filter.c...
Modules\Filter.c(3): error:  #5: cannot open source input file "global.h": No such file or directory
Modules\Filter.c:   #include "global.h"
Modules\Filter.c:                      ^
Modules\Filter.c: Modules\Filter.c: 0 warnings, 1 error
compiling IMU.c...
Modules\IMU.c(1): error:  #5: cannot open source input file "global.h": No such file or directory
Modules\IMU.c:   #include "global.h"
Modules\IMU.c:                      ^
Modules\IMU.c: Modules\IMU.c: 0 warnings, 1 error
compiling MotorMixer.c...
Modules\MotorMixer.c(1): error:  #5: cannot open source input file "global.h": No such file or directory
Modules\MotorMixer.c:   #include "global.h"
Modules\MotorMixer.c:                      ^
Modules\MotorMixer.c: Modules\MotorMixer.c: 0 warnings, 1 error
compiling PositionEstimator.c...
Modules\PositionEstimator.c(2): error:  #5: cannot open source input file "global.h": No such file or directory
Modules\PositionEstimator.c:   #include "global.h"
Modules\PositionEstimator.c:                      ^
Modules\PositionEstimator.c: Modules\PositionEstimator.c: 0 warnings, 1 error
compiling RadioController.c...
Modules\RadioController.c(2): error:  #5: cannot open source input file "global.h": No such file or directory
Modules\RadioController.c:   #include "global.h"
Modules\RadioController.c:                      ^
Modules\RadioController.c: Modules\RadioController.c: 0 warnings, 1 error
compiling EEPROM.c...
Devices\EEPROM.c(2): error:  #5: cannot open source input file "TWI.h": No such file or directory
Devices\EEPROM.c:   #include "TWI.h"
Devices\EEPROM.c:                   ^
Devices\EEPROM.c: Devices\EEPROM.c: 0 warnings, 1 error
compiling HMC5883.c...
Devices\HMC5883.c(2): error:  #5: cannot open source input file "TWI.h": No such file or directory
Devices\HMC5883.c:   #include "TWI.h"
Devices\HMC5883.c:                   ^
Devices\HMC5883.c: Devices\HMC5883.c: 0 warnings, 1 error
compiling MPU6000_SPI.c...
Devices\MPU6000_SPI.c(1): error:  #5: cannot open source input file "SPI.h": No such file or directory
Devices\MPU6000_SPI.c:   #include "SPI.h"
Devices\MPU6000_SPI.c:                   ^
Devices\MPU6000_SPI.c: Devices\MPU6000_SPI.c: 0 warnings, 1 error
compiling MS5611_SPI.c...
Devices\MS5611_SPI.c(1): error:  #5: cannot open source input file "SPI.h": No such file or directory
Devices\MS5611_SPI.c:   #include "SPI.h"
Devices\MS5611_SPI.c:                   ^
Devices\MS5611_SPI.c: Devices\MS5611_SPI.c: 0 warnings, 1 error
Target not created
Build target 'Target 1'
compiling test_cpp.cpp...
compiling main.c...
Main\main.c(10): error:  #5: cannot open source input file "PWM.h": No such file or directory
Main\main.c:   #include "PWM.h"
Main\main.c:                   ^
Main\main.c: Main\main.c: 0 warnings, 1 error
compiling timer.c...
Main\timer.c(3): error:  #5: cannot open source input file "SPI.h": No such file or directory
Main\timer.c:   #include "SPI.h"
Main\timer.c:                   ^
Main\timer.c: Main\timer.c: 0 warnings, 1 error
compiling ADC.c...
Drivers\ADC.c(2): error:  #5: cannot open source input file "global.h": No such file or directory
Drivers\ADC.c:   #include "global.h"
Drivers\ADC.c:                      ^
Drivers\ADC.c: Drivers\ADC.c: 0 warnings, 1 error
compiling GPS.c...
Drivers\GPS.h(3): error:  #5: cannot open source input file "global.h": No such file or directory
Drivers\GPS.h:   #include "global.h"
Drivers\GPS.h:                      ^
Drivers\GPS.h: Drivers\GPS.c: 0 warnings, 1 error
compiling PIO.c...
Drivers\PIO.c(3): error:  #5: cannot open source input file "timer.h": No such file or directory
Drivers\PIO.c:   #include "timer.h"
Drivers\PIO.c:                     ^
Drivers\PIO.c: Drivers\PIO.c: 0 warnings, 1 error
compiling PIT.c...
Drivers\PIT.c(4): error:  #5: cannot open source input file "global.h": No such file or directory
Drivers\PIT.c:   #include "global.h"
Drivers\PIT.c:                      ^
Drivers\PIT.c: Drivers\PIT.c: 0 warnings, 1 error
compiling PWM.c...
Drivers\PWM.c(4): error:  #5: cannot open source input file "global.h": No such file or directory
Drivers\PWM.c:   #include "global.h"
Drivers\PWM.c:                      ^
Drivers\PWM.c: Drivers\PWM.c: 0 warnings, 1 error
compiling SPI.c...
Drivers\SPI.c(2): error:  #5: cannot open source input file "global.h": No such file or directory
Drivers\SPI.c:   #include "global.h"
Drivers\SPI.c:                      ^
Drivers\SPI.c: Drivers\SPI.c: 0 warnings, 1 error
compiling TWI.c...
Drivers\TWI.c(3): error:  #5: cannot open source input file "IMU.h": No such file or directory
Drivers\TWI.c:   #include "IMU.h"
Drivers\TWI.c:                   ^
Drivers\TWI.c: Drivers\TWI.c: 0 warnings, 1 error
compiling USB.c...
Drivers\USB.h(18): error:  #5: cannot open source input file "lib_AT91SAM7S256.h": No such file or directory
Drivers\USB.h:   #include "lib_AT91SAM7S256.h"
Drivers\USB.h:                                ^
Drivers\USB.h: Drivers\USB.c: 0 warnings, 1 error
compiling XBee.c...
Drivers\XBee.h(3): error:  #5: cannot open source input file "global.h": No such file or directory
Drivers\XBee.h:   #include "global.h"
Drivers\XBee.h:                      ^
Drivers\XBee.h: Drivers\XBee.c: 0 warnings, 1 error
compiling AttitudeEstimator.c...
Modules\AttitudeEstimator.c(3): error:  #5: cannot open source input file "global.h": No such file or directory
Modules\AttitudeEstimator.c:   #include "global.h"
Modules\AttitudeEstimator.c:                      ^
Modules\AttitudeEstimator.c: Modules\AttitudeEstimator.c: 0 warnings, 1 error
compiling Controls.c...
Modules\Controls.c(1): error:  #5: cannot open source input file "global.h": No such file or directory
Modules\Controls.c:   #include "global.h"
Modules\Controls.c:                      ^
Modules\Controls.c: Modules\Controls.c: 0 warnings, 1 error
compiling Filter.c...
Modules\Filter.c(3): error:  #5: cannot open source input file "global.h": No such file or directory
Modules\Filter.c:   #include "global.h"
Modules\Filter.c:                      ^
Modules\Filter.c: Modules\Filter.c: 0 warnings, 1 error
compiling IMU.c...
Modules\IMU.c(1): error:  #5: cannot open source input file "global.h": No such file or directory
Modules\IMU.c:   #include "global.h"
Modules\IMU.c:                      ^
Modules\IMU.c: Modules\IMU.c: 0 warnings, 1 error
compiling MotorMixer.c...
Modules\MotorMixer.c(1): error:  #5: cannot open source input file "global.h": No such file or directory
Modules\MotorMixer.c:   #include "global.h"
Modules\MotorMixer.c:                      ^
Modules\MotorMixer.c: Modules\MotorMixer.c: 0 warnings, 1 error
compiling PositionEstimator.c...
Modules\PositionEstimator.c(2): error:  #5: cannot open source input file "global.h": No such file or directory
Modules\PositionEstimator.c:   #include "global.h"
Modules\PositionEstimator.c:                      ^
Modules\PositionEstimator.c: Modules\PositionEstimator.c: 0 warnings, 1 error
compiling RadioController.c...
Modules\RadioController.c(2): error:  #5: cannot open source input file "global.h": No such file or directory
Modules\RadioController.c:   #include "global.h"
Modules\RadioController.c:                      ^
Modules\RadioController.c: Modules\RadioController.c: 0 warnings, 1 error
compiling EEPROM.c...
Devices\EEPROM.c(2): error:  #5: cannot open source input file "TWI.h": No such file or directory
Devices\EEPROM.c:   #include "TWI.h"
Devices\EEPROM.c:                   ^
Devices\EEPROM.c: Devices\EEPROM.c: 0 warnings, 1 error
compiling HMC5883.c...
Devices\HMC5883.c(2): error:  #5: cannot open source input file "TWI.h": No such file or directory
Devices\HMC5883.c:   #include "TWI.h"
Devices\HMC5883.c:                   ^
Devices\HMC5883.c: Devices\HMC5883.c: 0 warnings, 1 error
compiling MPU6000_SPI.c...
Devices\MPU6000_SPI.c(1): error:  #5: cannot open source input file "SPI.h": No such file or directory
Devices\MPU6000_SPI.c:   #include "SPI.h"
Devices\MPU6000_SPI.c:                   ^
Devices\MPU6000_SPI.c: Devices\MPU6000_SPI.c: 0 warnings, 1 error
compiling MS5611_SPI.c...
Devices\MS5611_SPI.c(1): error:  #5: cannot open source input file "SPI.h": No such file or directory
Devices\MS5611_SPI.c:   #include "SPI.h"
Devices\MS5611_SPI.c:                   ^
Devices\MS5611_SPI.c: Devices\MS5611_SPI.c: 0 warnings, 1 error
Target not created
Build target 'Target 1'
compiling main.c...
Main\main.c(10): error:  #5: cannot open source input file "PWM.h": No such file or directory
Main\main.c:   #include "PWM.h"
Main\main.c:                   ^
Main\main.c: Main\main.c: 0 warnings, 1 error
compiling timer.c...
Main\timer.c(3): error:  #5: cannot open source input file "SPI.h": No such file or directory
Main\timer.c:   #include "SPI.h"
Main\timer.c:                   ^
Main\timer.c: Main\timer.c: 0 warnings, 1 error
compiling ADC.c...
Drivers\ADC.c(2): error:  #5: cannot open source input file "global.h": No such file or directory
Drivers\ADC.c:   #include "global.h"
Drivers\ADC.c:                      ^
Drivers\ADC.c: Drivers\ADC.c: 0 warnings, 1 error
compiling GPS.c...
Drivers\GPS.h(3): error:  #5: cannot open source input file "global.h": No such file or directory
Drivers\GPS.h:   #include "global.h"
Drivers\GPS.h:                      ^
Drivers\GPS.h: Drivers\GPS.c: 0 warnings, 1 error
compiling PIO.c...
Drivers\PIO.c(3): error:  #5: cannot open source input file "timer.h": No such file or directory
Drivers\PIO.c:   #include "timer.h"
Drivers\PIO.c:                     ^
Drivers\PIO.c: Drivers\PIO.c: 0 warnings, 1 error
compiling PIT.c...
Drivers\PIT.c(4): error:  #5: cannot open source input file "global.h": No such file or directory
Drivers\PIT.c:   #include "global.h"
Drivers\PIT.c:                      ^
Drivers\PIT.c: Drivers\PIT.c: 0 warnings, 1 error
compiling PWM.c...
Drivers\PWM.c(4): error:  #5: cannot open source input file "global.h": No such file or directory
Drivers\PWM.c:   #include "global.h"
Drivers\PWM.c:                      ^
Drivers\PWM.c: Drivers\PWM.c: 0 warnings, 1 error
compiling SPI.c...
Drivers\SPI.c(2): error:  #5: cannot open source input file "global.h": No such file or directory
Drivers\SPI.c:   #include "global.h"
Drivers\SPI.c:                      ^
Drivers\SPI.c: Drivers\SPI.c: 0 warnings, 1 error
compiling TWI.c...
Drivers\TWI.c(3): error:  #5: cannot open source input file "IMU.h": No such file or directory
Drivers\TWI.c:   #include "IMU.h"
Drivers\TWI.c:                   ^
Drivers\TWI.c: Drivers\TWI.c: 0 warnings, 1 error
compiling USB.c...
Drivers\USB.h(18): error:  #5: cannot open source input file "lib_AT91SAM7S256.h": No such file or directory
Drivers\USB.h:   #include "lib_AT91SAM7S256.h"
Drivers\USB.h:                                ^
Drivers\USB.h: Drivers\USB.c: 0 warnings, 1 error
compiling XBee.c...
Drivers\XBee.h(3): error:  #5: cannot open source input file "global.h": No such file or directory
Drivers\XBee.h:   #include "global.h"
Drivers\XBee.h:                      ^
Drivers\XBee.h: Drivers\XBee.c: 0 warnings, 1 error
compiling AttitudeEstimator.c...
Modules\AttitudeEstimator.c(3): error:  #5: cannot open source input file "global.h": No such file or directory
Modules\AttitudeEstimator.c:   #include "global.h"
Modules\AttitudeEstimator.c:                      ^
Modules\AttitudeEstimator.c: Modules\AttitudeEstimator.c: 0 warnings, 1 error
compiling Controls.c...
Modules\Controls.c(1): error:  #5: cannot open source input file "global.h": No such file or directory
Modules\Controls.c:   #include "global.h"
Modules\Controls.c:                      ^
Modules\Controls.c: Modules\Controls.c: 0 warnings, 1 error
compiling Filter.c...
Modules\Filter.c(3): error:  #5: cannot open source input file "global.h": No such file or directory
Modules\Filter.c:   #include "global.h"
Modules\Filter.c:                      ^
Modules\Filter.c: Modules\Filter.c: 0 warnings, 1 error
compiling IMU.c...
Modules\IMU.c(1): error:  #5: cannot open source input file "global.h": No such file or directory
Modules\IMU.c:   #include "global.h"
Modules\IMU.c:                      ^
Modules\IMU.c: Modules\IMU.c: 0 warnings, 1 error
compiling MotorMixer.c...
Modules\MotorMixer.c(1): error:  #5: cannot open source input file "global.h": No such file or directory
Modules\MotorMixer.c:   #include "global.h"
Modules\MotorMixer.c:                      ^
Modules\MotorMixer.c: Modules\MotorMixer.c: 0 warnings, 1 error
compiling PositionEstimator.c...
Modules\PositionEstimator.c(2): error:  #5: cannot open source input file "global.h": No such file or directory
Modules\PositionEstimator.c:   #include "global.h"
Modules\PositionEstimator.c:                      ^
Modules\PositionEstimator.c: Modules\PositionEstimator.c: 0 warnings, 1 error
compiling RadioController.c...
Modules\RadioController.c(2): error:  #5: cannot open source input file "global.h": No such file or directory
Modules\RadioController.c:   #include "global.h"
Modules\RadioController.c:                      ^
Modules\RadioController.c: Modules\RadioController.c: 0 warnings, 1 error
compiling EEPROM.c...
Devices\EEPROM.c(2): error:  #5: cannot open source input file "TWI.h": No such file or directory
Devices\EEPROM.c:   #include "TWI.h"
Devices\EEPROM.c:                   ^
Devices\EEPROM.c: Devices\EEPROM.c: 0 warnings, 1 error
compiling HMC5883.c...
Devices\HMC5883.c(2): error:  #5: cannot open source input file "TWI.h": No such file or directory
Devices\HMC5883.c:   #include "TWI.h"
Devices\HMC5883.c:                   ^
Devices\HMC5883.c: Devices\HMC5883.c: 0 warnings, 1 error
compiling MPU6000_SPI.c...
Devices\MPU6000_SPI.c(1): error:  #5: cannot open source input file "Drivers/SPI.h": No such file or directory
Devices\MPU6000_SPI.c:   #include "Drivers/SPI.h"
Devices\MPU6000_SPI.c:                           ^
Devices\MPU6000_SPI.c: Devices\MPU6000_SPI.c: 0 warnings, 1 error
compiling MS5611_SPI.c...
Devices\MS5611_SPI.c(1): error:  #5: cannot open source input file "SPI.h": No such file or directory
Devices\MS5611_SPI.c:   #include "SPI.h"
Devices\MS5611_SPI.c:                   ^
Devices\MS5611_SPI.c: Devices\MS5611_SPI.c: 0 warnings, 1 error
Target not created
Build target 'Target 1'
compiling main.c...
Main\main.c(10): error:  #5: cannot open source input file "Drivers/PWM.h": No such file or directory
Main\main.c:   #include "Drivers/PWM.h"
Main\main.c:                           ^
Main\main.c: Main\main.c: 0 warnings, 1 error
compiling timer.c...
Main\timer.c(3): error:  #5: cannot open source input file "SPI.h": No such file or directory
Main\timer.c:   #include "SPI.h"
Main\timer.c:                   ^
Main\timer.c: Main\timer.c: 0 warnings, 1 error
compiling ADC.c...
Drivers\ADC.c(2): error:  #5: cannot open source input file "global.h": No such file or directory
Drivers\ADC.c:   #include "global.h"
Drivers\ADC.c:                      ^
Drivers\ADC.c: Drivers\ADC.c: 0 warnings, 1 error
compiling GPS.c...
Drivers\GPS.h(3): error:  #5: cannot open source input file "global.h": No such file or directory
Drivers\GPS.h:   #include "global.h"
Drivers\GPS.h:                      ^
Drivers\GPS.h: Drivers\GPS.c: 0 warnings, 1 error
compiling PIO.c...
Drivers\PIO.c(3): error:  #5: cannot open source input file "timer.h": No such file or directory
Drivers\PIO.c:   #include "timer.h"
Drivers\PIO.c:                     ^
Drivers\PIO.c: Drivers\PIO.c: 0 warnings, 1 error
compiling PIT.c...
Drivers\PIT.c(4): error:  #5: cannot open source input file "global.h": No such file or directory
Drivers\PIT.c:   #include "global.h"
Drivers\PIT.c:                      ^
Drivers\PIT.c: Drivers\PIT.c: 0 warnings, 1 error
compiling PWM.c...
Drivers\PWM.c(4): error:  #5: cannot open source input file "global.h": No such file or directory
Drivers\PWM.c:   #include "global.h"
Drivers\PWM.c:                      ^
Drivers\PWM.c: Drivers\PWM.c: 0 warnings, 1 error
compiling SPI.c...
Drivers\SPI.c(2): error:  #5: cannot open source input file "global.h": No such file or directory
Drivers\SPI.c:   #include "global.h"
Drivers\SPI.c:                      ^
Drivers\SPI.c: Drivers\SPI.c: 0 warnings, 1 error
compiling TWI.c...
Drivers\TWI.c(3): error:  #5: cannot open source input file "IMU.h": No such file or directory
Drivers\TWI.c:   #include "IMU.h"
Drivers\TWI.c:                   ^
Drivers\TWI.c: Drivers\TWI.c: 0 warnings, 1 error
compiling USB.c...
Drivers\USB.h(18): error:  #5: cannot open source input file "lib_AT91SAM7S256.h": No such file or directory
Drivers\USB.h:   #include "lib_AT91SAM7S256.h"
Drivers\USB.h:                                ^
Drivers\USB.h: Drivers\USB.c: 0 warnings, 1 error
compiling XBee.c...
Drivers\XBee.h(3): error:  #5: cannot open source input file "global.h": No such file or directory
Drivers\XBee.h:   #include "global.h"
Drivers\XBee.h:                      ^
Drivers\XBee.h: Drivers\XBee.c: 0 warnings, 1 error
compiling AttitudeEstimator.c...
Modules\AttitudeEstimator.c(3): error:  #5: cannot open source input file "global.h": No such file or directory
Modules\AttitudeEstimator.c:   #include "global.h"
Modules\AttitudeEstimator.c:                      ^
Modules\AttitudeEstimator.c: Modules\AttitudeEstimator.c: 0 warnings, 1 error
compiling Controls.c...
Modules\Controls.c(1): error:  #5: cannot open source input file "global.h": No such file or directory
Modules\Controls.c:   #include "global.h"
Modules\Controls.c:                      ^
Modules\Controls.c: Modules\Controls.c: 0 warnings, 1 error
compiling Filter.c...
Modules\Filter.c(3): error:  #5: cannot open source input file "global.h": No such file or directory
Modules\Filter.c:   #include "global.h"
Modules\Filter.c:                      ^
Modules\Filter.c: Modules\Filter.c: 0 warnings, 1 error
compiling IMU.c...
Modules\IMU.c(1): error:  #5: cannot open source input file "global.h": No such file or directory
Modules\IMU.c:   #include "global.h"
Modules\IMU.c:                      ^
Modules\IMU.c: Modules\IMU.c: 0 warnings, 1 error
compiling MotorMixer.c...
Modules\MotorMixer.c(1): error:  #5: cannot open source input file "global.h": No such file or directory
Modules\MotorMixer.c:   #include "global.h"
Modules\MotorMixer.c:                      ^
Modules\MotorMixer.c: Modules\MotorMixer.c: 0 warnings, 1 error
compiling PositionEstimator.c...
Modules\PositionEstimator.c(2): error:  #5: cannot open source input file "global.h": No such file or directory
Modules\PositionEstimator.c:   #include "global.h"
Modules\PositionEstimator.c:                      ^
Modules\PositionEstimator.c: Modules\PositionEstimator.c: 0 warnings, 1 error
compiling RadioController.c...
Modules\RadioController.c(2): error:  #5: cannot open source input file "global.h": No such file or directory
Modules\RadioController.c:   #include "global.h"
Modules\RadioController.c:                      ^
Modules\RadioController.c: Modules\RadioController.c: 0 warnings, 1 error
compiling EEPROM.c...
Devices\EEPROM.c(2): error:  #5: cannot open source input file "TWI.h": No such file or directory
Devices\EEPROM.c:   #include "TWI.h"
Devices\EEPROM.c:                   ^
Devices\EEPROM.c: Devices\EEPROM.c: 0 warnings, 1 error
compiling HMC5883.c...
Devices\HMC5883.c(2): error:  #5: cannot open source input file "TWI.h": No such file or directory
Devices\HMC5883.c:   #include "TWI.h"
Devices\HMC5883.c:                   ^
Devices\HMC5883.c: Devices\HMC5883.c: 0 warnings, 1 error
compiling MPU6000_SPI.c...
Devices\MPU6000_SPI.c(1): error:  #5: cannot open source input file "Drivers/SPI.h": No such file or directory
Devices\MPU6000_SPI.c:   #include "Drivers/SPI.h"
Devices\MPU6000_SPI.c:                           ^
Devices\MPU6000_SPI.c: Devices\MPU6000_SPI.c: 0 warnings, 1 error
compiling MS5611_SPI.c...
Devices\MS5611_SPI.c(1): error:  #5: cannot open source input file "SPI.h": No such file or directory
Devices\MS5611_SPI.c:   #include "SPI.h"
Devices\MS5611_SPI.c:                   ^
Devices\MS5611_SPI.c: Devices\MS5611_SPI.c: 0 warnings, 1 error
Target not created
Build target 'Target 1'
compiling main.c...
Main\main.c(10): error:  #5: cannot open source input file "Drivers/PWM.h": No such file or directory
Main\main.c:   #include <Drivers/PWM.h>
Main\main.c:                           ^
Main\main.c: Main\main.c: 0 warnings, 1 error
compiling timer.c...
Main\timer.c(3): error:  #5: cannot open source input file "SPI.h": No such file or directory
Main\timer.c:   #include "SPI.h"
Main\timer.c:                   ^
Main\timer.c: Main\timer.c: 0 warnings, 1 error
compiling ADC.c...
Drivers\ADC.c(2): error:  #5: cannot open source input file "global.h": No such file or directory
Drivers\ADC.c:   #include "global.h"
Drivers\ADC.c:                      ^
Drivers\ADC.c: Drivers\ADC.c: 0 warnings, 1 error
compiling GPS.c...
Drivers\GPS.h(3): error:  #5: cannot open source input file "global.h": No such file or directory
Drivers\GPS.h:   #include "global.h"
Drivers\GPS.h:                      ^
Drivers\GPS.h: Drivers\GPS.c: 0 warnings, 1 error
compiling PIO.c...
Drivers\PIO.c(3): error:  #5: cannot open source input file "timer.h": No such file or directory
Drivers\PIO.c:   #include "timer.h"
Drivers\PIO.c:                     ^
Drivers\PIO.c: Drivers\PIO.c: 0 warnings, 1 error
compiling PIT.c...
Drivers\PIT.c(4): error:  #5: cannot open source input file "global.h": No such file or directory
Drivers\PIT.c:   #include "global.h"
Drivers\PIT.c:                      ^
Drivers\PIT.c: Drivers\PIT.c: 0 warnings, 1 error
compiling PWM.c...
Drivers\PWM.c(4): error:  #5: cannot open source input file "global.h": No such file or directory
Drivers\PWM.c:   #include "global.h"
Drivers\PWM.c:                      ^
Drivers\PWM.c: Drivers\PWM.c: 0 warnings, 1 error
compiling SPI.c...
Drivers\SPI.c(2): error:  #5: cannot open source input file "global.h": No such file or directory
Drivers\SPI.c:   #include "global.h"
Drivers\SPI.c:                      ^
Drivers\SPI.c: Drivers\SPI.c: 0 warnings, 1 error
compiling TWI.c...
Drivers\TWI.c(3): error:  #5: cannot open source input file "IMU.h": No such file or directory
Drivers\TWI.c:   #include "IMU.h"
Drivers\TWI.c:                   ^
Drivers\TWI.c: Drivers\TWI.c: 0 warnings, 1 error
compiling USB.c...
Drivers\USB.h(18): error:  #5: cannot open source input file "lib_AT91SAM7S256.h": No such file or directory
Drivers\USB.h:   #include "lib_AT91SAM7S256.h"
Drivers\USB.h:                                ^
Drivers\USB.h: Drivers\USB.c: 0 warnings, 1 error
compiling XBee.c...
Drivers\XBee.h(3): error:  #5: cannot open source input file "global.h": No such file or directory
Drivers\XBee.h:   #include "global.h"
Drivers\XBee.h:                      ^
Drivers\XBee.h: Drivers\XBee.c: 0 warnings, 1 error
compiling AttitudeEstimator.c...
Modules\AttitudeEstimator.c(3): error:  #5: cannot open source input file "global.h": No such file or directory
Modules\AttitudeEstimator.c:   #include "global.h"
Modules\AttitudeEstimator.c:                      ^
Modules\AttitudeEstimator.c: Modules\AttitudeEstimator.c: 0 warnings, 1 error
compiling Controls.c...
Modules\Controls.c(1): error:  #5: cannot open source input file "global.h": No such file or directory
Modules\Controls.c:   #include "global.h"
Modules\Controls.c:                      ^
Modules\Controls.c: Modules\Controls.c: 0 warnings, 1 error
compiling Filter.c...
Modules\Filter.c(3): error:  #5: cannot open source input file "global.h": No such file or directory
Modules\Filter.c:   #include "global.h"
Modules\Filter.c:                      ^
Modules\Filter.c: Modules\Filter.c: 0 warnings, 1 error
compiling IMU.c...
Modules\IMU.c(1): error:  #5: cannot open source input file "global.h": No such file or directory
Modules\IMU.c:   #include "global.h"
Modules\IMU.c:                      ^
Modules\IMU.c: Modules\IMU.c: 0 warnings, 1 error
compiling MotorMixer.c...
Modules\MotorMixer.c(1): error:  #5: cannot open source input file "global.h": No such file or directory
Modules\MotorMixer.c:   #include "global.h"
Modules\MotorMixer.c:                      ^
Modules\MotorMixer.c: Modules\MotorMixer.c: 0 warnings, 1 error
compiling PositionEstimator.c...
Modules\PositionEstimator.c(2): error:  #5: cannot open source input file "global.h": No such file or directory
Modules\PositionEstimator.c:   #include "global.h"
Modules\PositionEstimator.c:                      ^
Modules\PositionEstimator.c: Modules\PositionEstimator.c: 0 warnings, 1 error
compiling RadioController.c...
Modules\RadioController.c(2): error:  #5: cannot open source input file "global.h": No such file or directory
Modules\RadioController.c:   #include "global.h"
Modules\RadioController.c:                      ^
Modules\RadioController.c: Modules\RadioController.c: 0 warnings, 1 error
compiling EEPROM.c...
Devices\EEPROM.c(2): error:  #5: cannot open source input file "TWI.h": No such file or directory
Devices\EEPROM.c:   #include "TWI.h"
Devices\EEPROM.c:                   ^
Devices\EEPROM.c: Devices\EEPROM.c: 0 warnings, 1 error
compiling HMC5883.c...
Devices\HMC5883.c(2): error:  #5: cannot open source input file "TWI.h": No such file or directory
Devices\HMC5883.c:   #include "TWI.h"
Devices\HMC5883.c:                   ^
Devices\HMC5883.c: Devices\HMC5883.c: 0 warnings, 1 error
compiling MPU6000_SPI.c...
Devices\MPU6000_SPI.c(1): error:  #5: cannot open source input file "Drivers/SPI.h": No such file or directory
Devices\MPU6000_SPI.c:   #include "Drivers/SPI.h"
Devices\MPU6000_SPI.c:                           ^
Devices\MPU6000_SPI.c: Devices\MPU6000_SPI.c: 0 warnings, 1 error
compiling MS5611_SPI.c...
Devices\MS5611_SPI.c(1): error:  #5: cannot open source input file "SPI.h": No such file or directory
Devices\MS5611_SPI.c:   #include "SPI.h"
Devices\MS5611_SPI.c:                   ^
Devices\MS5611_SPI.c: Devices\MS5611_SPI.c: 0 warnings, 1 error
Target not created
Build target 'Target 1'
compiling test_cpp.cpp...
compiling main.c...
Main\main.c(11): error:  #5: cannot open source input file "Drivers/USB.h": No such file or directory
Main\main.c:   #include "Drivers/USB.h"
Main\main.c:                           ^
Main\main.c: Main\main.c: 0 warnings, 1 error
compiling commons.c...
compiling timer.c...
Main\timer.c(3): error:  #5: cannot open source input file "SPI.h": No such file or directory
Main\timer.c:   #include "SPI.h"
Main\timer.c:                   ^
Main\timer.c: Main\timer.c: 0 warnings, 1 error
compiling ADC.c...
Drivers\ADC.c(2): error:  #5: cannot open source input file "global.h": No such file or directory
Drivers\ADC.c:   #include "global.h"
Drivers\ADC.c:                      ^
Drivers\ADC.c: Drivers\ADC.c: 0 warnings, 1 error
compiling GPS.c...
Drivers\GPS.h(3): error:  #5: cannot open source input file "global.h": No such file or directory
Drivers\GPS.h:   #include "global.h"
Drivers\GPS.h:                      ^
Drivers\GPS.h: Drivers\GPS.c: 0 warnings, 1 error
compiling PIO.c...
Drivers\PIO.c(3): error:  #5: cannot open source input file "timer.h": No such file or directory
Drivers\PIO.c:   #include "timer.h"
Drivers\PIO.c:                     ^
Drivers\PIO.c: Drivers\PIO.c: 0 warnings, 1 error
compiling PIT.c...
Drivers\PIT.c(4): error:  #5: cannot open source input file "global.h": No such file or directory
Drivers\PIT.c:   #include "global.h"
Drivers\PIT.c:                      ^
Drivers\PIT.c: Drivers\PIT.c: 0 warnings, 1 error
compiling PWM.c...
Drivers\PWM.c(4): error:  #5: cannot open source input file "global.h": No such file or directory
Drivers\PWM.c:   #include "global.h"
Drivers\PWM.c:                      ^
Drivers\PWM.c: Drivers\PWM.c: 0 warnings, 1 error
compiling SPI.c...
Drivers\SPI.c(2): error:  #5: cannot open source input file "global.h": No such file or directory
Drivers\SPI.c:   #include "global.h"
Drivers\SPI.c:                      ^
Drivers\SPI.c: Drivers\SPI.c: 0 warnings, 1 error
compiling TWI.c...
Drivers\TWI.c(3): error:  #5: cannot open source input file "IMU.h": No such file or directory
Drivers\TWI.c:   #include "IMU.h"
Drivers\TWI.c:                   ^
Drivers\TWI.c: Drivers\TWI.c: 0 warnings, 1 error
compiling USB.c...
Drivers\USB.h(18): error:  #5: cannot open source input file "lib_AT91SAM7S256.h": No such file or directory
Drivers\USB.h:   #include "lib_AT91SAM7S256.h"
Drivers\USB.h:                                ^
Drivers\USB.h: Drivers\USB.c: 0 warnings, 1 error
compiling XBee.c...
Drivers\XBee.h(3): error:  #5: cannot open source input file "global.h": No such file or directory
Drivers\XBee.h:   #include "global.h"
Drivers\XBee.h:                      ^
Drivers\XBee.h: Drivers\XBee.c: 0 warnings, 1 error
compiling AttitudeEstimator.c...
Modules\AttitudeEstimator.c(3): error:  #5: cannot open source input file "global.h": No such file or directory
Modules\AttitudeEstimator.c:   #include "global.h"
Modules\AttitudeEstimator.c:                      ^
Modules\AttitudeEstimator.c: Modules\AttitudeEstimator.c: 0 warnings, 1 error
compiling Controls.c...
Modules\Controls.c(1): error:  #5: cannot open source input file "global.h": No such file or directory
Modules\Controls.c:   #include "global.h"
Modules\Controls.c:                      ^
Modules\Controls.c: Modules\Controls.c: 0 warnings, 1 error
compiling Filter.c...
Modules\Filter.c(3): error:  #5: cannot open source input file "global.h": No such file or directory
Modules\Filter.c:   #include "global.h"
Modules\Filter.c:                      ^
Modules\Filter.c: Modules\Filter.c: 0 warnings, 1 error
compiling IMU.c...
Modules\IMU.c(1): error:  #5: cannot open source input file "global.h": No such file or directory
Modules\IMU.c:   #include "global.h"
Modules\IMU.c:                      ^
Modules\IMU.c: Modules\IMU.c: 0 warnings, 1 error
compiling MotorMixer.c...
Modules\MotorMixer.c(1): error:  #5: cannot open source input file "global.h": No such file or directory
Modules\MotorMixer.c:   #include "global.h"
Modules\MotorMixer.c:                      ^
Modules\MotorMixer.c: Modules\MotorMixer.c: 0 warnings, 1 error
compiling PositionEstimator.c...
Modules\PositionEstimator.c(2): error:  #5: cannot open source input file "global.h": No such file or directory
Modules\PositionEstimator.c:   #include "global.h"
Modules\PositionEstimator.c:                      ^
Modules\PositionEstimator.c: Modules\PositionEstimator.c: 0 warnings, 1 error
compiling RadioController.c...
Modules\RadioController.c(2): error:  #5: cannot open source input file "global.h": No such file or directory
Modules\RadioController.c:   #include "global.h"
Modules\RadioController.c:                      ^
Modules\RadioController.c: Modules\RadioController.c: 0 warnings, 1 error
compiling EEPROM.c...
Devices\EEPROM.c(2): error:  #5: cannot open source input file "TWI.h": No such file or directory
Devices\EEPROM.c:   #include "TWI.h"
Devices\EEPROM.c:                   ^
Devices\EEPROM.c: Devices\EEPROM.c: 0 warnings, 1 error
compiling HMC5883.c...
Devices\HMC5883.c(2): error:  #5: cannot open source input file "TWI.h": No such file or directory
Devices\HMC5883.c:   #include "TWI.h"
Devices\HMC5883.c:                   ^
Devices\HMC5883.c: Devices\HMC5883.c: 0 warnings, 1 error
compiling MPU6000_SPI.c...
Devices\MPU6000_SPI.c(1): error:  #5: cannot open source input file "Drivers/SPI.h": No such file or directory
Devices\MPU6000_SPI.c:   #include "Drivers/SPI.h"
Devices\MPU6000_SPI.c:                           ^
Devices\MPU6000_SPI.c: Devices\MPU6000_SPI.c: 0 warnings, 1 error
compiling MS5611_SPI.c...
Devices\MS5611_SPI.c(1): error:  #5: cannot open source input file "SPI.h": No such file or directory
Devices\MS5611_SPI.c:   #include "SPI.h"
Devices\MS5611_SPI.c:                   ^
Devices\MS5611_SPI.c: Devices\MS5611_SPI.c: 0 warnings, 1 error
Target not created
Build target 'Target 1'
compiling test_cpp.cpp...
compiling main.c...
Main\../Drivers/USB.h(18): error:  #5: cannot open source input file "lib_AT91SAM7S256.h": No such file or directory
Main\../Drivers/USB.h:   #include "lib_AT91SAM7S256.h"
Main\../Drivers/USB.h:                                ^
Main\../Drivers/USB.h: Main\main.c: 0 warnings, 1 error
compiling commons.c...
compiling timer.c...
Main\timer.c(3): error:  #5: cannot open source input file "SPI.h": No such file or directory
Main\timer.c:   #include "SPI.h"
Main\timer.c:                   ^
Main\timer.c: Main\timer.c: 0 warnings, 1 error
compiling ADC.c...
Drivers\ADC.c(2): error:  #5: cannot open source input file "global.h": No such file or directory
Drivers\ADC.c:   #include "global.h"
Drivers\ADC.c:                      ^
Drivers\ADC.c: Drivers\ADC.c: 0 warnings, 1 error
compiling GPS.c...
Drivers\GPS.h(3): error:  #5: cannot open source input file "global.h": No such file or directory
Drivers\GPS.h:   #include "global.h"
Drivers\GPS.h:                      ^
Drivers\GPS.h: Drivers\GPS.c: 0 warnings, 1 error
compiling PIO.c...
Drivers\PIO.c(3): error:  #5: cannot open source input file "timer.h": No such file or directory
Drivers\PIO.c:   #include "timer.h"
Drivers\PIO.c:                     ^
Drivers\PIO.c: Drivers\PIO.c: 0 warnings, 1 error
compiling PIT.c...
Drivers\PIT.c(4): error:  #5: cannot open source input file "global.h": No such file or directory
Drivers\PIT.c:   #include "global.h"
Drivers\PIT.c:                      ^
Drivers\PIT.c: Drivers\PIT.c: 0 warnings, 1 error
compiling PWM.c...
Drivers\PWM.c(4): error:  #5: cannot open source input file "global.h": No such file or directory
Drivers\PWM.c:   #include "global.h"
Drivers\PWM.c:                      ^
Drivers\PWM.c: Drivers\PWM.c: 0 warnings, 1 error
compiling SPI.c...
Drivers\SPI.c(2): error:  #5: cannot open source input file "global.h": No such file or directory
Drivers\SPI.c:   #include "global.h"
Drivers\SPI.c:                      ^
Drivers\SPI.c: Drivers\SPI.c: 0 warnings, 1 error
compiling TWI.c...
Drivers\TWI.c(3): error:  #5: cannot open source input file "IMU.h": No such file or directory
Drivers\TWI.c:   #include "IMU.h"
Drivers\TWI.c:                   ^
Drivers\TWI.c: Drivers\TWI.c: 0 warnings, 1 error
compiling USB.c...
Drivers\USB.h(18): error:  #5: cannot open source input file "lib_AT91SAM7S256.h": No such file or directory
Drivers\USB.h:   #include "lib_AT91SAM7S256.h"
Drivers\USB.h:                                ^
Drivers\USB.h: Drivers\USB.c: 0 warnings, 1 error
compiling XBee.c...
Drivers\XBee.h(3): error:  #5: cannot open source input file "global.h": No such file or directory
Drivers\XBee.h:   #include "global.h"
Drivers\XBee.h:                      ^
Drivers\XBee.h: Drivers\XBee.c: 0 warnings, 1 error
compiling AttitudeEstimator.c...
Modules\AttitudeEstimator.c(3): error:  #5: cannot open source input file "global.h": No such file or directory
Modules\AttitudeEstimator.c:   #include "global.h"
Modules\AttitudeEstimator.c:                      ^
Modules\AttitudeEstimator.c: Modules\AttitudeEstimator.c: 0 warnings, 1 error
compiling Controls.c...
Modules\Controls.c(1): error:  #5: cannot open source input file "global.h": No such file or directory
Modules\Controls.c:   #include "global.h"
Modules\Controls.c:                      ^
Modules\Controls.c: Modules\Controls.c: 0 warnings, 1 error
compiling Filter.c...
Modules\Filter.c(3): error:  #5: cannot open source input file "global.h": No such file or directory
Modules\Filter.c:   #include "global.h"
Modules\Filter.c:                      ^
Modules\Filter.c: Modules\Filter.c: 0 warnings, 1 error
compiling IMU.c...
Modules\IMU.c(1): error:  #5: cannot open source input file "global.h": No such file or directory
Modules\IMU.c:   #include "global.h"
Modules\IMU.c:                      ^
Modules\IMU.c: Modules\IMU.c: 0 warnings, 1 error
compiling MotorMixer.c...
Modules\MotorMixer.c(1): error:  #5: cannot open source input file "global.h": No such file or directory
Modules\MotorMixer.c:   #include "global.h"
Modules\MotorMixer.c:                      ^
Modules\MotorMixer.c: Modules\MotorMixer.c: 0 warnings, 1 error
compiling PositionEstimator.c...
Modules\PositionEstimator.c(2): error:  #5: cannot open source input file "global.h": No such file or directory
Modules\PositionEstimator.c:   #include "global.h"
Modules\PositionEstimator.c:                      ^
Modules\PositionEstimator.c: Modules\PositionEstimator.c: 0 warnings, 1 error
compiling RadioController.c...
Modules\RadioController.c(2): error:  #5: cannot open source input file "global.h": No such file or directory
Modules\RadioController.c:   #include "global.h"
Modules\RadioController.c:                      ^
Modules\RadioController.c: Modules\RadioController.c: 0 warnings, 1 error
compiling EEPROM.c...
Devices\EEPROM.c(2): error:  #5: cannot open source input file "TWI.h": No such file or directory
Devices\EEPROM.c:   #include "TWI.h"
Devices\EEPROM.c:                   ^
Devices\EEPROM.c: Devices\EEPROM.c: 0 warnings, 1 error
compiling HMC5883.c...
Devices\HMC5883.c(2): error:  #5: cannot open source input file "TWI.h": No such file or directory
Devices\HMC5883.c:   #include "TWI.h"
Devices\HMC5883.c:                   ^
Devices\HMC5883.c: Devices\HMC5883.c: 0 warnings, 1 error
compiling MPU6000_SPI.c...
Devices\MPU6000_SPI.c(1): error:  #5: cannot open source input file "Drivers/SPI.h": No such file or directory
Devices\MPU6000_SPI.c:   #include "Drivers/SPI.h"
Devices\MPU6000_SPI.c:                           ^
Devices\MPU6000_SPI.c: Devices\MPU6000_SPI.c: 0 warnings, 1 error
compiling MS5611_SPI.c...
Devices\MS5611_SPI.c(1): error:  #5: cannot open source input file "SPI.h": No such file or directory
Devices\MS5611_SPI.c:   #include "SPI.h"
Devices\MS5611_SPI.c:                   ^
Devices\MS5611_SPI.c: Devices\MS5611_SPI.c: 0 warnings, 1 error
Target not created
Build target 'Target 1'
compiling test_cpp.cpp...
compiling main.c...
Main\../Drivers/XBee.h(3): error:  #5: cannot open source input file "global.h": No such file or directory
Main\../Drivers/XBee.h:   #include "global.h"
Main\../Drivers/XBee.h:                      ^
Main\../Drivers/XBee.h: Main\main.c: 0 warnings, 1 error
compiling commons.c...
compiling timer.c...
compiling ADC.c...
Drivers\ADC.c(2): error:  #5: cannot open source input file "global.h": No such file or directory
Drivers\ADC.c:   #include "global.h"
Drivers\ADC.c:                      ^
Drivers\ADC.c: Drivers\ADC.c: 0 warnings, 1 error
compiling GPS.c...
Drivers\GPS.c(3): error:  #5: cannot open source input file "global.h": No such file or directory
Drivers\GPS.c:   #include "global.h"
Drivers\GPS.c:                      ^
Drivers\GPS.c: Drivers\GPS.c: 0 warnings, 1 error
compiling PIO.c...
compiling PIT.c...
compiling PWM.c...
compiling SPI.c...
compiling TWI.c...
compiling USB.c...
Drivers\USB.c(21): error:  #5: cannot open source input file "global.h": No such file or directory
Drivers\USB.c:   #include "global.h"
Drivers\USB.c:                      ^
Drivers\USB.c: Drivers\USB.c: 0 warnings, 1 error
compiling XBee.c...
Drivers\XBee.h(3): error:  #5: cannot open source input file "global.h": No such file or directory
Drivers\XBee.h:   #include "global.h"
Drivers\XBee.h:                      ^
Drivers\XBee.h: Drivers\XBee.c: 0 warnings, 1 error
compiling AttitudeEstimator.c...
Modules\AttitudeEstimator.c(3): error:  #5: cannot open source input file "global.h": No such file or directory
Modules\AttitudeEstimator.c:   #include "global.h"
Modules\AttitudeEstimator.c:                      ^
Modules\AttitudeEstimator.c: Modules\AttitudeEstimator.c: 0 warnings, 1 error
compiling Controls.c...
Modules\Controls.c(1): error:  #5: cannot open source input file "global.h": No such file or directory
Modules\Controls.c:   #include "global.h"
Modules\Controls.c:                      ^
Modules\Controls.c: Modules\Controls.c: 0 warnings, 1 error
compiling Filter.c...
Modules\Filter.c(3): error:  #5: cannot open source input file "global.h": No such file or directory
Modules\Filter.c:   #include "global.h"
Modules\Filter.c:                      ^
Modules\Filter.c: Modules\Filter.c: 0 warnings, 1 error
compiling IMU.c...
Modules\IMU.c(1): error:  #5: cannot open source input file "global.h": No such file or directory
Modules\IMU.c:   #include "global.h"
Modules\IMU.c:                      ^
Modules\IMU.c: Modules\IMU.c: 0 warnings, 1 error
compiling MotorMixer.c...
Modules\MotorMixer.c(1): error:  #5: cannot open source input file "global.h": No such file or directory
Modules\MotorMixer.c:   #include "global.h"
Modules\MotorMixer.c:                      ^
Modules\MotorMixer.c: Modules\MotorMixer.c: 0 warnings, 1 error
compiling PositionEstimator.c...
Modules\PositionEstimator.c(2): error:  #5: cannot open source input file "global.h": No such file or directory
Modules\PositionEstimator.c:   #include "global.h"
Modules\PositionEstimator.c:                      ^
Modules\PositionEstimator.c: Modules\PositionEstimator.c: 0 warnings, 1 error
compiling RadioController.c...
Modules\RadioController.c(2): error:  #5: cannot open source input file "global.h": No such file or directory
Modules\RadioController.c:   #include "global.h"
Modules\RadioController.c:                      ^
Modules\RadioController.c: Modules\RadioController.c: 0 warnings, 1 error
compiling EEPROM.c...
Devices\EEPROM.c(2): error:  #5: cannot open source input file "TWI.h": No such file or directory
Devices\EEPROM.c:   #include "TWI.h"
Devices\EEPROM.c:                   ^
Devices\EEPROM.c: Devices\EEPROM.c: 0 warnings, 1 error
compiling HMC5883.c...
Devices\HMC5883.c(2): error:  #5: cannot open source input file "TWI.h": No such file or directory
Devices\HMC5883.c:   #include "TWI.h"
Devices\HMC5883.c:                   ^
Devices\HMC5883.c: Devices\HMC5883.c: 0 warnings, 1 error
compiling MPU6000_SPI.c...
Devices\MPU6000_SPI.c(1): error:  #5: cannot open source input file "Drivers/SPI.h": No such file or directory
Devices\MPU6000_SPI.c:   #include "Drivers/SPI.h"
Devices\MPU6000_SPI.c:                           ^
Devices\MPU6000_SPI.c: Devices\MPU6000_SPI.c: 0 warnings, 1 error
compiling MS5611_SPI.c...
Devices\MS5611_SPI.c(1): error:  #5: cannot open source input file "SPI.h": No such file or directory
Devices\MS5611_SPI.c:   #include "SPI.h"
Devices\MS5611_SPI.c:                   ^
Devices\MS5611_SPI.c: Devices\MS5611_SPI.c: 0 warnings, 1 error
Target not created
Build target 'Target 1'
compiling test_cpp.cpp...
compiling main.c...
compiling commons.c...
compiling timer.c...
compiling ADC.c...
Drivers\ADC.c(38): warning:  #223-D: function "constrain" declared implicitly
Drivers\ADC.c:          voltage = constrain(data*195/43,3000,4300);
Drivers\ADC.c:                    ^
Drivers\ADC.c: Drivers\ADC.c: 1 warning, 0 errors
compiling GPS.c...
compiling PIO.c...
compiling PIT.c...
compiling PWM.c...
compiling SPI.c...
compiling TWI.c...
compiling USB.c...
compiling XBee.c...
Drivers\XBee.c(4): error:  #5: cannot open source input file "global.h": No such file or directory
Drivers\XBee.c:   #include "global.h"
Drivers\XBee.c:                      ^
Drivers\XBee.c: Drivers\XBee.c: 0 warnings, 1 error
compiling AttitudeEstimator.c...
compiling Controls.c...
Modules\Controls.c(1): error:  #5: cannot open source input file "global.h": No such file or directory
Modules\Controls.c:   #include "global.h"
Modules\Controls.c:                      ^
Modules\Controls.c: Modules\Controls.c: 0 warnings, 1 error
compiling Filter.c...
Modules\Filter.c(3): error:  #5: cannot open source input file "global.h": No such file or directory
Modules\Filter.c:   #include "global.h"
Modules\Filter.c:                      ^
Modules\Filter.c: Modules\Filter.c: 0 warnings, 1 error
compiling IMU.c...
Modules\IMU.c(1): error:  #5: cannot open source input file "global.h": No such file or directory
Modules\IMU.c:   #include "global.h"
Modules\IMU.c:                      ^
Modules\IMU.c: Modules\IMU.c: 0 warnings, 1 error
compiling MotorMixer.c...
Modules\MotorMixer.c(1): error:  #5: cannot open source input file "global.h": No such file or directory
Modules\MotorMixer.c:   #include "global.h"
Modules\MotorMixer.c:                      ^
Modules\MotorMixer.c: Modules\MotorMixer.c: 0 warnings, 1 error
compiling PositionEstimator.c...
Modules\PositionEstimator.c(2): error:  #5: cannot open source input file "global.h": No such file or directory
Modules\PositionEstimator.c:   #include "global.h"
Modules\PositionEstimator.c:                      ^
Modules\PositionEstimator.c: Modules\PositionEstimator.c: 0 warnings, 1 error
compiling RadioController.c...
Modules\RadioController.c(2): error:  #5: cannot open source input file "global.h": No such file or directory
Modules\RadioController.c:   #include "global.h"
Modules\RadioController.c:                      ^
Modules\RadioController.c: Modules\RadioController.c: 0 warnings, 1 error
compiling EEPROM.c...
Devices\EEPROM.c(2): error:  #5: cannot open source input file "TWI.h": No such file or directory
Devices\EEPROM.c:   #include "TWI.h"
Devices\EEPROM.c:                   ^
Devices\EEPROM.c: Devices\EEPROM.c: 0 warnings, 1 error
compiling HMC5883.c...
Devices\HMC5883.c(2): error:  #5: cannot open source input file "TWI.h": No such file or directory
Devices\HMC5883.c:   #include "TWI.h"
Devices\HMC5883.c:                   ^
Devices\HMC5883.c: Devices\HMC5883.c: 0 warnings, 1 error
compiling MPU6000_SPI.c...
Devices\MPU6000_SPI.c(1): error:  #5: cannot open source input file "Drivers/SPI.h": No such file or directory
Devices\MPU6000_SPI.c:   #include "Drivers/SPI.h"
Devices\MPU6000_SPI.c:                           ^
Devices\MPU6000_SPI.c: Devices\MPU6000_SPI.c: 0 warnings, 1 error
compiling MS5611_SPI.c...
Devices\MS5611_SPI.c(1): error:  #5: cannot open source input file "SPI.h": No such file or directory
Devices\MS5611_SPI.c:   #include "SPI.h"
Devices\MS5611_SPI.c:                   ^
Devices\MS5611_SPI.c: Devices\MS5611_SPI.c: 0 warnings, 1 error
Target not created
Build target 'Target 1'
compiling test_cpp.cpp...
compiling main.c...
compiling commons.c...
compiling timer.c...
compiling ADC.c...
compiling GPS.c...
compiling PIO.c...
compiling PIT.c...
compiling PWM.c...
compiling SPI.c...
compiling TWI.c...
compiling USB.c...
compiling XBee.c...
Drivers\XBee.c(4): error:  #5: cannot open source input file "global.h": No such file or directory
Drivers\XBee.c:   #include "global.h"
Drivers\XBee.c:                      ^
Drivers\XBee.c: Drivers\XBee.c: 0 warnings, 1 error
compiling AttitudeEstimator.c...
compiling Controls.c...
Modules\Controls.c(1): error:  #5: cannot open source input file "global.h": No such file or directory
Modules\Controls.c:   #include "global.h"
Modules\Controls.c:                      ^
Modules\Controls.c: Modules\Controls.c: 0 warnings, 1 error
compiling Filter.c...
Modules\Filter.c(3): error:  #5: cannot open source input file "global.h": No such file or directory
Modules\Filter.c:   #include "global.h"
Modules\Filter.c:                      ^
Modules\Filter.c: Modules\Filter.c: 0 warnings, 1 error
compiling IMU.c...
Modules\IMU.c(1): error:  #5: cannot open source input file "global.h": No such file or directory
Modules\IMU.c:   #include "global.h"
Modules\IMU.c:                      ^
Modules\IMU.c: Modules\IMU.c: 0 warnings, 1 error
compiling MotorMixer.c...
Modules\MotorMixer.c(1): error:  #5: cannot open source input file "global.h": No such file or directory
Modules\MotorMixer.c:   #include "global.h"
Modules\MotorMixer.c:                      ^
Modules\MotorMixer.c: Modules\MotorMixer.c: 0 warnings, 1 error
compiling PositionEstimator.c...
Modules\PositionEstimator.c(2): error:  #5: cannot open source input file "global.h": No such file or directory
Modules\PositionEstimator.c:   #include "global.h"
Modules\PositionEstimator.c:                      ^
Modules\PositionEstimator.c: Modules\PositionEstimator.c: 0 warnings, 1 error
compiling RadioController.c...
Modules\RadioController.c(2): error:  #5: cannot open source input file "global.h": No such file or directory
Modules\RadioController.c:   #include "global.h"
Modules\RadioController.c:                      ^
Modules\RadioController.c: Modules\RadioController.c: 0 warnings, 1 error
compiling EEPROM.c...
Devices\EEPROM.c(2): error:  #5: cannot open source input file "TWI.h": No such file or directory
Devices\EEPROM.c:   #include "TWI.h"
Devices\EEPROM.c:                   ^
Devices\EEPROM.c: Devices\EEPROM.c: 0 warnings, 1 error
compiling HMC5883.c...
Devices\HMC5883.c(2): error:  #5: cannot open source input file "TWI.h": No such file or directory
Devices\HMC5883.c:   #include "TWI.h"
Devices\HMC5883.c:                   ^
Devices\HMC5883.c: Devices\HMC5883.c: 0 warnings, 1 error
compiling MPU6000_SPI.c...
Devices\MPU6000_SPI.c(1): error:  #5: cannot open source input file "Drivers/SPI.h": No such file or directory
Devices\MPU6000_SPI.c:   #include "Drivers/SPI.h"
Devices\MPU6000_SPI.c:                           ^
Devices\MPU6000_SPI.c: Devices\MPU6000_SPI.c: 0 warnings, 1 error
compiling MS5611_SPI.c...
Devices\MS5611_SPI.c(1): error:  #5: cannot open source input file "SPI.h": No such file or directory
Devices\MS5611_SPI.c:   #include "SPI.h"
Devices\MS5611_SPI.c:                   ^
Devices\MS5611_SPI.c: Devices\MS5611_SPI.c: 0 warnings, 1 error
Target not created
Build target 'Target 1'
compiling XBee.c...
compiling Controls.c...
Modules\Controls.c(1): error:  #5: cannot open source input file "global.h": No such file or directory
Modules\Controls.c:   #include "global.h"
Modules\Controls.c:                      ^
Modules\Controls.c: Modules\Controls.c: 0 warnings, 1 error
compiling Filter.c...
Modules\Filter.c(3): error:  #5: cannot open source input file "global.h": No such file or directory
Modules\Filter.c:   #include "global.h"
Modules\Filter.c:                      ^
Modules\Filter.c: Modules\Filter.c: 0 warnings, 1 error
compiling IMU.c...
Modules\IMU.c(1): error:  #5: cannot open source input file "global.h": No such file or directory
Modules\IMU.c:   #include "global.h"
Modules\IMU.c:                      ^
Modules\IMU.c: Modules\IMU.c: 0 warnings, 1 error
compiling MotorMixer.c...
Modules\MotorMixer.c(1): error:  #5: cannot open source input file "global.h": No such file or directory
Modules\MotorMixer.c:   #include "global.h"
Modules\MotorMixer.c:                      ^
Modules\MotorMixer.c: Modules\MotorMixer.c: 0 warnings, 1 error
compiling PositionEstimator.c...
Modules\PositionEstimator.c(2): error:  #5: cannot open source input file "global.h": No such file or directory
Modules\PositionEstimator.c:   #include "global.h"
Modules\PositionEstimator.c:                      ^
Modules\PositionEstimator.c: Modules\PositionEstimator.c: 0 warnings, 1 error
compiling RadioController.c...
Modules\RadioController.c(2): error:  #5: cannot open source input file "global.h": No such file or directory
Modules\RadioController.c:   #include "global.h"
Modules\RadioController.c:                      ^
Modules\RadioController.c: Modules\RadioController.c: 0 warnings, 1 error
compiling EEPROM.c...
Devices\EEPROM.c(2): error:  #5: cannot open source input file "TWI.h": No such file or directory
Devices\EEPROM.c:   #include "TWI.h"
Devices\EEPROM.c:                   ^
Devices\EEPROM.c: Devices\EEPROM.c: 0 warnings, 1 error
compiling HMC5883.c...
Devices\HMC5883.c(2): error:  #5: cannot open source input file "TWI.h": No such file or directory
Devices\HMC5883.c:   #include "TWI.h"
Devices\HMC5883.c:                   ^
Devices\HMC5883.c: Devices\HMC5883.c: 0 warnings, 1 error
compiling MPU6000_SPI.c...
Devices\MPU6000_SPI.c(1): error:  #5: cannot open source input file "Drivers/SPI.h": No such file or directory
Devices\MPU6000_SPI.c:   #include "Drivers/SPI.h"
Devices\MPU6000_SPI.c:                           ^
Devices\MPU6000_SPI.c: Devices\MPU6000_SPI.c: 0 warnings, 1 error
compiling MS5611_SPI.c...
Devices\MS5611_SPI.c(1): error:  #5: cannot open source input file "SPI.h": No such file or directory
Devices\MS5611_SPI.c:   #include "SPI.h"
Devices\MS5611_SPI.c:                   ^
Devices\MS5611_SPI.c: Devices\MS5611_SPI.c: 0 warnings, 1 error
Target not created
Build target 'Target 1'
compiling test_cpp.cpp...
compiling main.c...
compiling commons.c...
compiling timer.c...
compiling ADC.c...
compiling GPS.c...
compiling PIO.c...
compiling PIT.c...
compiling PWM.c...
compiling SPI.c...
compiling TWI.c...
compiling USB.c...
compiling XBee.c...
compiling AttitudeEstimator.c...
compiling Controls.c...
compiling Filter.c...
compiling IMU.c...
compiling MotorMixer.c...
Modules\MotorMixer.c(1): error:  #5: cannot open source input file "global.h": No such file or directory
Modules\MotorMixer.c:   #include "global.h"
Modules\MotorMixer.c:                      ^
Modules\MotorMixer.c: Modules\MotorMixer.c: 0 warnings, 1 error
compiling PositionEstimator.c...
Modules\PositionEstimator.c(2): error:  #5: cannot open source input file "global.h": No such file or directory
Modules\PositionEstimator.c:   #include "global.h"
Modules\PositionEstimator.c:                      ^
Modules\PositionEstimator.c: Modules\PositionEstimator.c: 0 warnings, 1 error
compiling RadioController.c...
Modules\RadioController.c(2): error:  #5: cannot open source input file "global.h": No such file or directory
Modules\RadioController.c:   #include "global.h"
Modules\RadioController.c:                      ^
Modules\RadioController.c: Modules\RadioController.c: 0 warnings, 1 error
compiling EEPROM.c...
Devices\EEPROM.c(2): error:  #5: cannot open source input file "TWI.h": No such file or directory
Devices\EEPROM.c:   #include "TWI.h"
Devices\EEPROM.c:                   ^
Devices\EEPROM.c: Devices\EEPROM.c: 0 warnings, 1 error
compiling HMC5883.c...
Devices\HMC5883.c(2): error:  #5: cannot open source input file "TWI.h": No such file or directory
Devices\HMC5883.c:   #include "TWI.h"
Devices\HMC5883.c:                   ^
Devices\HMC5883.c: Devices\HMC5883.c: 0 warnings, 1 error
compiling MPU6000_SPI.c...
Devices\MPU6000_SPI.c(1): error:  #5: cannot open source input file "Drivers/SPI.h": No such file or directory
Devices\MPU6000_SPI.c:   #include "Drivers/SPI.h"
Devices\MPU6000_SPI.c:                           ^
Devices\MPU6000_SPI.c: Devices\MPU6000_SPI.c: 0 warnings, 1 error
compiling MS5611_SPI.c...
Devices\MS5611_SPI.c(1): error:  #5: cannot open source input file "SPI.h": No such file or directory
Devices\MS5611_SPI.c:   #include "SPI.h"
Devices\MS5611_SPI.c:                   ^
Devices\MS5611_SPI.c: Devices\MS5611_SPI.c: 0 warnings, 1 error
Target not created
Build target 'Target 1'
compiling test_cpp.cpp...
compiling main.c...
compiling commons.c...
compiling timer.c...
compiling ADC.c...
compiling GPS.c...
compiling PIO.c...
compiling PIT.c...
compiling PWM.c...
compiling SPI.c...
compiling TWI.c...
compiling USB.c...
compiling XBee.c...
compiling AttitudeEstimator.c...
compiling Controls.c...
compiling Filter.c...
compiling IMU.c...
compiling MotorMixer.c...
compiling PositionEstimator.c...
compiling RadioController.c...
Modules\RadioController.c(4): error:  #5: cannot open source input file "commons.h": No such file or directory
Modules\RadioController.c:   #include "commons.h"
Modules\RadioController.c:                       ^
Modules\RadioController.c: Modules\RadioController.c: 0 warnings, 1 error
compiling EEPROM.c...
compiling HMC5883.c...
compiling MPU6000_SPI.c...
Devices\MPU6000_SPI.c(1): error:  #5: cannot open source input file "Drivers/SPI.h": No such file or directory
Devices\MPU6000_SPI.c:   #include "Drivers/SPI.h"
Devices\MPU6000_SPI.c:                           ^
Devices\MPU6000_SPI.c: Devices\MPU6000_SPI.c: 0 warnings, 1 error
compiling MS5611_SPI.c...
Devices\MS5611_SPI.c(1): error:  #5: cannot open source input file "SPI.h": No such file or directory
Devices\MS5611_SPI.c:   #include "SPI.h"
Devices\MS5611_SPI.c:                   ^
Devices\MS5611_SPI.c: Devices\MS5611_SPI.c: 0 warnings, 1 error
Target not created
Build target 'Target 1'
compiling test_cpp.cpp...
compiling main.c...
compiling commons.c...
compiling timer.c...
compiling ADC.c...
compiling GPS.c...
compiling PIO.c...
compiling PIT.c...
compiling PWM.c...
compiling SPI.c...
compiling TWI.c...
compiling USB.c...
compiling XBee.c...
compiling AttitudeEstimator.c...
compiling Controls.c...
compiling Filter.c...
compiling IMU.c...
compiling MotorMixer.c...
compiling PositionEstimator.c...
compiling RadioController.c...
Modules\RadioController.c(4): error:  #5: cannot open source input file "commons.h": No such file or directory
Modules\RadioController.c:   #include "commons.h"
Modules\RadioController.c:                       ^
Modules\RadioController.c: Modules\RadioController.c: 0 warnings, 1 error
compiling EEPROM.c...
compiling HMC5883.c...
compiling MPU6000_SPI.c...
Devices\MPU6000_SPI.c(1): error:  #5: cannot open source input file "Drivers/SPI.h": No such file or directory
Devices\MPU6000_SPI.c:   #include "Drivers/SPI.h"
Devices\MPU6000_SPI.c:                           ^
Devices\MPU6000_SPI.c: Devices\MPU6000_SPI.c: 0 warnings, 1 error
compiling MS5611_SPI.c...
Target not created
Build target 'Target 1'
compiling test_cpp.cpp...
compiling main.c...
compiling commons.c...
compiling timer.c...
compiling ADC.c...
compiling GPS.c...
compiling PIO.c...
compiling PIT.c...
compiling PWM.c...
compiling SPI.c...
compiling TWI.c...
compiling USB.c...
compiling XBee.c...
compiling AttitudeEstimator.c...
compiling Controls.c...
compiling Filter.c...
compiling IMU.c...
compiling MotorMixer.c...
compiling PositionEstimator.c...
compiling RadioController.c...
compiling EEPROM.c...
compiling HMC5883.c...
compiling MPU6000_SPI.c...
compiling MS5611_SPI.c...
linking...
my.sct(7): error: L6236E: No section matches selector - no section to be FIRST/LAST.
my.sct: Not enough information to list image symbols.
my.sct: Not enough information to list the image map.
my.sct: Finished: 2 information, 0 warning and 1 error messages.
"my.axf" - 1 Error(s), 0 Warning(s).
Build target 'Target 1'
compiling test_cpp.cpp...
compiling main.c...
compiling commons.c...
compiling timer.c...
compiling ADC.c...
compiling GPS.c...
compiling PIO.c...
compiling PIT.c...
compiling PWM.c...
compiling SPI.c...
compiling TWI.c...
compiling USB.c...
compiling XBee.c...
compiling AttitudeEstimator.c...
compiling Controls.c...
compiling Filter.c...
compiling IMU.c...
compiling MotorMixer.c...
compiling PositionEstimator.c...
compiling RadioController.c...
compiling EEPROM.c...
compiling HMC5883.c...
compiling MPU6000_SPI.c...
compiling MS5611_SPI.c...
linking...
my.sct(7): error: L6236E: No section matches selector - no section to be FIRST/LAST.
my.sct: Not enough information to list image symbols.
my.sct: Not enough information to list the image map.
my.sct: Finished: 2 information, 0 warning and 1 error messages.
"my.axf" - 1 Error(s), 0 Warning(s).
Build target 'Target 1'
compiling test_cpp.cpp...
compiling main.c...
main.c: Error:  #5: cannot open source input file "Main\main.c": No such file or directory
main.c: Main\main.c: 0 warnings, 1 error
Target not created
Build target 'Target 1'
compiling test_cpp.cpp...
compiling commons.c...
compiling timer.c...
compiling main.c...
main.c(8): error:  #5: cannot open source input file "timer.h": No such file or directory
main.c:   #include "timer.h"
main.c:                     ^
main.c: main.c: 0 warnings, 1 error
compiling ADC.c...
compiling GPS.c...
compiling PIO.c...
compiling PIT.c...
compiling PWM.c...
compiling SPI.c...
compiling TWI.c...
compiling USB.c...
compiling XBee.c...
compiling AttitudeEstimator.c...
compiling Controls.c...
compiling Filter.c...
compiling IMU.c...
compiling MotorMixer.c...
compiling PositionEstimator.c...
compiling RadioController.c...
compiling EEPROM.c...
compiling HMC5883.c...
compiling MPU6000_SPI.c...
compiling MS5611_SPI.c...
Target not created
Build target 'Target 1'
compiling test_cpp.cpp...
compiling commons.c...
compiling timer.c...
compiling main.c...
compiling ADC.c...
compiling GPS.c...
compiling PIO.c...
compiling PIT.c...
compiling PWM.c...
compiling SPI.c...
compiling TWI.c...
compiling USB.c...
compiling XBee.c...
compiling AttitudeEstimator.c...
compiling Controls.c...
compiling Filter.c...
compiling IMU.c...
compiling MotorMixer.c...
compiling PositionEstimator.c...
compiling RadioController.c...
compiling EEPROM.c...
compiling HMC5883.c...
compiling MPU6000_SPI.c...
compiling MS5611_SPI.c...
linking...
my.sct(7): error: L6236E: No section matches selector - no section to be FIRST/LAST.
my.sct: Not enough information to list image symbols.
my.sct: Not enough information to list the image map.
my.sct: Finished: 2 information, 0 warning and 1 error messages.
"my.axf" - 1 Error(s), 0 Warning(s).
Build target 'Target 1'
compiling test_cpp.cpp...
compiling commons.c...
compiling timer.c...
compiling main.c...
compiling ADC.c...
compiling GPS.c...
compiling PIO.c...
compiling PIT.c...
compiling PWM.c...
compiling SPI.c...
compiling TWI.c...
compiling USB.c...
compiling XBee.c...
assembling SAM7.s...
compiling AttitudeEstimator.c...
compiling Controls.c...
compiling Filter.c...
compiling IMU.c...
compiling MotorMixer.c...
compiling PositionEstimator.c...
compiling RadioController.c...
compiling EEPROM.c...
compiling HMC5883.c...
compiling MPU6000_SPI.c...
compiling MS5611_SPI.c...
linking...
Program Size: Code=61812 RO-data=948 RW-data=792 ZI-data=10544  
FromELF: creating hex file...
"my.axf" - 0 Error(s), 0 Warning(s).
Build target 'Target 1'
compiling test_cpp.cpp...
compiling commons.c...
compiling timer.c...
compiling main.c...
main.c: Error:  #5: cannot open source input file "main.c": No such file or directory
main.c: main.c: 0 warnings, 1 error
Target not created
Build target 'Target 1'
compiling test_cpp.cpp...
compiling commons.c...
compiling timer.c...
compiling main.c...
compiling ADC.c...
compiling GPS.c...
compiling PIO.c...
compiling PIT.c...
compiling PWM.c...
compiling SPI.c...
compiling TWI.c...
compiling USB.c...
compiling XBee.c...
assembling SAM7.s...
compiling AttitudeEstimator.c...
compiling Controls.c...
compiling Filter.c...
compiling IMU.c...
compiling MotorMixer.c...
compiling PositionEstimator.c...
compiling RadioController.c...
compiling EEPROM.c...
compiling HMC5883.c...
compiling MPU6000_SPI.c...
compiling MS5611_SPI.c...
linking...
Program Size: Code=61812 RO-data=948 RW-data=792 ZI-data=10544  
FromELF: creating hex file...
"my.axf" - 0 Error(s), 0 Warning(s).
Load "E:\\yExin\\实验室\\我研究过的\\IWantToFly\\forGit\\FlyOutdoor_origin\\my.AXF" 
Build target 'Target 1'
compiling test_cpp.cpp...
compiling commons.c...
compiling timer.c...
compiling main.c...
compiling ADC.c...
compiling GPS.c...
compiling PIO.c...
compiling PIT.c...
compiling PWM.c...
compiling SPI.c...
compiling TWI.c...
compiling USB.c...
compiling XBee.c...
assembling SAM7.s...
compiling AttitudeEstimator.c...
compiling Controls.c...
compiling Filter.c...
compiling IMU.c...
compiling MotorMixer.c...
compiling PositionEstimator.c...
compiling RadioController.c...
compiling EEPROM.c...
compiling HMC5883.c...
compiling MPU6000_SPI.c...
compiling MS5611_SPI.c...
linking...
Program Size: Code=61812 RO-data=948 RW-data=792 ZI-data=10544  
FromELF: creating hex file...
".\Outputs\my.axf" - 0 Error(s), 0 Warning(s).
Build target 'Target 1'
compiling test_cpp.cpp...
compiling commons.c...
compiling timer.c...
compiling main.c...
compiling ADC.c...
compiling GPS.c...
compiling PIO.c...
compiling PIT.c...
compiling PWM.c...
compiling SPI.c...
compiling TWI.c...
compiling USB.c...
compiling XBee.c...
assembling SAM7.s...
compiling AttitudeEstimator.c...
compiling Controls.c...
compiling Filter.c...
compiling IMU.c...
compiling MotorMixer.c...
compiling PositionEstimator.c...
compiling RadioController.c...
compiling EEPROM.c...
compiling HMC5883.c...
compiling MPU6000_SPI.c...
compiling MS5611_SPI.c...
linking...
Program Size: Code=61812 RO-data=948 RW-data=792 ZI-data=10544  
FromELF: creating hex file...
".\Outputs\my.axf" - 0 Error(s), 0 Warning(s).
Build target 'Target 1'
compiling test_cpp.cpp...
test_cpp.cpp: Error:  #5: cannot open source input file "test_cpp.cpp": No such file or directory
test_cpp.cpp: test_cpp.cpp: 0 warnings, 1 error
Target not created
Build target 'Target 1'
compiling commons.c...
compiling timer.c...
compiling main.c...
compiling test_cpp.cpp...
Main\test_cpp.cpp(1): error:  #5: cannot open source input file "Library/mathlib.h": No such file or directory
Main\test_cpp.cpp:   #include "Library/mathlib.h"
Main\test_cpp.cpp:                               ^
Main\test_cpp.cpp: Main\test_cpp.cpp: 0 warnings, 1 error
compiling ADC.c...
compiling GPS.c...
compiling PIO.c...
compiling PIT.c...
compiling PWM.c...
compiling SPI.c...
compiling TWI.c...
compiling USB.c...
compiling XBee.c...
assembling SAM7.s...
SAM7.s: error: A1023E: File "SAM7.s" could not be opened: No such file or directory
SAM7.s: 1 Error, 0 Warnings
Target not created
Build target 'Target 1'
compiling commons.c...
compiling timer.c...
compiling main.c...
compiling test_cpp.cpp...
compiling ADC.c...
compiling GPS.c...
compiling PIO.c...
compiling PIT.c...
compiling PWM.c...
compiling SPI.c...
compiling TWI.c...
compiling USB.c...
compiling XBee.c...
assembling SAM7.s...
SAM7.s: error: A1023E: File "SAM7.s" could not be opened: No such file or directory
SAM7.s: 1 Error, 0 Warnings
Target not created
Build target 'Target 1'
compiling commons.c...
compiling timer.c...
compiling main.c...
compiling test_cpp.cpp...
compiling ADC.c...
compiling GPS.c...
compiling PIO.c...
compiling PIT.c...
compiling PWM.c...
compiling SPI.c...
compiling TWI.c...
compiling USB.c...
compiling XBee.c...
assembling SAM7.s...
compiling AttitudeEstimator.c...
compiling Controls.c...
compiling Filter.c...
compiling IMU.c...
compiling MotorMixer.c...
compiling PositionEstimator.c...
compiling RadioController.c...
compiling EEPROM.c...
compiling HMC5883.c...
compiling MPU6000_SPI.c...
compiling MS5611_SPI.c...
linking...
Program Size: Code=61812 RO-data=948 RW-data=792 ZI-data=10544  
FromELF: creating hex file...
".\Outputs\my.axf" - 0 Error(s), 0 Warning(s).
