<html>
<body>
<pre>
<h1>礦ision Build Log</h1>
<h2>Tool Versions:</h2>
IDE-Version: μVision V5.12.0.0
Copyright (C) 2014 ARM Ltd and ARM Germany GmbH. All rights reserved.
License Information: He Wenqian hp, Hewlett-Packard, LIC=LSNX7-EB1A8-56QQ2-9G7DI-D2AWP-6DLZR
 
Tool Versions:
Toolchain:       MDK-ARM Standard  Version: 5.12.0.0
Toolchain Path:  F:\keil\ARM\ARMCC\Bin
C Compiler:      Armcc.exe V5.05 (build 41)
Assembler:       Armasm.exe V5.05 (build 41)
Linker/Locator:  ArmLink.exe V5.05 (build 41)
Library Manager: ArmAr.exe V5.05 (build 41)
Hex Converter:   FromElf.exe V5.05 (build 41)
CPU DLL:         SARM.DLL V5.12.0.0
Dialog DLL:      DARMATS.DLL V1.20
    Target DLL: Segger\JLTAgdi.dll
Dialog DLL:      TARMATS.DLL V1.20
 
<h2>Project:</h2>
D:\学习资料\工程有关\飞机控制\Fly\my.uvproj
Project File Date:  03/26/2016

<h2>Output:</h2>
Rebuild target 'Target 1'
compiling commons.c...
compiling timer.c...
compiling main.c...
compiling test_cpp.cpp...
compiling ADC.c...
compiling GPS.c...
compiling PIO.c...
compiling PIT.c...
compiling PWM.c...
compiling SPI.c...
compiling TWI.c...
compiling USB.c...
compiling XBee.c...
assembling SAM7.s...
compiling AttitudeEstimator.c...
compiling Controls.c...
compiling Filter.c...
compiling IMU.c...
compiling MotorMixer.c...
compiling PositionEstimator.c...
compiling RadioController.c...
compiling EEPROM.c...
compiling HMC5883.c...
compiling MPU6000_SPI.c...
compiling MS5611_SPI.c...
linking...
Program Size: Code=62000 RO-data=952 RW-data=768 ZI-data=10552  
FromELF: creating hex file...
".\Outputs\my.axf" - 0 Error(s), 0 Warning(s).
</pre>
</body>
</html>
关\\飞机控制\\Fly\\Outputs\\my.axf" 
ProjectFile = D:\学习资料\工程有关\飞机控制\Fly\JLinkArm_Target 1.ini
Device = AT91SAM7S256
Info: Device "AT91SAM7S256" selected (256 KB flash, 64 KB RAM).
VTarget = 3.293V
Info: TotalIRLen = 4, IRPrint = 0x01
Info: Adaptive clocking not supported for selected CPU core. Only supported for -S cores.
Info: Auto JTAG speed: 8000 kHz
Info: Core does not stop after Reset, setting WP to stop it.
DLL version V4.91b, compiled Sep 15 2014 09:17:56
Firmware: J-Link ARM V8 compiled Jan 31 2018 18:34:52
Hardware: V8.00
Hardware-Breakpoints: 2
Software-Breakpoints: 8192
Watchpoints:          0
Found 1 JTAG device, Total IRLen = 4:
 Id of device #0: 0x3F0F0F0F
ARM7 identified.
JTAG speed: 8000 kHz
Info: Core does not stop after Reset, setting WP to stop it.
JTAG speed: 1000 kHz
Erase Done.
Programming Done.
Verify OK.
 
Error parsing node '#text' :value 'Cortex-M7' not in enumeration
F:\keil\ARM\PACK\ARM\CMSIS\4.2.0\ARM.CMSIS.pdsc(707,73): 
Error parsing node '#text' :value 'Cortex-M7' not in enumeration
F:\keil\ARM\PACK\ARM\CMSIS\4.2.0\ARM.CMSIS.pdsc(713,70): 
Error parsing node '#text' :value 'Cortex-M7' not in enumeration
F:\keil\ARM\PACK\ARM\CMSIS\4.2.0\ARM.CMSIS.pdsc(719,72): 
Error parsing node '#text' :value 'Cortex-M7' not in enumeration
F:\keil\ARM\PACK\ARM\CMSIS\4.2.0\ARM.CMSIS.pdsc(720,72): 
Error parsing node '#text' :value 'Cortex-M7' not in enumeration
F:\keil\ARM\PACK\ARM\CMSIS\4.2.0\ARM.CMSIS.pdsc(726,69): 
Error parsing node '#text' :value 'Cortex-M7' not in enumeration
F:\keil\ARM\PACK\ARM\CMSIS\4.2.0\ARM.CMSIS.pdsc(727,69): 
Error parsing node '#text' :value 'Cortex-M7' not in enumeration
F:\keil\ARM\PACK\ARM\CMSIS\4.2.0\ARM.CMSIS.pdsc(733,72): 
Error parsing node '#text' :value 'Cortex-M7' not in enumeration
F:\keil\ARM\PACK\ARM\CMSIS\4.2.0\ARM.CMSIS.pdsc(739,69): 
Error parsing node '#text' :value 'Cortex-M7' not in enumeration
F:\keil\ARM\PACK\ARM\CMSIS\4.2.0\ARM.CMSIS.pdsc(745,72): 
Error parsing node '#text' :value 'Cortex-M7' not in enumeration
F:\keil\ARM\PACK\ARM\CMSIS\4.2.0\ARM.CMSIS.pdsc(751,69): 
Error parsing node '#text' :value 'Cortex-M7' not in enumeration
F:\keil\ARM\PACK\ARM\CMSIS\4.2.0\ARM.CMSIS.pdsc(816,73): 
Error parsing node '#text' :value 'Cortex-M7' not in enumeration
F:\keil\ARM\PACK\ARM\CMSIS\4.2.0\ARM.CMSIS.pdsc(822,70): 
Error parsing node '#text' :value 'Cortex-M7' not in enumeration
F:\keil\ARM\PACK\ARM\CMSIS\4.2.0\ARM.CMSIS.pdsc(828,72): 
Error parsing node '#text' :value 'Cortex-M7' not in enumeration
F:\keil\ARM\PACK\ARM\CMSIS\4.2.0\ARM.CMSIS.pdsc(829,72): 
Error parsing node '#text' :value 'Cortex-M7' not in enumeration
F:\keil\ARM\PACK\ARM\CMSIS\4.2.0\ARM.CMSIS.pdsc(835,69): 
Error parsing node '#text' :value 'Cortex-M7' not in enumeration
F:\keil\ARM\PACK\ARM\CMSIS\4.2.0\ARM.CMSIS.pdsc(836,69): 
Error parsing node '#text' :value 'Cortex-M7' not in enumeration
F:\keil\ARM\PACK\ARM\CMSIS\4.2.0\ARM.CMSIS.pdsc(842,72): 
Error parsing node '#text' :value 'Cortex-M7' not in enumeration
F:\keil\ARM\PACK\ARM\CMSIS\4.2.0\ARM.CMSIS.pdsc(848,69): 
Error parsing node '#text' :value 'Cortex-M7' not in enumeration
F:\keil\ARM\PACK\ARM\CMSIS\4.2.0\ARM.CMSIS.pdsc(854,72): 
Error parsing node '#text' :value 'Cortex-M7' not in enumeration
F:\keil\ARM\PACK\ARM\CMSIS\4.2.0\ARM.CMSIS.pdsc(860,69): 
Error parsing node '#text' :value 'Cortex-M7' not in enumeration
