<html>
<body>
<pre>
<h1>礦ision Build Log</h1>
<h2>Project:</h2>
E:\yExin\实验室\我研究过的\IWantToFly\forGit\FlyHe\my.uvproj
Project File Date:  04/21/2016

<h2>Output:</h2>
Build target 'Target 1'
compiling timer.c...
compiling main.c...
compiling GPS.c...
compiling PIO.c...
compiling PIT.c...
compiling PWM.c...
compiling SPI.c...
compiling TWI.c...
compiling USB.c...
compiling XBee.c...
compiling AttitudeEstimator.c...
compiling Controls.c...
compiling Filter.c...
compiling IMU.c...
compiling MotorMixer.c...
compiling PositionEstimator.c...
compiling RadioController.c...
compiling EEPROM.c...
compiling HMC5883.c...
compiling MS5611_SPI.c...
compiling PCA9685.c...
linking...
Program Size: Code=61908 RO-data=948 RW-data=776 ZI-data=10680  
FromELF: creating hex file...
".\Outputs\my.axf" - 0 Error(s), 0 Warning(s).
Build target 'Target 1'
compiling AttitudeEstimator.c...
linking...
Program Size: Code=61960 RO-data=952 RW-data=776 ZI-data=10680  
FromELF: creating hex file...
".\Outputs\my.axf" - 0 Error(s), 0 Warning(s).
Build target 'Target 1'
compiling AttitudeEstimator.c...
linking...
Program Size: Code=62056 RO-data=952 RW-data=776 ZI-data=10680  
FromELF: creating hex file...
".\Outputs\my.axf" - 0 Error(s), 0 Warning(s).
Build target 'Target 1'
compiling AttitudeEstimator.c...
linking...
Program Size: Code=62008 RO-data=952 RW-data=776 ZI-data=10680  
FromELF: creating hex file...
".\Outputs\my.axf" - 0 Error(s), 0 Warning(s).
Load "E:\\yExin\\实验室\\我研究过的\\IWantToFly\\forGit\\FlyHe\\Outputs\\my.AXF" 
VTarget = 0.000V
***JLink Warning: No matching core found.
***JLink Error: Supply voltage too low (1 Volt is required, Measured: 0.0 Volt).
Please check target power.
***JLink Warning: No matching core found.
***JLink Error: Supply voltage too low (1 Volt is required, Measured: 0.0 Volt).
Please check target power.
DLL version V4.15n, compiled Jun 18 2010 19:55:09
Firmware: J-Link ARM V8 compiled Jan 31 2018 18:34:52
Hardware: V8.00
***JLink Warning: No matching core found.
***JLink Error: Supply voltage too low (1 Volt is required, Measured: 0.0 Volt).
Please check target power.
***JLink Warning: No matching core found.
***JLink Error: Supply voltage too low (1 Volt is required, Measured: 0.0 Volt).
Please check target power.
JTAG speed: 1000 kHz
Erase Failed!
Load "E:\\yExin\\实验室\\我研究过的\\IWantToFly\\forGit\\FlyHe\\Outputs\\my.AXF" 
VTarget = 3.274V
Info: TotalIRLen = 4, IRPrint = 0x01
Info: TotalIRLen = 4, IRPrint = 0x01
Info: RTCK seems to be bridged with TCK
Info: Auto JTAG speed: 8000 kHz
Info: Core does not stop after Reset, setting WP to stop it.
DLL version V4.15n, compiled Jun 18 2010 19:55:09
Firmware: J-Link ARM V8 compiled Jan 31 2018 18:34:52
Hardware: V8.00
Hardware-Breakpoints: 2
Software-Breakpoints: 2048
Watchpoints:          0
Found 1 JTAG device, Total IRLen = 4:
 Id of device #0: 0x3F0F0F0F
ARM7 identified.
JTAG speed: 8000 kHz
Info: TotalIRLen = 4, IRPrint = 0x01
Info: TotalIRLen = 4, IRPrint = 0x01
Info: Core does not stop after Reset, setting WP to stop it.
JTAG speed: 1000 kHz
Erase Done.
Programming Done.
Verify OK.
