<html>
<body>
<pre>
<h1>礦ision Build Log</h1>
<h2>Project:</h2>
E:\yExin\实验室\我研究过的\IWantToFly\forGit\Fly\my.uvproj
Project File Date:  03/26/2016

<h2>Output:</h2>
Build target 'Target 1'
compiling commons.c...
compiling timer.c...
compiling main.c...
compiling test_cpp.cpp...
compiling ADC.c...
compiling GPS.c...
compiling PIO.c...
compiling PIT.c...
compiling PWM.c...
compiling SPI.c...
compiling TWI.c...
compiling USB.c...
compiling XBee.c...
assembling SAM7.s...
compiling AttitudeEstimator.c...
compiling Controls.c...
compiling Filter.c...
compiling IMU.c...
compiling MotorMixer.c...
compiling PositionEstimator.c...
compiling RadioController.c...
compiling EEPROM.c...
compiling HMC5883.c...
compiling MPU6000_SPI.c...
compiling MS5611_SPI.c...
linking...
Program Size: Code=62024 RO-data=952 RW-data=768 ZI-data=10552  
FromELF: creating hex file...
".\Outputs\my.axf" - 0 Error(s), 0 Warning(s).
Load "E:\\yExin\\实验室\\我研究过的\\IWantToFly\\forGit\\Fly\\Outputs\\my.AXF" 
VTarget = 3.274V
Info: TotalIRLen = 4, IRPrint = 0x01
Info: TotalIRLen = 4, IRPrint = 0x01
Info: RTCK seems to be bridged with TCK
Info: Auto JTAG speed: 8000 kHz
Info: Core does not stop after Reset, setting WP to stop it.
DLL version V4.15n, compiled Jun 18 2010 19:55:09
Firmware: J-Link ARM V8 compiled Jan 31 2018 18:34:52
Hardware: V8.00
Hardware-Breakpoints: 2
Software-Breakpoints: 2048
Watchpoints:          0
Found 1 JTAG device, Total IRLen = 4:
 Id of device #0: 0x3F0F0F0F
ARM7 identified.
JTAG speed: 8000 kHz
Info: TotalIRLen = 4, IRPrint = 0x01
Info: TotalIRLen = 4, IRPrint = 0x01
Info: Core does not stop after Reset, setting WP to stop it.
JTAG speed: 1000 kHz
Erase Done.
Programming Done.
Verify OK.
Build target 'Target 1'
compiling AttitudeEstimator.c...
linking...
Program Size: Code=61780 RO-data=948 RW-data=768 ZI-data=10552  
FromELF: creating hex file...
".\Outputs\my.axf" - 0 Error(s), 0 Warning(s).
Build target 'Target 1'
compiling commons.c...
compiling timer.c...
compiling main.c...
compiling test_cpp.cpp...
compiling ADC.c...
compiling GPS.c...
compiling PIO.c...
compiling PIT.c...
compiling PWM.c...
compiling SPI.c...
compiling TWI.c...
compiling USB.c...
compiling XBee.c...
assembling SAM7.s...
compiling AttitudeEstimator.c...
compiling Controls.c...
compiling Filter.c...
compiling IMU.c...
compiling MotorMixer.c...
compiling PositionEstimator.c...
compiling RadioController.c...
compiling EEPROM.c...
compiling HMC5883.c...
compiling MPU6000_SPI.c...
compiling MS5611_SPI.c...
linking...
Program Size: Code=61780 RO-data=948 RW-data=768 ZI-data=10552  
FromELF: creating hex file...
".\Outputs\my.axf" - 0 Error(s), 0 Warning(s).
Load "E:\\yExin\\实验室\\我研究过的\\IWantToFly\\forGit\\Fly\\Outputs\\my.AXF" 
VTarget = 3.274V
Info: TotalIRLen = 4, IRPrint = 0x01
Info: TotalIRLen = 4, IRPrint = 0x01
Info: RTCK seems to be bridged with TCK
Info: Auto JTAG speed: 8000 kHz
Info: Core does not stop after Reset, setting WP to stop it.
DLL version V4.15n, compiled Jun 18 2010 19:55:09
Firmware: J-Link ARM V8 compiled Jan 31 2018 18:34:52
Hardware: V8.00
Hardware-Breakpoints: 2
Software-Breakpoints: 2048
Watchpoints:          0
Found 1 JTAG device, Total IRLen = 4:
 Id of device #0: 0x3F0F0F0F
ARM7 identified.
JTAG speed: 8000 kHz
Info: TotalIRLen = 4, IRPrint = 0x01
Info: TotalIRLen = 4, IRPrint = 0x01
Info: Core does not stop after Reset, setting WP to stop it.
JTAG speed: 1000 kHz
Erase Done.
Programming Done.
Verify OK.
Build target 'Target 1'
compiling AttitudeEstimator.c...
linking...
Program Size: Code=61780 RO-data=948 RW-data=768 ZI-data=10552  
FromELF: creating hex file...
".\Outputs\my.axf" - 0 Error(s), 0 Warning(s).
Load "E:\\yExin\\实验室\\我研究过的\\IWantToFly\\forGit\\Fly\\Outputs\\my.AXF" 
VTarget = 3.274V
Info: TotalIRLen = 4, IRPrint = 0x01
Info: TotalIRLen = 4, IRPrint = 0x01
Info: RTCK seems to be bridged with TCK
Info: Auto JTAG speed: 8000 kHz
Info: Core does not stop after Reset, setting WP to stop it.
DLL version V4.15n, compiled Jun 18 2010 19:55:09
Firmware: J-Link ARM V8 compiled Jan 31 2018 18:34:52
Hardware: V8.00
Hardware-Breakpoints: 2
Software-Breakpoints: 2048
Watchpoints:          0
Found 1 JTAG device, Total IRLen = 4:
 Id of device #0: 0x3F0F0F0F
ARM7 identified.
JTAG speed: 8000 kHz
Info: TotalIRLen = 4, IRPrint = 0x01
Info: TotalIRLen = 4, IRPrint = 0x01
Info: Core does not stop after Reset, setting WP to stop it.
JTAG speed: 1000 kHz
Erase Done.
Programming Done.
Verify OK.
Build target 'Target 1'
compiling AttitudeEstimator.c...
linking...
Program Size: Code=61784 RO-data=952 RW-data=768 ZI-data=10552  
FromELF: creating hex file...
".\Outputs\my.axf" - 0 Error(s), 0 Warning(s).
Load "E:\\yExin\\实验室\\我研究过的\\IWantToFly\\forGit\\Fly\\Outputs\\my.AXF" 
VTarget = 3.274V
Info: TotalIRLen = 4, IRPrint = 0x01
Info: TotalIRLen = 4, IRPrint = 0x01
Info: RTCK seems to be bridged with TCK
Info: Auto JTAG speed: 8000 kHz
Info: Core does not stop after Reset, setting WP to stop it.
DLL version V4.15n, compiled Jun 18 2010 19:55:09
Firmware: J-Link ARM V8 compiled Jan 31 2018 18:34:52
Hardware: V8.00
Hardware-Breakpoints: 2
Software-Breakpoints: 2048
Watchpoints:          0
Found 1 JTAG device, Total IRLen = 4:
 Id of device #0: 0x3F0F0F0F
ARM7 identified.
JTAG speed: 8000 kHz
Info: TotalIRLen = 4, IRPrint = 0x01
Info: TotalIRLen = 4, IRPrint = 0x01
Info: Core does not stop after Reset, setting WP to stop it.
JTAG speed: 1000 kHz
Erase Done.
Programming Done.
Verify OK.
Build target 'Target 1'
compiling AttitudeEstimator.c...
linking...
Program Size: Code=61788 RO-data=948 RW-data=768 ZI-data=10552  
FromELF: creating hex file...
".\Outputs\my.axf" - 0 Error(s), 0 Warning(s).
Load "E:\\yExin\\实验室\\我研究过的\\IWantToFly\\forGit\\Fly\\Outputs\\my.AXF" 
VTarget = 3.274V
Info: TotalIRLen = 4, IRPrint = 0x01
Info: TotalIRLen = 4, IRPrint = 0x01
Info: RTCK seems to be bridged with TCK
Info: Auto JTAG speed: 8000 kHz
Info: Core does not stop after Reset, setting WP to stop it.
DLL version V4.15n, compiled Jun 18 2010 19:55:09
Firmware: J-Link ARM V8 compiled Jan 31 2018 18:34:52
Hardware: V8.00
Hardware-Breakpoints: 2
Software-Breakpoints: 2048
Watchpoints:          0
Found 1 JTAG device, Total IRLen = 4:
 Id of device #0: 0x3F0F0F0F
ARM7 identified.
JTAG speed: 8000 kHz
Info: TotalIRLen = 4, IRPrint = 0x01
Info: TotalIRLen = 4, IRPrint = 0x01
Info: Core does not stop after Reset, setting WP to stop it.
JTAG speed: 1000 kHz
Erase Done.
Programming Done.
Verify OK.
Build target 'Target 1'
compiling commons.c...
compiling timer.c...
compiling main.c...
compiling test_cpp.cpp...
compiling ADC.c...
compiling GPS.c...
compiling PIO.c...
compiling PIT.c...
compiling PWM.c...
compiling SPI.c...
compiling TWI.c...
compiling USB.c...
compiling XBee.c...
assembling SAM7.s...
compiling AttitudeEstimator.c...
compiling Controls.c...
compiling Filter.c...
compiling IMU.c...
compiling MotorMixer.c...
compiling PositionEstimator.c...
compiling RadioController.c...
compiling EEPROM.c...
compiling HMC5883.c...
compiling MPU6000_SPI.c...
compiling MS5611_SPI.c...
linking...
Program Size: Code=61788 RO-data=948 RW-data=768 ZI-data=10552  
FromELF: creating hex file...
".\Outputs\my.axf" - 0 Error(s), 0 Warning(s).
Load "E:\\yExin\\实验室\\我研究过的\\IWantToFly\\forGit\\Fly\\Outputs\\my.AXF" 
VTarget = 3.274V
Info: TotalIRLen = 4, IRPrint = 0x01
Info: TotalIRLen = 4, IRPrint = 0x01
Info: RTCK seems to be bridged with TCK
Info: Auto JTAG speed: 8000 kHz
Info: Core does not stop after Reset, setting WP to stop it.
DLL version V4.15n, compiled Jun 18 2010 19:55:09
Firmware: J-Link ARM V8 compiled Jan 31 2018 18:34:52
Hardware: V8.00
Hardware-Breakpoints: 2
Software-Breakpoints: 2048
Watchpoints:          0
Found 1 JTAG device, Total IRLen = 4:
 Id of device #0: 0x3F0F0F0F
ARM7 identified.
JTAG speed: 8000 kHz
Info: TotalIRLen = 4, IRPrint = 0x01
Info: TotalIRLen = 4, IRPrint = 0x01
Info: Core does not stop after Reset, setting WP to stop it.
JTAG speed: 1000 kHz
Erase Done.
Programming Done.
Verify OK.
Build target 'Target 1'
compiling AttitudeEstimator.c...
linking...
Program Size: Code=62032 RO-data=952 RW-data=768 ZI-data=10552  
FromELF: creating hex file...
".\Outputs\my.axf" - 0 Error(s), 0 Warning(s).
Build target 'Target 1'
compiling AttitudeEstimator.c...
Modules\AttitudeEstimator.c(388): error:  #136: struct "_att" has no field "yawl"
Modules\AttitudeEstimator.c:            data2[5] = att.yawl*573>>DSCRT;
Modules\AttitudeEstimator.c:                           ^
Modules\AttitudeEstimator.c: Modules\AttitudeEstimator.c: 0 warnings, 1 error
Target not created
Build target 'Target 1'
compiling commons.c...
compiling timer.c...
compiling main.c...
compiling test_cpp.cpp...
compiling ADC.c...
compiling GPS.c...
compiling PIO.c...
compiling PIT.c...
compiling PWM.c...
compiling SPI.c...
compiling TWI.c...
compiling USB.c...
compiling XBee.c...
assembling SAM7.s...
compiling AttitudeEstimator.c...
compiling Controls.c...
compiling Filter.c...
compiling IMU.c...
compiling MotorMixer.c...
compiling PositionEstimator.c...
compiling RadioController.c...
compiling EEPROM.c...
compiling HMC5883.c...
compiling MPU6000_SPI.c...
compiling MS5611_SPI.c...
linking...
Program Size: Code=62076 RO-data=948 RW-data=768 ZI-data=10552  
FromELF: creating hex file...
".\Outputs\my.axf" - 0 Error(s), 0 Warning(s).
Load "E:\\yExin\\实验室\\我研究过的\\IWantToFly\\forGit\\Fly\\Outputs\\my.AXF" 
VTarget = 3.274V
Info: TotalIRLen = 4, IRPrint = 0x01
Info: TotalIRLen = 4, IRPrint = 0x01
Info: RTCK seems to be bridged with TCK
Info: Auto JTAG speed: 8000 kHz
Info: Core does not stop after Reset, setting WP to stop it.
DLL version V4.15n, compiled Jun 18 2010 19:55:09
Firmware: J-Link ARM V8 compiled Jan 31 2018 18:34:52
Hardware: V8.00
Hardware-Breakpoints: 2
Software-Breakpoints: 2048
Watchpoints:          0
Found 1 JTAG device, Total IRLen = 4:
 Id of device #0: 0x3F0F0F0F
ARM7 identified.
JTAG speed: 8000 kHz
Info: TotalIRLen = 4, IRPrint = 0x01
Info: TotalIRLen = 4, IRPrint = 0x01
Info: Core does not stop after Reset, setting WP to stop it.
JTAG speed: 1000 kHz
Erase Done.
Programming Done.
Verify OK.
Build target 'Target 1'
compiling AttitudeEstimator.c...
Modules\AttitudeEstimator.c(423): error:  #20: identifier "Kp_ACC" is undefined
Modules\AttitudeEstimator.c:    q0 += (wq0 - Kp_ACC*dq[0])*dt_gyr/1000.0f;
Modules\AttitudeEstimator.c:                 ^
Modules\AttitudeEstimator.c: Modules\AttitudeEstimator.c: 0 warnings, 1 error
Target not created
Build target 'Target 1'
compiling AttitudeEstimator.c...
linking...
Program Size: Code=62076 RO-data=948 RW-data=768 ZI-data=10552  
FromELF: creating hex file...
".\Outputs\my.axf" - 0 Error(s), 0 Warning(s).
Build target 'Target 1'
compiling AttitudeEstimator.c...
linking...
Program Size: Code=61988 RO-data=948 RW-data=768 ZI-data=10552  
FromELF: creating hex file...
".\Outputs\my.axf" - 0 Error(s), 0 Warning(s).
Build target 'Target 1'
compiling AttitudeEstimator.c...
linking...
Program Size: Code=61952 RO-data=952 RW-data=768 ZI-data=10552  
FromELF: creating hex file...
".\Outputs\my.axf" - 0 Error(s), 0 Warning(s).
Build target 'Target 1'
compiling AttitudeEstimator.c...
linking...
Program Size: Code=62004 RO-data=948 RW-data=768 ZI-data=10552  
FromELF: creating hex file...
".\Outputs\my.axf" - 0 Error(s), 0 Warning(s).
Build target 'Target 1'
compiling commons.c...
compiling timer.c...
compiling main.c...
compiling test_cpp.cpp...
compiling ADC.c...
compiling GPS.c...
compiling PIO.c...
compiling PIT.c...
compiling PWM.c...
compiling SPI.c...
compiling TWI.c...
compiling USB.c...
compiling XBee.c...
assembling SAM7.s...
compiling AttitudeEstimator.c...
compiling Controls.c...
compiling Filter.c...
compiling IMU.c...
compiling MotorMixer.c...
compiling PositionEstimator.c...
compiling RadioController.c...
compiling EEPROM.c...
compiling HMC5883.c...
compiling MPU6000_SPI.c...
compiling MS5611_SPI.c...
linking...
Program Size: Code=62004 RO-data=948 RW-data=768 ZI-data=10552  
FromELF: creating hex file...
".\Outputs\my.axf" - 0 Error(s), 0 Warning(s).
Load "E:\\yExin\\实验室\\我研究过的\\IWantToFly\\forGit\\Fly\\Outputs\\my.AXF" 
VTarget = 3.274V
Info: TotalIRLen = 4, IRPrint = 0x01
Info: TotalIRLen = 4, IRPrint = 0x01
Info: RTCK seems to be bridged with TCK
Info: Auto JTAG speed: 8000 kHz
Info: Core does not stop after Reset, setting WP to stop it.
DLL version V4.15n, compiled Jun 18 2010 19:55:09
Firmware: J-Link ARM V8 compiled Jan 31 2018 18:34:52
Hardware: V8.00
Hardware-Breakpoints: 2
Software-Breakpoints: 2048
Watchpoints:          0
Found 1 JTAG device, Total IRLen = 4:
 Id of device #0: 0x3F0F0F0F
ARM7 identified.
JTAG speed: 8000 kHz
Info: TotalIRLen = 4, IRPrint = 0x01
Info: TotalIRLen = 4, IRPrint = 0x01
Info: Core does not stop after Reset, setting WP to stop it.
JTAG speed: 1000 kHz
Erase Done.
Programming Done.
Verify OK.
Build target 'Target 1'
compiling commons.c...
compiling timer.c...
compiling main.c...
compiling test_cpp.cpp...
compiling ADC.c...
compiling GPS.c...
compiling PIO.c...
compiling PIT.c...
compiling PWM.c...
compiling SPI.c...
compiling TWI.c...
compiling USB.c...
compiling XBee.c...
assembling SAM7.s...
compiling AttitudeEstimator.c...
compiling Controls.c...
compiling Filter.c...
compiling IMU.c...
compiling MotorMixer.c...
compiling PositionEstimator.c...
compiling RadioController.c...
compiling EEPROM.c...
compiling HMC5883.c...
compiling MPU6000_SPI.c...
compiling MS5611_SPI.c...
linking...
Program Size: Code=62108 RO-data=948 RW-data=768 ZI-data=10552  
FromELF: creating hex file...
".\Outputs\my.axf" - 0 Error(s), 0 Warning(s).
Load "E:\\yExin\\实验室\\我研究过的\\IWantToFly\\forGit\\Fly\\Outputs\\my.AXF" 
VTarget = 3.274V
Info: TotalIRLen = 4, IRPrint = 0x01
Info: TotalIRLen = 4, IRPrint = 0x01
Info: RTCK seems to be bridged with TCK
Info: Auto JTAG speed: 8000 kHz
Info: Core does not stop after Reset, setting WP to stop it.
DLL version V4.15n, compiled Jun 18 2010 19:55:09
Firmware: J-Link ARM V8 compiled Jan 31 2018 18:34:52
Hardware: V8.00
Hardware-Breakpoints: 2
Software-Breakpoints: 2048
Watchpoints:          0
Found 1 JTAG device, Total IRLen = 4:
 Id of device #0: 0x3F0F0F0F
ARM7 identified.
JTAG speed: 8000 kHz
Info: TotalIRLen = 4, IRPrint = 0x01
Info: TotalIRLen = 4, IRPrint = 0x01
Info: Core does not stop after Reset, setting WP to stop it.
JTAG speed: 1000 kHz
Erase Done.
Programming Done.
Verify OK.
Build target 'Target 1'
compiling commons.c...
compiling timer.c...
compiling main.c...
compiling test_cpp.cpp...
compiling ADC.c...
compiling GPS.c...
compiling PIO.c...
compiling PIT.c...
compiling PWM.c...
compiling SPI.c...
compiling TWI.c...
compiling USB.c...
compiling XBee.c...
assembling SAM7.s...
compiling AttitudeEstimator.c...
compiling Controls.c...
compiling Filter.c...
compiling IMU.c...
compiling MotorMixer.c...
compiling PositionEstimator.c...
compiling RadioController.c...
compiling EEPROM.c...
compiling HMC5883.c...
compiling MPU6000_SPI.c...
compiling MS5611_SPI.c...
linking...
Program Size: Code=62108 RO-data=948 RW-data=768 ZI-data=10552  
FromELF: creating hex file...
".\Outputs\my.axf" - 0 Error(s), 0 Warning(s).
Load "E:\\yExin\\实验室\\我研究过的\\IWantToFly\\forGit\\Fly\\Outputs\\my.AXF" 
VTarget = 3.274V
Info: TotalIRLen = 4, IRPrint = 0x01
Info: TotalIRLen = 4, IRPrint = 0x01
Info: RTCK seems to be bridged with TCK
Info: Auto JTAG speed: 8000 kHz
Info: Core does not stop after Reset, setting WP to stop it.
DLL version V4.15n, compiled Jun 18 2010 19:55:09
Firmware: J-Link ARM V8 compiled Jan 31 2018 18:34:52
Hardware: V8.00
Hardware-Breakpoints: 2
Software-Breakpoints: 2048
Watchpoints:          0
Found 1 JTAG device, Total IRLen = 4:
 Id of device #0: 0x3F0F0F0F
ARM7 identified.
JTAG speed: 8000 kHz
Info: TotalIRLen = 4, IRPrint = 0x01
Info: TotalIRLen = 4, IRPrint = 0x01
Info: Core does not stop after Reset, setting WP to stop it.
JTAG speed: 1000 kHz
Erase Done.
Programming Done.
Verify OK.
Build target 'Target 1'
compiling commons.c...
compiling timer.c...
compiling main.c...
compiling test_cpp.cpp...
compiling ADC.c...
compiling GPS.c...
compiling PIO.c...
compiling PIT.c...
compiling PWM.c...
compiling SPI.c...
compiling TWI.c...
compiling USB.c...
compiling XBee.c...
assembling SAM7.s...
compiling AttitudeEstimator.c...
compiling Controls.c...
compiling Filter.c...
compiling IMU.c...
compiling MotorMixer.c...
compiling PositionEstimator.c...
compiling RadioController.c...
compiling EEPROM.c...
compiling HMC5883.c...
compiling MPU6000_SPI.c...
compiling MS5611_SPI.c...
linking...
Program Size: Code=62108 RO-data=948 RW-data=768 ZI-data=10552  
FromELF: creating hex file...
".\Outputs\my.axf" - 0 Error(s), 0 Warning(s).
Load "E:\\yExin\\实验室\\我研究过的\\IWantToFly\\forGit\\Fly\\Outputs\\my.AXF" 
VTarget = 3.274V
Info: TotalIRLen = 4, IRPrint = 0x01
Info: TotalIRLen = 4, IRPrint = 0x01
Info: RTCK seems to be bridged with TCK
Info: Auto JTAG speed: 8000 kHz
Info: Core does not stop after Reset, setting WP to stop it.
DLL version V4.15n, compiled Jun 18 2010 19:55:09
Firmware: J-Link ARM V8 compiled Jan 31 2018 18:34:52
Hardware: V8.00
Hardware-Breakpoints: 2
Software-Breakpoints: 2048
Watchpoints:          0
Found 1 JTAG device, Total IRLen = 4:
 Id of device #0: 0x3F0F0F0F
ARM7 identified.
JTAG speed: 8000 kHz
Info: TotalIRLen = 4, IRPrint = 0x01
Info: TotalIRLen = 4, IRPrint = 0x01
Info: Core does not stop after Reset, setting WP to stop it.
JTAG speed: 1000 kHz
Erase Done.
Programming Done.
Verify OK.
Build target 'Target 1'
compiling AttitudeEstimator.c...
Modules\AttitudeEstimator.c(393): error:  #75: operand of "*" must be a pointer
Modules\AttitudeEstimator.c:    Df[2] =(Df[2]<<*DSCRT)*norm;
Modules\AttitudeEstimator.c:                    ^
Modules\AttitudeEstimator.c: Modules\AttitudeEstimator.c: 0 warnings, 1 error
Target not created
Build target 'Target 1'
compiling AttitudeEstimator.c...
linking...
Program Size: Code=62068 RO-data=948 RW-data=768 ZI-data=10552  
FromELF: creating hex file...
".\Outputs\my.axf" - 0 Error(s), 0 Warning(s).
Build target 'Target 1'
compiling commons.c...
compiling timer.c...
compiling main.c...
compiling test_cpp.cpp...
compiling ADC.c...
compiling GPS.c...
compiling PIO.c...
compiling PIT.c...
compiling PWM.c...
compiling SPI.c...
compiling TWI.c...
compiling USB.c...
compiling XBee.c...
assembling SAM7.s...
compiling AttitudeEstimator.c...
compiling Controls.c...
compiling Filter.c...
compiling IMU.c...
compiling MotorMixer.c...
compiling PositionEstimator.c...
compiling RadioController.c...
compiling EEPROM.c...
compiling HMC5883.c...
compiling MPU6000_SPI.c...
compiling MS5611_SPI.c...
linking...
Program Size: Code=62068 RO-data=948 RW-data=768 ZI-data=10552  
FromELF: creating hex file...
".\Outputs\my.axf" - 0 Error(s), 0 Warning(s).
Build target 'Target 1'
compiling AttitudeEstimator.c...
linking...
Program Size: Code=62068 RO-data=948 RW-data=768 ZI-data=10552  
FromELF: creating hex file...
".\Outputs\my.axf" - 0 Error(s), 0 Warning(s).
Load "E:\\yExin\\实验室\\我研究过的\\IWantToFly\\forGit\\Fly\\Outputs\\my.AXF" 
VTarget = 3.274V
Info: TotalIRLen = 4, IRPrint = 0x01
Info: TotalIRLen = 4, IRPrint = 0x01
Info: RTCK seems to be bridged with TCK
Info: Auto JTAG speed: 8000 kHz
Info: Core does not stop after Reset, setting WP to stop it.
DLL version V4.15n, compiled Jun 18 2010 19:55:09
Firmware: J-Link ARM V8 compiled Jan 31 2018 18:34:52
Hardware: V8.00
Hardware-Breakpoints: 2
Software-Breakpoints: 2048
Watchpoints:          0
Found 1 JTAG device, Total IRLen = 4:
 Id of device #0: 0x3F0F0F0F
ARM7 identified.
JTAG speed: 8000 kHz
Info: TotalIRLen = 4, IRPrint = 0x01
Info: TotalIRLen = 4, IRPrint = 0x01
Info: Core does not stop after Reset, setting WP to stop it.
JTAG speed: 1000 kHz
Erase Done.
Programming Done.
Verify OK.
Build target 'Target 1'
compiling commons.c...
compiling timer.c...
compiling main.c...
compiling test_cpp.cpp...
compiling ADC.c...
compiling GPS.c...
compiling PIO.c...
compiling PIT.c...
compiling PWM.c...
compiling SPI.c...
compiling TWI.c...
compiling USB.c...
compiling XBee.c...
assembling SAM7.s...
compiling AttitudeEstimator.c...
compiling Controls.c...
compiling Filter.c...
compiling IMU.c...
compiling MotorMixer.c...
compiling PositionEstimator.c...
compiling RadioController.c...
compiling EEPROM.c...
compiling HMC5883.c...
compiling MPU6000_SPI.c...
compiling MS5611_SPI.c...
linking...
Program Size: Code=62068 RO-data=948 RW-data=768 ZI-data=10552  
FromELF: creating hex file...
".\Outputs\my.axf" - 0 Error(s), 0 Warning(s).
Load "E:\\yExin\\实验室\\我研究过的\\IWantToFly\\forGit\\Fly\\Outputs\\my.AXF" 
VTarget = 3.274V
Info: TotalIRLen = 4, IRPrint = 0x01
Info: TotalIRLen = 4, IRPrint = 0x01
Info: RTCK seems to be bridged with TCK
Info: Auto JTAG speed: 8000 kHz
Info: Core does not stop after Reset, setting WP to stop it.
DLL version V4.15n, compiled Jun 18 2010 19:55:09
Firmware: J-Link ARM V8 compiled Jan 31 2018 18:34:52
Hardware: V8.00
Hardware-Breakpoints: 2
Software-Breakpoints: 2048
Watchpoints:          0
Found 1 JTAG device, Total IRLen = 4:
 Id of device #0: 0x3F0F0F0F
ARM7 identified.
JTAG speed: 8000 kHz
Info: TotalIRLen = 4, IRPrint = 0x01
Info: TotalIRLen = 4, IRPrint = 0x01
Info: Core does not stop after Reset, setting WP to stop it.
JTAG speed: 1000 kHz
Erase Done.
Programming Done.
Verify OK.
Build target 'Target 1'
compiling commons.c...
compiling timer.c...
compiling main.c...
compiling test_cpp.cpp...
compiling ADC.c...
compiling GPS.c...
compiling PIO.c...
compiling PIT.c...
compiling PWM.c...
compiling SPI.c...
compiling TWI.c...
compiling USB.c...
compiling XBee.c...
assembling SAM7.s...
compiling AttitudeEstimator.c...
compiling Controls.c...
compiling Filter.c...
compiling IMU.c...
compiling MotorMixer.c...
compiling PositionEstimator.c...
compiling RadioController.c...
compiling EEPROM.c...
compiling HMC5883.c...
compiling MPU6000_SPI.c...
compiling MS5611_SPI.c...
linking...
Program Size: Code=62068 RO-data=948 RW-data=768 ZI-data=10552  
FromELF: creating hex file...
".\Outputs\my.axf" - 0 Error(s), 0 Warning(s).
Load "E:\\yExin\\实验室\\我研究过的\\IWantToFly\\forGit\\Fly\\Outputs\\my.AXF" 
VTarget = 3.274V
Info: TotalIRLen = 4, IRPrint = 0x01
Info: TotalIRLen = 4, IRPrint = 0x01
Info: RTCK seems to be bridged with TCK
Info: Auto JTAG speed: 8000 kHz
Info: Core does not stop after Reset, setting WP to stop it.
DLL version V4.15n, compiled Jun 18 2010 19:55:09
Firmware: J-Link ARM V8 compiled Jan 31 2018 18:34:52
Hardware: V8.00
Hardware-Breakpoints: 2
Software-Breakpoints: 2048
Watchpoints:          0
Found 1 JTAG device, Total IRLen = 4:
 Id of device #0: 0x3F0F0F0F
ARM7 identified.
JTAG speed: 8000 kHz
Info: TotalIRLen = 4, IRPrint = 0x01
Info: TotalIRLen = 4, IRPrint = 0x01
Info: Core does not stop after Reset, setting WP to stop it.
JTAG speed: 1000 kHz
Erase Done.
Programming Done.
Verify OK.
Build target 'Target 1'
compiling commons.c...
compiling timer.c...
compiling main.c...
compiling test_cpp.cpp...
compiling ADC.c...
compiling GPS.c...
compiling PIO.c...
compiling PIT.c...
compiling PWM.c...
compiling SPI.c...
compiling TWI.c...
compiling USB.c...
compiling XBee.c...
assembling SAM7.s...
compiling AttitudeEstimator.c...
compiling Controls.c...
compiling Filter.c...
compiling IMU.c...
compiling MotorMixer.c...
compiling PositionEstimator.c...
compiling RadioController.c...
compiling EEPROM.c...
compiling HMC5883.c...
compiling MPU6000_SPI.c...
compiling MS5611_SPI.c...
linking...
Program Size: Code=62068 RO-data=948 RW-data=768 ZI-data=10552  
FromELF: creating hex file...
".\Outputs\my.axf" - 0 Error(s), 0 Warning(s).
Load "E:\\yExin\\实验室\\我研究过的\\IWantToFly\\forGit\\Fly\\Outputs\\my.AXF" 
VTarget = 3.274V
Info: TotalIRLen = 4, IRPrint = 0x01
Info: TotalIRLen = 4, IRPrint = 0x01
Info: RTCK seems to be bridged with TCK
Info: Auto JTAG speed: 8000 kHz
Info: Core does not stop after Reset, setting WP to stop it.
DLL version V4.15n, compiled Jun 18 2010 19:55:09
Firmware: J-Link ARM V8 compiled Jan 31 2018 18:34:52
Hardware: V8.00
Hardware-Breakpoints: 2
Software-Breakpoints: 2048
Watchpoints:          0
Found 1 JTAG device, Total IRLen = 4:
 Id of device #0: 0x3F0F0F0F
ARM7 identified.
JTAG speed: 8000 kHz
Info: TotalIRLen = 4, IRPrint = 0x01
Info: TotalIRLen = 4, IRPrint = 0x01
Info: Core does not stop after Reset, setting WP to stop it.
JTAG speed: 1000 kHz
Erase Done.
Programming Done.
Verify OK.
Build target 'Target 1'
compiling commons.c...
compiling timer.c...
compiling main.c...
compiling test_cpp.cpp...
compiling ADC.c...
compiling GPS.c...
compiling PIO.c...
compiling PIT.c...
compiling PWM.c...
compiling SPI.c...
compiling TWI.c...
compiling USB.c...
compiling XBee.c...
assembling SAM7.s...
compiling AttitudeEstimator.c...
compiling Controls.c...
compiling Filter.c...
compiling IMU.c...
compiling MotorMixer.c...
compiling PositionEstimator.c...
compiling RadioController.c...
compiling EEPROM.c...
compiling HMC5883.c...
compiling MPU6000_SPI.c...
compiling MS5611_SPI.c...
linking...
Program Size: Code=62068 RO-data=948 RW-data=768 ZI-data=10552  
FromELF: creating hex file...
".\Outputs\my.axf" - 0 Error(s), 0 Warning(s).
Load "E:\\yExin\\实验室\\我研究过的\\IWantToFly\\forGit\\Fly\\Outputs\\my.AXF" 
VTarget = 3.274V
Info: TotalIRLen = 4, IRPrint = 0x01
Info: TotalIRLen = 4, IRPrint = 0x01
Info: RTCK seems to be bridged with TCK
Info: Auto JTAG speed: 8000 kHz
Info: Core does not stop after Reset, setting WP to stop it.
DLL version V4.15n, compiled Jun 18 2010 19:55:09
Firmware: J-Link ARM V8 compiled Jan 31 2018 18:34:52
Hardware: V8.00
Hardware-Breakpoints: 2
Software-Breakpoints: 2048
Watchpoints:          0
Found 1 JTAG device, Total IRLen = 4:
 Id of device #0: 0x3F0F0F0F
ARM7 identified.
JTAG speed: 8000 kHz
Info: TotalIRLen = 4, IRPrint = 0x01
Info: TotalIRLen = 4, IRPrint = 0x01
Info: Core does not stop after Reset, setting WP to stop it.
JTAG speed: 1000 kHz
Erase Done.
Programming Done.
Verify OK.
Build target 'Target 1'
compiling AttitudeEstimator.c...
linking...
Program Size: Code=62064 RO-data=952 RW-data=768 ZI-data=10552  
FromELF: creating hex file...
".\Outputs\my.axf" - 0 Error(s), 0 Warning(s).
Load "E:\\yExin\\实验室\\我研究过的\\IWantToFly\\forGit\\Fly\\Outputs\\my.AXF" 
VTarget = 3.274V
Info: TotalIRLen = 4, IRPrint = 0x01
Info: TotalIRLen = 4, IRPrint = 0x01
Info: RTCK seems to be bridged with TCK
Info: Auto JTAG speed: 8000 kHz
Info: Core does not stop after Reset, setting WP to stop it.
DLL version V4.15n, compiled Jun 18 2010 19:55:09
Firmware: J-Link ARM V8 compiled Jan 31 2018 18:34:52
Hardware: V8.00
Hardware-Breakpoints: 2
Software-Breakpoints: 2048
Watchpoints:          0
Found 1 JTAG device, Total IRLen = 4:
 Id of device #0: 0x3F0F0F0F
ARM7 identified.
JTAG speed: 8000 kHz
Info: TotalIRLen = 4, IRPrint = 0x01
Info: TotalIRLen = 4, IRPrint = 0x01
Info: Core does not stop after Reset, setting WP to stop it.
JTAG speed: 1000 kHz
Erase Done.
Programming Done.
Verify OK.
Build target 'Target 1'
compiling AttitudeEstimator.c...
linking...
Program Size: Code=62116 RO-data=948 RW-data=768 ZI-data=10552  
FromELF: creating hex file...
".\Outputs\my.axf" - 0 Error(s), 0 Warning(s).
Build target 'Target 1'
compiling AttitudeEstimator.c...
linking...
Program Size: Code=62208 RO-data=952 RW-data=768 ZI-data=10552  
FromELF: creating hex file...
".\Outputs\my.axf" - 0 Error(s), 0 Warning(s).
Build target 'Target 1'
compiling AttitudeEstimator.c...
linking...
Program Size: Code=62256 RO-data=952 RW-data=768 ZI-data=10552  
FromELF: creating hex file...
".\Outputs\my.axf" - 0 Error(s), 0 Warning(s).
Build target 'Target 1'
compiling commons.c...
compiling timer.c...
compiling main.c...
compiling test_cpp.cpp...
compiling ADC.c...
compiling GPS.c...
compiling PIO.c...
compiling PIT.c...
compiling PWM.c...
compiling SPI.c...
compiling TWI.c...
compiling USB.c...
compiling XBee.c...
assembling SAM7.s...
compiling AttitudeEstimator.c...
compiling Controls.c...
compiling Filter.c...
compiling IMU.c...
compiling MotorMixer.c...
compiling PositionEstimator.c...
compiling RadioController.c...
compiling EEPROM.c...
compiling HMC5883.c...
compiling MPU6000_SPI.c...
compiling MS5611_SPI.c...
linking...
Program Size: Code=62256 RO-data=952 RW-data=768 ZI-data=10552  
FromELF: creating hex file...
".\Outputs\my.axf" - 0 Error(s), 0 Warning(s).
Load "E:\\yExin\\实验室\\我研究过的\\IWantToFly\\forGit\\Fly\\Outputs\\my.AXF" 
VTarget = 3.274V
Info: TotalIRLen = 4, IRPrint = 0x01
Info: TotalIRLen = 4, IRPrint = 0x01
Info: RTCK seems to be bridged with TCK
Info: Auto JTAG speed: 8000 kHz
Info: Core does not stop after Reset, setting WP to stop it.
DLL version V4.15n, compiled Jun 18 2010 19:55:09
Firmware: J-Link ARM V8 compiled Jan 31 2018 18:34:52
Hardware: V8.00
Hardware-Breakpoints: 2
Software-Breakpoints: 2048
Watchpoints:          0
Found 1 JTAG device, Total IRLen = 4:
 Id of device #0: 0x3F0F0F0F
ARM7 identified.
JTAG speed: 8000 kHz
Info: TotalIRLen = 4, IRPrint = 0x01
Info: TotalIRLen = 4, IRPrint = 0x01
Info: Core does not stop after Reset, setting WP to stop it.
JTAG speed: 1000 kHz
Erase Done.
Programming Done.
Verify OK.
Build target 'Target 1'
compiling PositionEstimator.c...
linking...
Program Size: Code=62252 RO-data=948 RW-data=768 ZI-data=10552  
FromELF: creating hex file...
".\Outputs\my.axf" - 0 Error(s), 0 Warning(s).
Build target 'Target 1'
compiling AttitudeEstimator.c...
linking...
Program Size: Code=62252 RO-data=948 RW-data=768 ZI-data=10552  
FromELF: creating hex file...
".\Outputs\my.axf" - 0 Error(s), 0 Warning(s).
Build target 'Target 1'
compiling AttitudeEstimator.c...
linking...
Program Size: Code=62212 RO-data=948 RW-data=768 ZI-data=10552  
FromELF: creating hex file...
".\Outputs\my.axf" - 0 Error(s), 0 Warning(s).
Build target 'Target 1'
compiling commons.c...
compiling timer.c...
compiling main.c...
compiling test_cpp.cpp...
compiling ADC.c...
compiling GPS.c...
compiling PIO.c...
compiling PIT.c...
compiling PWM.c...
compiling SPI.c...
compiling TWI.c...
compiling USB.c...
compiling XBee.c...
assembling SAM7.s...
compiling AttitudeEstimator.c...
compiling Controls.c...
compiling Filter.c...
compiling IMU.c...
compiling MotorMixer.c...
compiling PositionEstimator.c...
compiling RadioController.c...
compiling EEPROM.c...
compiling HMC5883.c...
compiling MPU6000_SPI.c...
compiling MS5611_SPI.c...
linking...
Program Size: Code=62212 RO-data=948 RW-data=768 ZI-data=10552  
FromELF: creating hex file...
".\Outputs\my.axf" - 0 Error(s), 0 Warning(s).
Load "E:\\yExin\\实验室\\我研究过的\\IWantToFly\\forGit\\Fly\\Outputs\\my.AXF" 
VTarget = 3.274V
Info: TotalIRLen = 4, IRPrint = 0x01
Info: TotalIRLen = 4, IRPrint = 0x01
Info: RTCK seems to be bridged with TCK
Info: Auto JTAG speed: 8000 kHz
Info: Core does not stop after Reset, setting WP to stop it.
DLL version V4.15n, compiled Jun 18 2010 19:55:09
Firmware: J-Link ARM V8 compiled Jan 31 2018 18:34:52
Hardware: V8.00
Hardware-Breakpoints: 2
Software-Breakpoints: 2048
Watchpoints:          0
Found 1 JTAG device, Total IRLen = 4:
 Id of device #0: 0x3F0F0F0F
ARM7 identified.
JTAG speed: 8000 kHz
Info: TotalIRLen = 4, IRPrint = 0x01
Info: TotalIRLen = 4, IRPrint = 0x01
Info: Core does not stop after Reset, setting WP to stop it.
JTAG speed: 1000 kHz
Erase Done.
Programming Done.
Verify OK.
Build target 'Target 1'
compiling commons.c...
compiling timer.c...
compiling main.c...
compiling test_cpp.cpp...
compiling ADC.c...
compiling GPS.c...
compiling PIO.c...
compiling PIT.c...
compiling PWM.c...
compiling SPI.c...
compiling TWI.c...
compiling USB.c...
compiling XBee.c...
assembling SAM7.s...
compiling AttitudeEstimator.c...
compiling Controls.c...
compiling Filter.c...
compiling IMU.c...
compiling MotorMixer.c...
compiling PositionEstimator.c...
compiling RadioController.c...
compiling EEPROM.c...
compiling HMC5883.c...
compiling MPU6000_SPI.c...
compiling MS5611_SPI.c...
linking...
Program Size: Code=62220 RO-data=948 RW-data=768 ZI-data=10552  
FromELF: creating hex file...
".\Outputs\my.axf" - 0 Error(s), 0 Warning(s).
Load "E:\\yExin\\实验室\\我研究过的\\IWantToFly\\forGit\\Fly\\Outputs\\my.AXF" 
VTarget = 3.274V
Info: TotalIRLen = 4, IRPrint = 0x01
Info: TotalIRLen = 4, IRPrint = 0x01
Info: RTCK seems to be bridged with TCK
Info: Auto JTAG speed: 8000 kHz
Info: Core does not stop after Reset, setting WP to stop it.
DLL version V4.15n, compiled Jun 18 2010 19:55:09
Firmware: J-Link ARM V8 compiled Jan 31 2018 18:34:52
Hardware: V8.00
Hardware-Breakpoints: 2
Software-Breakpoints: 2048
Watchpoints:          0
Found 1 JTAG device, Total IRLen = 4:
 Id of device #0: 0x3F0F0F0F
ARM7 identified.
JTAG speed: 8000 kHz
Info: TotalIRLen = 4, IRPrint = 0x01
Info: TotalIRLen = 4, IRPrint = 0x01
Info: Core does not stop after Reset, setting WP to stop it.
JTAG speed: 1000 kHz
Erase Done.
Programming Done.
Verify OK.
Build target 'Target 1'
compiling PositionEstimator.c...
linking...
Program Size: Code=62216 RO-data=952 RW-data=768 ZI-data=10552  
FromELF: creating hex file...
".\Outputs\my.axf" - 0 Error(s), 0 Warning(s).
Load "E:\\yExin\\实验室\\我研究过的\\IWantToFly\\forGit\\Fly\\Outputs\\my.AXF" 
VTarget = 3.274V
Info: TotalIRLen = 4, IRPrint = 0x01
Info: TotalIRLen = 4, IRPrint = 0x01
Info: RTCK seems to be bridged with TCK
Info: Auto JTAG speed: 8000 kHz
Info: Core does not stop after Reset, setting WP to stop it.
DLL version V4.15n, compiled Jun 18 2010 19:55:09
Firmware: J-Link ARM V8 compiled Jan 31 2018 18:34:52
Hardware: V8.00
Hardware-Breakpoints: 2
Software-Breakpoints: 2048
Watchpoints:          0
Found 1 JTAG device, Total IRLen = 4:
 Id of device #0: 0x3F0F0F0F
ARM7 identified.
JTAG speed: 8000 kHz
Info: TotalIRLen = 4, IRPrint = 0x01
Info: TotalIRLen = 4, IRPrint = 0x01
Info: Core does not stop after Reset, setting WP to stop it.
JTAG speed: 1000 kHz
Erase Done.
Programming Done.
Verify OK.
Build target 'Target 1'
compiling AttitudeEstimator.c...
linking...
Program Size: Code=62216 RO-data=952 RW-data=768 ZI-data=10552  
FromELF: creating hex file...
".\Outputs\my.axf" - 0 Error(s), 0 Warning(s).
Load "E:\\yExin\\实验室\\我研究过的\\IWantToFly\\forGit\\Fly\\Outputs\\my.AXF" 
VTarget = 3.274V
Info: TotalIRLen = 4, IRPrint = 0x01
Info: TotalIRLen = 4, IRPrint = 0x01
Info: RTCK seems to be bridged with TCK
Info: Auto JTAG speed: 8000 kHz
Info: Core does not stop after Reset, setting WP to stop it.
DLL version V4.15n, compiled Jun 18 2010 19:55:09
Firmware: J-Link ARM V8 compiled Jan 31 2018 18:34:52
Hardware: V8.00
Hardware-Breakpoints: 2
Software-Breakpoints: 2048
Watchpoints:          0
Found 1 JTAG device, Total IRLen = 4:
 Id of device #0: 0x3F0F0F0F
ARM7 identified.
JTAG speed: 8000 kHz
Info: TotalIRLen = 4, IRPrint = 0x01
Info: TotalIRLen = 4, IRPrint = 0x01
Info: Core does not stop after Reset, setting WP to stop it.
JTAG speed: 1000 kHz
Erase Done.
Programming Done.
Verify OK.
Build target 'Target 1'
compiling commons.c...
compiling timer.c...
compiling main.c...
compiling test_cpp.cpp...
compiling ADC.c...
compiling GPS.c...
compiling PIO.c...
compiling PIT.c...
compiling PWM.c...
compiling SPI.c...
compiling TWI.c...
compiling USB.c...
compiling XBee.c...
assembling SAM7.s...
compiling AttitudeEstimator.c...
compiling Controls.c...
compiling Filter.c...
compiling IMU.c...
compiling MotorMixer.c...
compiling PositionEstimator.c...
compiling RadioController.c...
compiling EEPROM.c...
compiling HMC5883.c...
compiling MPU6000_SPI.c...
compiling MS5611_SPI.c...
linking...
Program Size: Code=62220 RO-data=948 RW-data=768 ZI-data=10552  
FromELF: creating hex file...
".\Outputs\my.axf" - 0 Error(s), 0 Warning(s).
Load "E:\\yExin\\实验室\\我研究过的\\IWantToFly\\forGit\\Fly\\Outputs\\my.AXF" 
VTarget = 3.274V
Info: TotalIRLen = 4, IRPrint = 0x01
Info: TotalIRLen = 4, IRPrint = 0x01
Info: RTCK seems to be bridged with TCK
Info: Auto JTAG speed: 8000 kHz
Info: Core does not stop after Reset, setting WP to stop it.
DLL version V4.15n, compiled Jun 18 2010 19:55:09
Firmware: J-Link ARM V8 compiled Jan 31 2018 18:34:52
Hardware: V8.00
Hardware-Breakpoints: 2
Software-Breakpoints: 2048
Watchpoints:          0
Found 1 JTAG device, Total IRLen = 4:
 Id of device #0: 0x3F0F0F0F
ARM7 identified.
JTAG speed: 8000 kHz
Info: TotalIRLen = 4, IRPrint = 0x01
Info: TotalIRLen = 4, IRPrint = 0x01
Info: Core does not stop after Reset, setting WP to stop it.
JTAG speed: 1000 kHz
Erase Done.
Programming Done.
Verify OK.
Build target 'Target 1'
compiling commons.c...
compiling timer.c...
compiling main.c...
compiling test_cpp.cpp...
compiling ADC.c...
compiling GPS.c...
compiling PIO.c...
compiling PIT.c...
compiling PWM.c...
compiling SPI.c...
compiling TWI.c...
compiling USB.c...
compiling XBee.c...
assembling SAM7.s...
compiling AttitudeEstimator.c...
compiling Controls.c...
compiling Filter.c...
compiling IMU.c...
compiling MotorMixer.c...
compiling PositionEstimator.c...
compiling RadioController.c...
compiling EEPROM.c...
compiling HMC5883.c...
compiling MPU6000_SPI.c...
compiling MS5611_SPI.c...
linking...
Program Size: Code=62220 RO-data=948 RW-data=768 ZI-data=10552  
FromELF: creating hex file...
".\Outputs\my.axf" - 0 Error(s), 0 Warning(s).
Load "E:\\yExin\\实验室\\我研究过的\\IWantToFly\\forGit\\Fly\\Outputs\\my.AXF" 
VTarget = 3.274V
Info: TotalIRLen = 4, IRPrint = 0x01
Info: TotalIRLen = 4, IRPrint = 0x01
Info: RTCK seems to be bridged with TCK
Info: Auto JTAG speed: 8000 kHz
Info: Core does not stop after Reset, setting WP to stop it.
DLL version V4.15n, compiled Jun 18 2010 19:55:09
Firmware: J-Link ARM V8 compiled Jan 31 2018 18:34:52
Hardware: V8.00
Hardware-Breakpoints: 2
Software-Breakpoints: 2048
Watchpoints:          0
Found 1 JTAG device, Total IRLen = 4:
 Id of device #0: 0x3F0F0F0F
ARM7 identified.
JTAG speed: 8000 kHz
Info: TotalIRLen = 4, IRPrint = 0x01
Info: TotalIRLen = 4, IRPrint = 0x01
Info: Core does not stop after Reset, setting WP to stop it.
JTAG speed: 1000 kHz
Erase Done.
Programming Done.
Verify OK.
Build target 'Target 1'
compiling PositionEstimator.c...
linking...
Program Size: Code=62220 RO-data=948 RW-data=768 ZI-data=10552  
FromELF: creating hex file...
".\Outputs\my.axf" - 0 Error(s), 0 Warning(s).
Build target 'Target 1'
compiling PositionEstimator.c...
linking...
Program Size: Code=62220 RO-data=948 RW-data=768 ZI-data=10552  
FromELF: creating hex file...
".\Outputs\my.axf" - 0 Error(s), 0 Warning(s).
Build target 'Target 1'
compiling PositionEstimator.c...
linking...
Program Size: Code=62220 RO-data=948 RW-data=768 ZI-data=10552  
FromELF: creating hex file...
".\Outputs\my.axf" - 0 Error(s), 0 Warning(s).
