<html>
<body>
<pre>
<h1>礦ision Build Log</h1>
<h2>Project:</h2>
E:\yExin\实验室\我研究过的\IWantToFly\forGit\FlyHe\my.uvproj
Project File Date:  04/21/2016

<h2>Output:</h2>
Build target 'Target 1'
compiling SPI.c...
linking...
Program Size: Code=61920 RO-data=952 RW-data=792 ZI-data=10680  
FromELF: creating hex file...
".\Outputs\my.axf" - 0 Error(s), 0 Warning(s).
Build target 'Target 1'
compiling SPI.c...
linking...
Program Size: Code=62368 RO-data=952 RW-data=792 ZI-data=10712  
FromELF: creating hex file...
".\Outputs\my.axf" - 0 Error(s), 0 Warning(s).
Build target 'Target 1'
compiling IMU.c...
Modules\IMU.c(123): error:  #147-D: declaration is incompatible with "void acc_lowpass_biascorr(short, short, short)" (declared at line 8 of "Modules\IMU.h")
Modules\IMU.c:   void acc_lowpass_biascorr(short ax, short ay, short az, unsigned char store)
Modules\IMU.c:        ^
Modules\IMU.c: Modules\IMU.c: 0 warnings, 1 error
Target not created
Build target 'Target 1'
compiling main.c...
compiling SPI.c...
Drivers\SPI.c(197): error:  #165: too few arguments in function call
Drivers\SPI.c:                  acc_lowpass_biascorr(((short)xH<<8)|(short)xL, ((short)yH<<8)|(short)yL, ((short)zH<<8)|(short)zL);
Drivers\SPI.c:                                                                                                                   ^
Drivers\SPI.c(214): error:  #165: too few arguments in function call
Drivers\SPI.c:                  acc_lowpass_biascorr(((short)xH<<8)|(short)xL, ((short)yH<<8)|(short)yL, ((short)zH<<8)|(short)zL);
Drivers\SPI.c:                                                                                                                   ^
Drivers\SPI.c(230): error:  #165: too few arguments in function call
Drivers\SPI.c:                  acc_lowpass_biascorr(((short)xH<<8)|(short)xL, ((short)yH<<8)|(short)yL, ((short)zH<<8)|(short)zL);
Drivers\SPI.c:                                                                                                                   ^
Drivers\SPI.c(247): error:  #165: too few arguments in function call
Drivers\SPI.c:                  acc_lowpass_biascorr(((short)xH<<8)|(short)xL, ((short)yH<<8)|(short)yL, ((short)zH<<8)|(short)zL);
Drivers\SPI.c:                                                                                                                   ^
Drivers\SPI.c(281): error:  #165: too few arguments in function call
Drivers\SPI.c:                  acc_lowpass_biascorr(((short)xH<<8)|(short)xL, ((short)yH<<8)|(short)yL, ((short)zH<<8)|(short)zL);
Drivers\SPI.c:                                                                                                                   ^
Drivers\SPI.c: Drivers\SPI.c: 0 warnings, 5 errors
compiling TWI.c...
compiling AttitudeEstimator.c...
compiling IMU.c...
Target not created
Build target 'Target 1'
compiling SPI.c...
Drivers\SPI.c(281): error:  #165: too few arguments in function call
Drivers\SPI.c:                  acc_lowpass_biascorr(((short)xH<<8)|(short)xL, ((short)yH<<8)|(short)yL, ((short)zH<<8)|(short)zL);
Drivers\SPI.c:                                                                                                                   ^
Drivers\SPI.c: Drivers\SPI.c: 0 warnings, 1 error
Target not created
Build target 'Target 1'
compiling SPI.c...
linking...
Program Size: Code=62488 RO-data=952 RW-data=800 ZI-data=10712  
FromELF: creating hex file...
".\Outputs\my.axf" - 0 Error(s), 0 Warning(s).
Build target 'Target 1'
compiling commons.c...
compiling timer.c...
compiling main.c...
compiling test_cpp.cpp...
compiling ADC.c...
compiling GPS.c...
compiling PIO.c...
compiling PIT.c...
compiling PWM.c...
compiling SPI.c...
compiling TWI.c...
compiling USB.c...
compiling XBee.c...
assembling SAM7.s...
compiling AttitudeEstimator.c...
compiling Controls.c...
compiling Filter.c...
compiling IMU.c...
compiling MotorMixer.c...
compiling PositionEstimator.c...
compiling RadioController.c...
compiling EEPROM.c...
compiling HMC5883.c...
compiling MPU6000_SPI.c...
compiling MS5611_SPI.c...
compiling PCA9685.c...
linking...
Program Size: Code=62488 RO-data=952 RW-data=800 ZI-data=10712  
FromELF: creating hex file...
".\Outputs\my.axf" - 0 Error(s), 0 Warning(s).
Build target 'Target 1'
compiling main.c...
linking...
Program Size: Code=62488 RO-data=952 RW-data=800 ZI-data=10712  
FromELF: creating hex file...
".\Outputs\my.axf" - 0 Error(s), 0 Warning(s).
Build target 'Target 1'
compiling main.c...
Main\main.c(96): error:  #136: struct "_baro" has no field "gx"
Main\main.c:            data2[3]=baro.gx;
Main\main.c:                          ^
Main\main.c: Main\main.c: 0 warnings, 1 error
Target not created
Build target 'Target 1'
compiling main.c...
linking...
Program Size: Code=62496 RO-data=952 RW-data=800 ZI-data=10712  
FromELF: creating hex file...
".\Outputs\my.axf" - 0 Error(s), 0 Warning(s).
Build target 'Target 1'
compiling commons.c...
compiling timer.c...
compiling main.c...
compiling test_cpp.cpp...
compiling ADC.c...
compiling GPS.c...
compiling PIO.c...
compiling PIT.c...
compiling PWM.c...
compiling SPI.c...
compiling TWI.c...
compiling USB.c...
compiling XBee.c...
assembling SAM7.s...
compiling AttitudeEstimator.c...
compiling Controls.c...
compiling Filter.c...
compiling IMU.c...
compiling MotorMixer.c...
compiling PositionEstimator.c...
compiling RadioController.c...
compiling EEPROM.c...
compiling HMC5883.c...
compiling MPU6000_SPI.c...
compiling MS5611_SPI.c...
compiling PCA9685.c...
linking...
Program Size: Code=62496 RO-data=952 RW-data=800 ZI-data=10712  
FromELF: creating hex file...
".\Outputs\my.axf" - 0 Error(s), 0 Warning(s).
Load "E:\\yExin\\实验室\\我研究过的\\IWantToFly\\forGit\\FlyHe\\Outputs\\my.AXF" 
VTarget = 3.274V
Info: TotalIRLen = 4, IRPrint = 0x01
Info: TotalIRLen = 4, IRPrint = 0x01
Info: RTCK seems to be bridged with TCK
Info: Auto JTAG speed: 8000 kHz
Info: Core does not stop after Reset, setting WP to stop it.
DLL version V4.15n, compiled Jun 18 2010 19:55:09
Firmware: J-Link ARM V8 compiled Jan 31 2018 18:34:52
Hardware: V8.00
Hardware-Breakpoints: 2
Software-Breakpoints: 2048
Watchpoints:          0
Found 1 JTAG device, Total IRLen = 4:
 Id of device #0: 0x3F0F0F0F
ARM7 identified.
JTAG speed: 8000 kHz
Info: TotalIRLen = 4, IRPrint = 0x01
Info: TotalIRLen = 4, IRPrint = 0x01
Info: Core does not stop after Reset, setting WP to stop it.
JTAG speed: 1000 kHz
Erase Done.
Programming Done.
Verify OK.
Build target 'Target 1'
compiling main.c...
Main\main.c(407): warning:  #550-D: variable "g_store" was set but never used
Main\main.c:    static short g_store[20],a_store[20];
Main\main.c:                 ^
Main\main.c(407): warning:  #550-D: variable "a_store" was set but never used
Main\main.c:    static short g_store[20],a_store[20];
Main\main.c:                             ^
Main\main.c: Main\main.c: 2 warnings, 0 errors
linking...
Program Size: Code=62616 RO-data=952 RW-data=808 ZI-data=10792  
FromELF: creating hex file...
".\Outputs\my.axf" - 0 Error(s), 2 Warning(s).
Load "E:\\yExin\\实验室\\我研究过的\\IWantToFly\\forGit\\FlyHe\\Outputs\\my.AXF" 
VTarget = 3.274V
Info: TotalIRLen = 4, IRPrint = 0x01
Info: TotalIRLen = 4, IRPrint = 0x01
Info: RTCK seems to be bridged with TCK
Info: Auto JTAG speed: 8000 kHz
Info: Core does not stop after Reset, setting WP to stop it.
DLL version V4.15n, compiled Jun 18 2010 19:55:09
Firmware: J-Link ARM V8 compiled Jan 31 2018 18:34:52
Hardware: V8.00
Hardware-Breakpoints: 2
Software-Breakpoints: 2048
Watchpoints:          0
Found 1 JTAG device, Total IRLen = 4:
 Id of device #0: 0x3F0F0F0F
ARM7 identified.
JTAG speed: 8000 kHz
Info: TotalIRLen = 4, IRPrint = 0x01
Info: TotalIRLen = 4, IRPrint = 0x01
Info: Core does not stop after Reset, setting WP to stop it.
JTAG speed: 1000 kHz
Erase Done.
Programming Done.
Verify OK.
Build target 'Target 1'
compiling main.c...
Main\main.c(407): warning:  #550-D: variable "g_store" was set but never used
Main\main.c:    static short g_store[20],a_store[20];
Main\main.c:                 ^
Main\main.c(407): warning:  #550-D: variable "a_store" was set but never used
Main\main.c:    static short g_store[20],a_store[20];
Main\main.c:                             ^
Main\main.c: Main\main.c: 2 warnings, 0 errors
linking...
Program Size: Code=62616 RO-data=952 RW-data=808 ZI-data=10792  
FromELF: creating hex file...
".\Outputs\my.axf" - 0 Error(s), 2 Warning(s).
Load "E:\\yExin\\实验室\\我研究过的\\IWantToFly\\forGit\\FlyHe\\Outputs\\my.AXF" 
VTarget = 3.274V
Info: TotalIRLen = 4, IRPrint = 0x01
Info: TotalIRLen = 4, IRPrint = 0x01
Info: RTCK seems to be bridged with TCK
Info: Auto JTAG speed: 8000 kHz
Info: Core does not stop after Reset, setting WP to stop it.
DLL version V4.15n, compiled Jun 18 2010 19:55:09
Firmware: J-Link ARM V8 compiled Jan 31 2018 18:34:52
Hardware: V8.00
Hardware-Breakpoints: 2
Software-Breakpoints: 2048
Watchpoints:          0
Found 1 JTAG device, Total IRLen = 4:
 Id of device #0: 0x3F0F0F0F
ARM7 identified.
JTAG speed: 8000 kHz
Info: TotalIRLen = 4, IRPrint = 0x01
Info: TotalIRLen = 4, IRPrint = 0x01
Info: Core does not stop after Reset, setting WP to stop it.
JTAG speed: 1000 kHz
Erase Done.
Programming Done.
Verify OK.
Build target 'Target 1'
compiling IMU.c...
linking...
Program Size: Code=62400 RO-data=952 RW-data=808 ZI-data=10792  
FromELF: creating hex file...
".\Outputs\my.axf" - 0 Error(s), 0 Warning(s).
Load "E:\\yExin\\实验室\\我研究过的\\IWantToFly\\forGit\\FlyHe\\Outputs\\my.AXF" 
VTarget = 3.274V
Info: TotalIRLen = 4, IRPrint = 0x01
Info: TotalIRLen = 4, IRPrint = 0x01
Info: RTCK seems to be bridged with TCK
Info: Auto JTAG speed: 8000 kHz
Info: Core does not stop after Reset, setting WP to stop it.
DLL version V4.15n, compiled Jun 18 2010 19:55:09
Firmware: J-Link ARM V8 compiled Jan 31 2018 18:34:52
Hardware: V8.00
Hardware-Breakpoints: 2
Software-Breakpoints: 2048
Watchpoints:          0
Found 1 JTAG device, Total IRLen = 4:
 Id of device #0: 0x3F0F0F0F
ARM7 identified.
JTAG speed: 8000 kHz
Info: TotalIRLen = 4, IRPrint = 0x01
Info: TotalIRLen = 4, IRPrint = 0x01
Info: Core does not stop after Reset, setting WP to stop it.
JTAG speed: 1000 kHz
Erase Done.
Programming Done.
Verify OK.
Build target 'Target 1'
compiling main.c...
Main\main.c(407): warning:  #550-D: variable "g_store" was set but never used
Main\main.c:    static short g_store[20],a_store[20];
Main\main.c:                 ^
Main\main.c(407): warning:  #550-D: variable "a_store" was set but never used
Main\main.c:    static short g_store[20],a_store[20];
Main\main.c:                             ^
Main\main.c: Main\main.c: 2 warnings, 0 errors
linking...
Program Size: Code=62352 RO-data=952 RW-data=808 ZI-data=10792  
FromELF: creating hex file...
".\Outputs\my.axf" - 0 Error(s), 2 Warning(s).
Load "E:\\yExin\\实验室\\我研究过的\\IWantToFly\\forGit\\FlyHe\\Outputs\\my.AXF" 
VTarget = 3.274V
Info: TotalIRLen = 4, IRPrint = 0x01
Info: TotalIRLen = 4, IRPrint = 0x01
Info: RTCK seems to be bridged with TCK
Info: Auto JTAG speed: 8000 kHz
Info: Core does not stop after Reset, setting WP to stop it.
DLL version V4.15n, compiled Jun 18 2010 19:55:09
Firmware: J-Link ARM V8 compiled Jan 31 2018 18:34:52
Hardware: V8.00
Hardware-Breakpoints: 2
Software-Breakpoints: 2048
Watchpoints:          0
Found 1 JTAG device, Total IRLen = 4:
 Id of device #0: 0x3F0F0F0F
ARM7 identified.
JTAG speed: 8000 kHz
Info: TotalIRLen = 4, IRPrint = 0x01
Info: TotalIRLen = 4, IRPrint = 0x01
Info: Core does not stop after Reset, setting WP to stop it.
JTAG speed: 1000 kHz
Erase Done.
Programming Done.
Verify OK.
Build target 'Target 1'
compiling MPU6000_SPI.c...
linking...
Program Size: Code=62352 RO-data=952 RW-data=808 ZI-data=10792  
FromELF: creating hex file...
".\Outputs\my.axf" - 0 Error(s), 0 Warning(s).
Load "E:\\yExin\\实验室\\我研究过的\\IWantToFly\\forGit\\FlyHe\\Outputs\\my.AXF" 
VTarget = 3.274V
Info: TotalIRLen = 4, IRPrint = 0x01
Info: TotalIRLen = 4, IRPrint = 0x01
Info: RTCK seems to be bridged with TCK
Info: Auto JTAG speed: 8000 kHz
Info: Core does not stop after Reset, setting WP to stop it.
DLL version V4.15n, compiled Jun 18 2010 19:55:09
Firmware: J-Link ARM V8 compiled Jan 31 2018 18:34:52
Hardware: V8.00
Hardware-Breakpoints: 2
Software-Breakpoints: 2048
Watchpoints:          0
Found 1 JTAG device, Total IRLen = 4:
 Id of device #0: 0x3F0F0F0F
ARM7 identified.
JTAG speed: 8000 kHz
Info: TotalIRLen = 4, IRPrint = 0x01
Info: TotalIRLen = 4, IRPrint = 0x01
Info: Core does not stop after Reset, setting WP to stop it.
JTAG speed: 1000 kHz
Erase Done.
Programming Done.
Verify OK.
Build target 'Target 1'
compiling IMU.c...
linking...
Program Size: Code=62352 RO-data=952 RW-data=808 ZI-data=10792  
FromELF: creating hex file...
".\Outputs\my.axf" - 0 Error(s), 0 Warning(s).
Build target 'Target 1'
compiling commons.c...
compiling timer.c...
compiling main.c...
Main\main.c(407): warning:  #550-D: variable "g_store" was set but never used
Main\main.c:    static short g_store[20],a_store[20];
Main\main.c:                 ^
Main\main.c(407): warning:  #550-D: variable "a_store" was set but never used
Main\main.c:    static short g_store[20],a_store[20];
Main\main.c:                             ^
Main\main.c: Main\main.c: 2 warnings, 0 errors
compiling test_cpp.cpp...
compiling ADC.c...
compiling GPS.c...
compiling PIO.c...
compiling PIT.c...
compiling PWM.c...
compiling SPI.c...
compiling TWI.c...
compiling USB.c...
compiling XBee.c...
assembling SAM7.s...
compiling AttitudeEstimator.c...
compiling Controls.c...
compiling Filter.c...
compiling IMU.c...
compiling MotorMixer.c...
compiling PositionEstimator.c...
compiling RadioController.c...
compiling EEPROM.c...
compiling HMC5883.c...
compiling MPU6000_SPI.c...
compiling MS5611_SPI.c...
compiling PCA9685.c...
linking...
Program Size: Code=62352 RO-data=952 RW-data=808 ZI-data=10792  
FromELF: creating hex file...
".\Outputs\my.axf" - 0 Error(s), 2 Warning(s).
Build target 'Target 1'
compiling main.c...
compiling IMU.c...
linking...
Program Size: Code=62448 RO-data=952 RW-data=800 ZI-data=10712  
FromELF: creating hex file...
".\Outputs\my.axf" - 0 Error(s), 0 Warning(s).
Build target 'Target 1'
compiling commons.c...
compiling timer.c...
compiling main.c...
compiling test_cpp.cpp...
compiling ADC.c...
compiling GPS.c...
compiling PIO.c...
compiling PIT.c...
compiling PWM.c...
compiling SPI.c...
compiling TWI.c...
compiling USB.c...
compiling XBee.c...
assembling SAM7.s...
compiling AttitudeEstimator.c...
compiling Controls.c...
compiling Filter.c...
compiling IMU.c...
compiling MotorMixer.c...
compiling PositionEstimator.c...
compiling RadioController.c...
compiling EEPROM.c...
compiling HMC5883.c...
compiling MPU6000_SPI.c...
compiling MS5611_SPI.c...
compiling PCA9685.c...
linking...
Program Size: Code=62448 RO-data=952 RW-data=800 ZI-data=10712  
FromELF: creating hex file...
".\Outputs\my.axf" - 0 Error(s), 0 Warning(s).
